// Vitest Snapshot v1, https://vitest.dev/guide/snapshot.html

exports[`Zones.generate (FMG port, stage 35) > matches FROZEN golden values for world-42 > zones-golden 1`] = `
{
  "cellCounts": [
    17,
    11,
    22,
    13,
    19,
    1,
    90,
    49,
    41,
    10,
    11,
    14,
    4,
    18,
  ],
  "names": [
    "Lautengenian Invasion",
    "Thoulimoian Conquest",
    "Darzalian Occupation",
    "Uranildian Mutineers",
    "Wayan Proselytism",
    "Luarian Proselytism",
    "Baralsanganese Crusade",
    "Lion Malaria",
    "Pig Consumption",
    "Mount Ronets Eruption",
    "Lilsish Avalanche",
    "Chung Fault",
    "Sermean Flood",
    "Westford Tsunami",
  ],
  "types": [
    "Invasion",
    "Invasion",
    "Invasion",
    "Rebels",
    "Proselytism",
    "Proselytism",
    "Crusade",
    "Disease",
    "Disease",
    "Eruption",
    "Avalanche",
    "Fault",
    "Flood",
    "Tsunami",
  ],
  "zoneCount": 14,
}
`;
