
> aralia-rpg@0.4.0 test
> vitest src/hooks/__tests__/useCompanionBanter.test.ts


[1m[44m DEV [49m[22m [34mv4.0.16 [39m[90mC:/Users/gambi/Documents/Git/AraliaV4/Aralia[39m

 [31mΓ¥»[39m src/hooks/__tests__/useCompanionBanter.test.ts [2m([22m[2m6 tests[22m[2m | [22m[31m2 failed[39m[2m)[22m[32m 55[2mms[22m[39m
     [32mΓ£ô[39m should not check for banter if not in PLAYING phase[32m 27[2mms[22m[39m
     [32mΓ£ô[39m should not check for banter if dialogue is open[32m 3[2mms[22m[39m
[31m     [31m├ù[31m should call OllamaService.generateBanterLine if conditions are met[39m[32m 14[2mms[22m[39m
     [32mΓ£ô[39m should include deep persona data in OllamaService.generateBanterLine call[32m 4[2mms[22m[39m
     [32mΓ£ô[39m should not check for banter if global cooldown is active[32m 2[2mms[22m[39m
[31m     [31m├ù[31m should handle missing ollamaInteractionLog in state gracefully[39m[32m 4[2mms[22m[39m

[2m Test Files [22m [1m[31m1 failed[39m[22m[90m (1)[39m
[2m      Tests [22m [1m[31m2 failed[39m[22m[2m | [22m[1m[32m4 passed[39m[22m[90m (6)[39m
[2m   Start at [22m 14:43:46
[2m   Duration [22m 4.29s[2m (transform 1.84s, setup 1.43s, import 886ms, tests 55ms, environment 1.14s)[22m

JSON report written to C:/Users/gambi/Documents/Git/AraliaV4/Aralia/vitest-results.json
[1m[41m FAIL [49m[22m [31mTests failed. Watching for file changes...[39m
       [2mpress [22m[1mh[22m[2m to show help[22m[2m, [22m[2mpress [22m[1mq[22m[2m to quit[22m
c[3J[1m[44m RERUN [49m[22m [34m[2msrc/hooks/__tests__/useCompanionBanter.test.ts [22m[34mx1 [34m[39m
       [2m Filename pattern: [22m[34msrc/hooks/__tests__/useCompanionBanter.test.ts[39m

 [32mΓ£ô[39m src/hooks/__tests__/useCompanionBanter.test.ts [2m([22m[2m6 tests[22m[2m)[22m[32m 76[2mms[22m[39m

[2m Test Files [22m [1m[32m1 passed[39m[22m[90m (1)[39m
[2m      Tests [22m [1m[32m6 passed[39m[22m[90m (6)[39m
[2m   Start at [22m 14:44:47
[2m   Duration [22m 873ms

JSON report written to C:/Users/gambi/Documents/Git/AraliaV4/Aralia/vitest-results.json
[1m[42m PASS [49m[22m [32mWaiting for file changes...[39m
       [2mpress [22m[1mh[22m[2m to show help[22m[2m, [22m[2mpress [22m[1mq[22m[2m to quit[22m
c[3J[1m[44m RERUN [49m[22m [34m[2msrc/hooks/__tests__/useCompanionBanter.test.ts [22m[34mx2 [34m[39m
       [2m Filename pattern: [22m[34msrc/hooks/__tests__/useCompanionBanter.test.ts[39m

 [32mΓ£ô[39m src/hooks/__tests__/useCompanionBanter.test.ts [2m([22m[2m6 tests[22m[2m)[22m[32m 73[2mms[22m[39m

[2m Test Files [22m [1m[32m1 passed[39m[22m[90m (1)[39m
[2m      Tests [22m [1m[32m6 passed[39m[22m[90m (6)[39m
[2m   Start at [22m 14:44:50
[2m   Duration [22m 605ms

JSON report written to C:/Users/gambi/Documents/Git/AraliaV4/Aralia/vitest-results.json
[1m[42m PASS [49m[22m [32mWaiting for file changes...[39m
       [2mpress [22m[1mh[22m[2m to show help[22m[2m, [22m[2mpress [22m[1mq[22m[2m to quit[22m
c[3J[1m[44m RERUN [49m[22m [34m[2msrc/types/companions.ts [22m[34mx3 [34m[39m
       [2m Filename pattern: [22m[34msrc/hooks/__tests__/useCompanionBanter.test.ts[39m

 [32mΓ£ô[39m src/hooks/__tests__/useCompanionBanter.test.ts [2m([22m[2m6 tests[22m[2m)[22m[32m 57[2mms[22m[39m

[2m Test Files [22m [1m[32m1 passed[39m[22m[90m (1)[39m
[2m      Tests [22m [1m[32m6 passed[39m[22m[90m (6)[39m
[2m   Start at [22m 14:51:45
[2m   Duration [22m 559ms

JSON report written to C:/Users/gambi/Documents/Git/AraliaV4/Aralia/vitest-results.json
[1m[42m PASS [49m[22m [32mWaiting for file changes...[39m
       [2mpress [22m[1mh[22m[2m to show help[22m[2m, [22m[2mpress [22m[1mq[22m[2m to quit[22m
c[3J[1m[44m RERUN [49m[22m [34m[2msrc/hooks/useCompanionBanter.ts [22m[34mx4 [34m[39m
       [2m Filename pattern: [22m[34msrc/hooks/__tests__/useCompanionBanter.test.ts[39m

 [32mΓ£ô[39m src/hooks/__tests__/useCompanionBanter.test.ts [2m([22m[2m6 tests[22m[2m)[22m[32m 54[2mms[22m[39m

[2m Test Files [22m [1m[32m1 passed[39m[22m[90m (1)[39m
[2m      Tests [22m [1m[32m6 passed[39m[22m[90m (6)[39m
[2m   Start at [22m 14:52:01
[2m   Duration [22m 408ms

JSON report written to C:/Users/gambi/Documents/Git/AraliaV4/Aralia/vitest-results.json
[1m[42m PASS [49m[22m [32mWaiting for file changes...[39m
       [2mpress [22m[1mh[22m[2m to show help[22m[2m, [22m[2mpress [22m[1mq[22m[2m to quit[22m
c[3J[1m[44m RERUN [49m[22m [34m[2msrc/services/OllamaService.ts [22m[34mx5 [34m[39m
       [2m Filename pattern: [22m[34msrc/hooks/__tests__/useCompanionBanter.test.ts[39m


[2m Test Files [22m [1m[31m1 failed[39m[22m[90m (1)[39m
[2m      Tests [22m [2mno tests[22m
[2m   Start at [22m 17:57:51
[2m   Duration [22m 899ms

JSON report written to C:/Users/gambi/Documents/Git/AraliaV4/Aralia/vitest-results.json
[1m[41m FAIL [49m[22m [31mTests failed. Watching for file changes...[39m
       [2mpress [22m[1mh[22m[2m to show help[22m[2m, [22m[2mpress [22m[1mq[22m[2m to quit[22m
c[3J[1m[44m RERUN [49m[22m [34m[2msrc/hooks/useCompanionBanter.ts [22m[34mx6 [34m[39m
       [2m Filename pattern: [22m[34msrc/hooks/__tests__/useCompanionBanter.test.ts[39m


[2m Test Files [22m [1m[31m1 failed[39m[22m[90m (1)[39m
[2m      Tests [22m [2mno tests[22m
[2m   Start at [22m 17:58:21
[2m   Duration [22m 735ms

JSON report written to C:/Users/gambi/Documents/Git/AraliaV4/Aralia/vitest-results.json
[1m[41m FAIL [49m[22m [31mTests failed. Watching for file changes...[39m
       [2mpress [22m[1mh[22m[2m to show help[22m[2m, [22m[2mpress [22m[1mq[22m[2m to quit[22m
c[3J[1m[44m RERUN [49m[22m [34m[2msrc/hooks/__tests__/useCompanionBanter.test.ts [22m[34mx7 [34m[39m
       [2m Filename pattern: [22m[34msrc/hooks/__tests__/useCompanionBanter.test.ts[39m


[2m Test Files [22m [1m[31m1 failed[39m[22m[90m (1)[39m
[2m      Tests [22m [2mno tests[22m
[2m   Start at [22m 17:58:59
[2m   Duration [22m 882ms

JSON report written to C:/Users/gambi/Documents/Git/AraliaV4/Aralia/vitest-results.json
[1m[41m FAIL [49m[22m [31mTests failed. Watching for file changes...[39m
       [2mpress [22m[1mh[22m[2m to show help[22m[2m, [22m[2mpress [22m[1mq[22m[2m to quit[22m
c[3J[1m[44m RERUN [49m[22m [34m[2msrc/hooks/__tests__/useCompanionBanter.test.ts [22m[34mx8 [34m[39m
       [2m Filename pattern: [22m[34msrc/hooks/__tests__/useCompanionBanter.test.ts[39m


[2m Test Files [22m [1m[31m1 failed[39m[22m[90m (1)[39m
[2m      Tests [22m [2mno tests[22m
[2m   Start at [22m 17:59:04
[2m   Duration [22m 802ms

JSON report written to C:/Users/gambi/Documents/Git/AraliaV4/Aralia/vitest-results.json
[1m[41m FAIL [49m[22m [31mTests failed. Watching for file changes...[39m
       [2mpress [22m[1mh[22m[2m to show help[22m[2m, [22m[2mpress [22m[1mq[22m[2m to quit[22m
c[3J[1m[44m RERUN [49m[22m [34m[2msrc/hooks/__tests__/useCompanionBanter.test.ts [22m[34mx9 [34m[39m
       [2m Filename pattern: [22m[34msrc/hooks/__tests__/useCompanionBanter.test.ts[39m


[2m Test Files [22m [1m[31m1 failed[39m[22m[90m (1)[39m
[2m      Tests [22m [2mno tests[22m
[2m   Start at [22m 17:59:19
[2m   Duration [22m 933ms

JSON report written to C:/Users/gambi/Documents/Git/AraliaV4/Aralia/vitest-results.json
[1m[41m FAIL [49m[22m [31mTests failed. Watching for file changes...[39m
       [2mpress [22m[1mh[22m[2m to show help[22m[2m, [22m[2mpress [22m[1mq[22m[2m to quit[22m
c[3J[1m[44m RERUN [49m[22m [34m[2msrc/hooks/__tests__/useCompanionBanter.test.ts [22m[34mx10 [34m[39m
       [2m Filename pattern: [22m[34msrc/hooks/__tests__/useCompanionBanter.test.ts[39m


[2m Test Files [22m [1m[31m1 failed[39m[22m[90m (1)[39m
[2m      Tests [22m [2mno tests[22m
[2m   Start at [22m 17:59:51
[2m   Duration [22m 631ms

JSON report written to C:/Users/gambi/Documents/Git/AraliaV4/Aralia/vitest-results.json
[1m[41m FAIL [49m[22m [31mTests failed. Watching for file changes...[39m
       [2mpress [22m[1mh[22m[2m to show help[22m[2m, [22m[2mpress [22m[1mq[22m[2m to quit[22m
c[3J[1m[44m RERUN [49m[22m [34m[2msrc/services/OllamaService.ts [22m[34mx11 [34m[39m
       [2m Filename pattern: [22m[34msrc/hooks/__tests__/useCompanionBanter.test.ts[39m


[2m Test Files [22m [1m[31m1 failed[39m[22m[90m (1)[39m
[2m      Tests [22m [2mno tests[22m
[2m   Start at [22m 18:00:35
[2m   Duration [22m 379ms

JSON report written to C:/Users/gambi/Documents/Git/AraliaV4/Aralia/vitest-results.json
[1m[41m FAIL [49m[22m [31mTests failed. Watching for file changes...[39m
       [2mpress [22m[1mh[22m[2m to show help[22m[2m, [22m[2mpress [22m[1mq[22m[2m to quit[22m
c[3J[1m[44m RERUN [49m[22m [34m[2msrc/services/OllamaService.ts [22m[34mx12 [34m[39m
       [2m Filename pattern: [22m[34msrc/hooks/__tests__/useCompanionBanter.test.ts[39m

 [31mΓ¥»[39m src/hooks/__tests__/useCompanionBanter.test.ts [2m([22m[2m7 tests[22m[2m | [22m[31m1 failed[39m[2m)[22m[33m 5128[2mms[22m[39m
     [32mΓ£ô[39m should not check for banter if not in PLAYING phase[32m 29[2mms[22m[39m
     [32mΓ£ô[39m should not check for banter if dialogue is open[32m 3[2mms[22m[39m
     [32mΓ£ô[39m should call OllamaService.generateBanterLine if conditions are met[32m 8[2mms[22m[39m
     [32mΓ£ô[39m should include deep persona data in OllamaService.generateBanterLine call[32m 4[2mms[22m[39m
     [32mΓ£ô[39m should not check for banter if global cooldown is active[32m 3[2mms[22m[39m
     [32mΓ£ô[39m should handle missing ollamaInteractionLog in state gracefully[32m 3[2mms[22m[39m
[31m     [31m├ù[31m should summarize conversation and add memories when banter ends with sufficient history[39m[33m 5075[2mms[22m[39m

[2m Test Files [22m [1m[31m1 failed[39m[22m[90m (1)[39m
[2m      Tests [22m [1m[31m1 failed[39m[22m[2m | [22m[1m[32m6 passed[39m[22m[90m (7)[39m
[2m   Start at [22m 18:01:14
[2m   Duration [22m 5.84s

JSON report written to C:/Users/gambi/Documents/Git/AraliaV4/Aralia/vitest-results.json
[1m[41m FAIL [49m[22m [31mTests failed. Watching for file changes...[39m
       [2mpress [22m[1mh[22m[2m to show help[22m[2m, [22m[2mpress [22m[1mq[22m[2m to quit[22m
c[3J[1m[44m RERUN [49m[22m [34m[2msrc/hooks/__tests__/useCompanionBanter.test.ts [22m[34mx13 [34m[39m
       [2m Filename pattern: [22m[34msrc/hooks/__tests__/useCompanionBanter.test.ts[39m


[2m Test Files [22m [1m[31m1 failed[39m[22m[90m (1)[39m
[2m      Tests [22m [2mno tests[22m
[2m   Start at [22m 18:01:50
[2m   Duration [22m 930ms

JSON report written to C:/Users/gambi/Documents/Git/AraliaV4/Aralia/vitest-results.json
[1m[41m FAIL [49m[22m [31mTests failed. Watching for file changes...[39m
       [2mpress [22m[1mh[22m[2m to show help[22m[2m, [22m[2mpress [22m[1mq[22m[2m to quit[22m
c[3J[1m[44m RERUN [49m[22m [34m[2msrc/hooks/__tests__/useCompanionBanter.test.ts [22m[34mx14 [34m[39m
       [2m Filename pattern: [22m[34msrc/hooks/__tests__/useCompanionBanter.test.ts[39m

 [31mΓ¥»[39m src/hooks/__tests__/useCompanionBanter.test.ts [2m([22m[2m7 tests[22m[2m | [22m[31m1 failed[39m[2m)[22m[33m 5088[2mms[22m[39m
     [32mΓ£ô[39m should not check for banter if not in PLAYING phase[32m 37[2mms[22m[39m
     [32mΓ£ô[39m should not check for banter if dialogue is open[32m 4[2mms[22m[39m
     [32mΓ£ô[39m should call OllamaService.generateBanterLine if conditions are met[32m 12[2mms[22m[39m
     [32mΓ£ô[39m should include deep persona data in OllamaService.generateBanterLine call[32m 5[2mms[22m[39m
     [32mΓ£ô[39m should not check for banter if global cooldown is active[32m 3[2mms[22m[39m
     [32mΓ£ô[39m should handle missing ollamaInteractionLog in state gracefully[32m 4[2mms[22m[39m
[31m     [31m├ù[31m should summarize conversation and add memories when banter ends with sufficient history[39m[33m 5018[2mms[22m[39m

[2m Test Files [22m [1m[31m1 failed[39m[22m[90m (1)[39m
[2m      Tests [22m [1m[31m1 failed[39m[22m[2m | [22m[1m[32m6 passed[39m[22m[90m (7)[39m
[2m   Start at [22m 18:02:35
[2m   Duration [22m 5.85s

JSON report written to C:/Users/gambi/Documents/Git/AraliaV4/Aralia/vitest-results.json
[1m[41m FAIL [49m[22m [31mTests failed. Watching for file changes...[39m
       [2mpress [22m[1mh[22m[2m to show help[22m[2m, [22m[2mpress [22m[1mq[22m[2m to quit[22m
c[3J[1m[44m RERUN [49m[22m [34m[2msrc/hooks/__tests__/useCompanionBanter.test.ts [22m[34mx15 [34m[39m
       [2m Filename pattern: [22m[34msrc/hooks/__tests__/useCompanionBanter.test.ts[39m

 [31mΓ¥»[39m src/hooks/__tests__/useCompanionBanter.test.ts [2m([22m[2m7 tests[22m[2m | [22m[31m1 failed[39m[2m)[22m[33m 5108[2mms[22m[39m
     [32mΓ£ô[39m should not check for banter if not in PLAYING phase[32m 57[2mms[22m[39m
     [32mΓ£ô[39m should not check for banter if dialogue is open[32m 5[2mms[22m[39m
     [32mΓ£ô[39m should call OllamaService.generateBanterLine if conditions are met[32m 11[2mms[22m[39m
     [32mΓ£ô[39m should include deep persona data in OllamaService.generateBanterLine call[32m 9[2mms[22m[39m
     [32mΓ£ô[39m should not check for banter if global cooldown is active[32m 6[2mms[22m[39m
     [32mΓ£ô[39m should handle missing ollamaInteractionLog in state gracefully[32m 5[2mms[22m[39m
[31m     [31m├ù[31m should summarize conversation and add memories when banter ends with sufficient history[39m[33m 5012[2mms[22m[39m

[2m Test Files [22m [1m[31m1 failed[39m[22m[90m (1)[39m
[2m      Tests [22m [1m[31m1 failed[39m[22m[2m | [22m[1m[32m6 passed[39m[22m[90m (7)[39m
[2m   Start at [22m 18:02:43
[2m   Duration [22m 5.97s

JSON report written to C:/Users/gambi/Documents/Git/AraliaV4/Aralia/vitest-results.json
[1m[41m FAIL [49m[22m [31mTests failed. Watching for file changes...[39m
       [2mpress [22m[1mh[22m[2m to show help[22m[2m, [22m[2mpress [22m[1mq[22m[2m to quit[22m
c[3J[1m[44m RERUN [49m[22m [34m[2msrc/hooks/__tests__/useCompanionBanter.test.ts [22m[34mx16 [34m[39m
       [2m Filename pattern: [22m[34msrc/hooks/__tests__/useCompanionBanter.test.ts[39m

 [31mΓ¥»[39m src/hooks/__tests__/useCompanionBanter.test.ts [2m([22m[2m7 tests[22m[2m | [22m[31m1 failed[39m[2m)[22m[33m 5058[2mms[22m[39m
     [32mΓ£ô[39m should not check for banter if not in PLAYING phase[32m 24[2mms[22m[39m
     [32mΓ£ô[39m should not check for banter if dialogue is open[32m 2[2mms[22m[39m
     [32mΓ£ô[39m should call OllamaService.generateBanterLine if conditions are met[32m 7[2mms[22m[39m
     [32mΓ£ô[39m should include deep persona data in OllamaService.generateBanterLine call[32m 4[2mms[22m[39m
     [32mΓ£ô[39m should not check for banter if global cooldown is active[32m 2[2mms[22m[39m
     [32mΓ£ô[39m should handle missing ollamaInteractionLog in state gracefully[32m 2[2mms[22m[39m
[31m     [31m├ù[31m should summarize conversation and add memories when banter ends with sufficient history[39m[33m 5015[2mms[22m[39m

[2m Test Files [22m [1m[31m1 failed[39m[22m[90m (1)[39m
[2m      Tests [22m [1m[31m1 failed[39m[22m[2m | [22m[1m[32m6 passed[39m[22m[90m (7)[39m
[2m   Start at [22m 18:03:18
[2m   Duration [22m 5.56s

JSON report written to C:/Users/gambi/Documents/Git/AraliaV4/Aralia/vitest-results.json
[1m[41m FAIL [49m[22m [31mTests failed. Watching for file changes...[39m
       [2mpress [22m[1mh[22m[2m to show help[22m[2m, [22m[2mpress [22m[1mq[22m[2m to quit[22m
c[3J[1m[44m RERUN [49m[22m [34m[2msrc/hooks/__tests__/useCompanionBanter.test.ts [22m[34mx17 [34m[39m
       [2m Filename pattern: [22m[34msrc/hooks/__tests__/useCompanionBanter.test.ts[39m

 [31mΓ¥»[39m src/hooks/__tests__/useCompanionBanter.test.ts [2m([22m[2m7 tests[22m[2m | [22m[31m1 failed[39m[2m)[22m[33m 5060[2mms[22m[39m
     [32mΓ£ô[39m should not check for banter if not in PLAYING phase[32m 28[2mms[22m[39m
     [32mΓ£ô[39m should not check for banter if dialogue is open[32m 4[2mms[22m[39m
     [32mΓ£ô[39m should call OllamaService.generateBanterLine if conditions are met[32m 8[2mms[22m[39m
     [32mΓ£ô[39m should include deep persona data in OllamaService.generateBanterLine call[32m 4[2mms[22m[39m
     [32mΓ£ô[39m should not check for banter if global cooldown is active[32m 3[2mms[22m[39m
     [32mΓ£ô[39m should handle missing ollamaInteractionLog in state gracefully[32m 3[2mms[22m[39m
[31m     [31m├ù[31m should summarize conversation and add memories when banter ends with sufficient history[39m[33m 5008[2mms[22m[39m

[2m Test Files [22m [1m[31m1 failed[39m[22m[90m (1)[39m
[2m      Tests [22m [1m[31m1 failed[39m[22m[2m | [22m[1m[32m6 passed[39m[22m[90m (7)[39m
[2m   Start at [22m 18:03:25
[2m   Duration [22m 5.54s

JSON report written to C:/Users/gambi/Documents/Git/AraliaV4/Aralia/vitest-results.json
[1m[41m FAIL [49m[22m [31mTests failed. Watching for file changes...[39m
       [2mpress [22m[1mh[22m[2m to show help[22m[2m, [22m[2mpress [22m[1mq[22m[2m to quit[22m
c[3J[1m[44m RERUN [49m[22m [34m[2msrc/services/OllamaService.ts [22m[34mx18 [34m[39m
       [2m Filename pattern: [22m[34msrc/hooks/__tests__/useCompanionBanter.test.ts[39m

 [31mΓ¥»[39m src/hooks/__tests__/useCompanionBanter.test.ts [2m([22m[2m7 tests[22m[2m | [22m[31m1 failed[39m[2m)[22m[33m 5066[2mms[22m[39m
     [32mΓ£ô[39m should not check for banter if not in PLAYING phase[32m 24[2mms[22m[39m
     [32mΓ£ô[39m should not check for banter if dialogue is open[32m 3[2mms[22m[39m
     [32mΓ£ô[39m should call OllamaService.generateBanterLine if conditions are met[32m 9[2mms[22m[39m
     [32mΓ£ô[39m should include deep persona data in OllamaService.generateBanterLine call[32m 5[2mms[22m[39m
     [32mΓ£ô[39m should not check for banter if global cooldown is active[32m 3[2mms[22m[39m
     [32mΓ£ô[39m should handle missing ollamaInteractionLog in state gracefully[32m 4[2mms[22m[39m
[31m     [31m├ù[31m should summarize conversation and add memories when banter ends with sufficient history[39m[33m 5015[2mms[22m[39m

[2m Test Files [22m [1m[31m1 failed[39m[22m[90m (1)[39m
[2m      Tests [22m [1m[31m1 failed[39m[22m[2m | [22m[1m[32m6 passed[39m[22m[90m (7)[39m
[2m   Start at [22m 21:26:36
[2m   Duration [22m 5.77s

JSON report written to C:/Users/gambi/Documents/Git/AraliaV4/Aralia/vitest-results.json
[1m[41m FAIL [49m[22m [31mTests failed. Watching for file changes...[39m
       [2mpress [22m[1mh[22m[2m to show help[22m[2m, [22m[2mpress [22m[1mq[22m[2m to quit[22m
c[3J[1m[44m RERUN [49m[22m [34m[2msrc/hooks/useCompanionBanter.ts [22m[34mx19 [34m[39m
       [2m Filename pattern: [22m[34msrc/hooks/__tests__/useCompanionBanter.test.ts[39m

[90mstdout[2m | src/hooks/__tests__/useCompanionBanter.test.ts[2m > [22m[2museCompanionBanter[2m > [22m[2mshould call OllamaService.generateBanterLine if conditions are met
[22m[39mBanter line generation failed, will retry... [90mundefined[39m

[90mstdout[2m | src/hooks/__tests__/useCompanionBanter.test.ts[2m > [22m[2museCompanionBanter[2m > [22m[2mshould include deep persona data in OllamaService.generateBanterLine call
[22m[39mBanter line generation failed, will retry... [90mundefined[39m

[90mstdout[2m | src/hooks/__tests__/useCompanionBanter.test.ts[2m > [22m[2museCompanionBanter[2m > [22m[2mshould handle missing ollamaInteractionLog in state gracefully
[22m[39mBanter line generation failed, will retry... [90mundefined[39m

[90mstdout[2m | src/hooks/__tests__/useCompanionBanter.test.ts[2m > [22m[2museCompanionBanter[2m > [22m[2mshould summarize conversation and add memories when banter ends with sufficient history
[22m[39mBanter line generation failed, will retry... [90mundefined[39m

[90mstdout[2m | src/hooks/__tests__/useCompanionBanter.test.ts[2m > [22m[2museCompanionBanter[2m > [22m[2mshould summarize conversation and add memories when banter ends with sufficient history
[22m[39mBanter line generation failed, will retry... [90mundefined[39m

[90mstdout[2m | src/hooks/__tests__/useCompanionBanter.test.ts[2m > [22m[2museCompanionBanter[2m > [22m[2mshould summarize conversation and add memories when banter ends with sufficient history
[22m[39mBanter line generation failed, will retry... [90mundefined[39m

[90mstdout[2m | src/hooks/__tests__/useCompanionBanter.test.ts[2m > [22m[2museCompanionBanter[2m > [22m[2mshould summarize conversation and add memories when banter ends with sufficient history
[22m[39mBanter line generation failed, will retry... [90mundefined[39m

[90mstdout[2m | src/hooks/__tests__/useCompanionBanter.test.ts[2m > [22m[2museCompanionBanter[2m > [22m[2mshould summarize conversation and add memories when banter ends with sufficient history
[22m[39mBanter line generation failed, will retry... [90mundefined[39m

[90mstdout[2m | src/hooks/__tests__/useCompanionBanter.test.ts[2m > [22m[2museCompanionBanter[2m > [22m[2mshould summarize conversation and add memories when banter ends with sufficient history
[22m[39mBanter line generation failed, will retry... [90mundefined[39m

[90mstdout[2m | src/hooks/__tests__/useCompanionBanter.test.ts[2m > [22m[2museCompanionBanter[2m > [22m[2mshould summarize conversation and add memories when banter ends with sufficient history
[22m[39mBanter line generation failed, will retry... [90mundefined[39m

[90mstdout[2m | src/hooks/__tests__/useCompanionBanter.test.ts[2m > [22m[2museCompanionBanter[2m > [22m[2mshould summarize conversation and add memories when banter ends with sufficient history
[22m[39mBanter line generation failed, will retry... [90mundefined[39m

[90mstdout[2m | src/hooks/__tests__/useCompanionBanter.test.ts[2m > [22m[2museCompanionBanter[2m > [22m[2mshould summarize conversation and add memories when banter ends with sufficient history
[22m[39mBanter line generation failed, will retry... [90mundefined[39m

[90mstdout[2m | src/hooks/__tests__/useCompanionBanter.test.ts[2m > [22m[2museCompanionBanter[2m > [22m[2mshould summarize conversation and add memories when banter ends with sufficient history
[22m[39mBanter line generation failed, will retry... [90mundefined[39m

 [31mΓ¥»[39m src/hooks/__tests__/useCompanionBanter.test.ts [2m([22m[2m7 tests[22m[2m | [22m[31m2 failed[39m[2m)[22m[33m 5059[2mms[22m[39m
     [32mΓ£ô[39m should not check for banter if not in PLAYING phase[32m 20[2mms[22m[39m
     [32mΓ£ô[39m should not check for banter if dialogue is open[32m 3[2mms[22m[39m
[31m     [31m├ù[31m should call OllamaService.generateBanterLine if conditions are met[39m[32m 13[2mms[22m[39m
     [32mΓ£ô[39m should include deep persona data in OllamaService.generateBanterLine call[32m 3[2mms[22m[39m
     [32mΓ£ô[39m should not check for banter if global cooldown is active[32m 2[2mms[22m[39m
     [32mΓ£ô[39m should handle missing ollamaInteractionLog in state gracefully[32m 2[2mms[22m[39m
[31m     [31m├ù[31m should summarize conversation and add memories when banter ends with sufficient history[39m[33m 5015[2mms[22m[39m

[2m Test Files [22m [1m[31m1 failed[39m[22m[90m (1)[39m
[2m      Tests [22m [1m[31m2 failed[39m[22m[2m | [22m[1m[32m5 passed[39m[22m[90m (7)[39m
[2m   Start at [22m 21:26:56
[2m   Duration [22m 5.55s

JSON report written to C:/Users/gambi/Documents/Git/AraliaV4/Aralia/vitest-results.json
[1m[41m FAIL [49m[22m [31mTests failed. Watching for file changes...[39m
       [2mpress [22m[1mh[22m[2m to show help[22m[2m, [22m[2mpress [22m[1mq[22m[2m to quit[22m
c[3J[1m[44m RERUN [49m[22m [34m[2msrc/services/OllamaService.ts [22m[34mx20 [34m[39m
       [2m Filename pattern: [22m[34msrc/hooks/__tests__/useCompanionBanter.test.ts[39m

[90mstdout[2m | src/hooks/__tests__/useCompanionBanter.test.ts[2m > [22m[2museCompanionBanter[2m > [22m[2mshould call OllamaService.generateBanterLine if conditions are met
[22m[39mBanter line generation failed, will retry... [90mundefined[39m

[90mstdout[2m | src/hooks/__tests__/useCompanionBanter.test.ts[2m > [22m[2museCompanionBanter[2m > [22m[2mshould include deep persona data in OllamaService.generateBanterLine call
[22m[39mBanter line generation failed, will retry... [90mundefined[39m

[90mstdout[2m | src/hooks/__tests__/useCompanionBanter.test.ts[2m > [22m[2museCompanionBanter[2m > [22m[2mshould handle missing ollamaInteractionLog in state gracefully
[22m[39mBanter line generation failed, will retry... [90mundefined[39m

[90mstdout[2m | src/hooks/__tests__/useCompanionBanter.test.ts[2m > [22m[2museCompanionBanter[2m > [22m[2mshould summarize conversation and add memories when banter ends with sufficient history
[22m[39mBanter line generation failed, will retry... [90mundefined[39m

[90mstdout[2m | src/hooks/__tests__/useCompanionBanter.test.ts[2m > [22m[2museCompanionBanter[2m > [22m[2mshould summarize conversation and add memories when banter ends with sufficient history
[22m[39mBanter line generation failed, will retry... [90mundefined[39m

[90mstdout[2m | src/hooks/__tests__/useCompanionBanter.test.ts[2m > [22m[2museCompanionBanter[2m > [22m[2mshould summarize conversation and add memories when banter ends with sufficient history
[22m[39mBanter line generation failed, will retry... [90mundefined[39m

[90mstdout[2m | src/hooks/__tests__/useCompanionBanter.test.ts[2m > [22m[2museCompanionBanter[2m > [22m[2mshould summarize conversation and add memories when banter ends with sufficient history
[22m[39mBanter line generation failed, will retry... [90mundefined[39m

[90mstdout[2m | src/hooks/__tests__/useCompanionBanter.test.ts[2m > [22m[2museCompanionBanter[2m > [22m[2mshould summarize conversation and add memories when banter ends with sufficient history
[22m[39mBanter line generation failed, will retry... [90mundefined[39m

[90mstdout[2m | src/hooks/__tests__/useCompanionBanter.test.ts[2m > [22m[2museCompanionBanter[2m > [22m[2mshould summarize conversation and add memories when banter ends with sufficient history
[22m[39mBanter line generation failed, will retry... [90mundefined[39m

[90mstdout[2m | src/hooks/__tests__/useCompanionBanter.test.ts[2m > [22m[2museCompanionBanter[2m > [22m[2mshould summarize conversation and add memories when banter ends with sufficient history
[22m[39mBanter line generation failed, will retry... [90mundefined[39m

[90mstdout[2m | src/hooks/__tests__/useCompanionBanter.test.ts[2m > [22m[2museCompanionBanter[2m > [22m[2mshould summarize conversation and add memories when banter ends with sufficient history
[22m[39mBanter line generation failed, will retry... [90mundefined[39m

[90mstdout[2m | src/hooks/__tests__/useCompanionBanter.test.ts[2m > [22m[2museCompanionBanter[2m > [22m[2mshould summarize conversation and add memories when banter ends with sufficient history
[22m[39mBanter line generation failed, will retry... [90mundefined[39m

[90mstdout[2m | src/hooks/__tests__/useCompanionBanter.test.ts[2m > [22m[2museCompanionBanter[2m > [22m[2mshould summarize conversation and add memories when banter ends with sufficient history
[22m[39mBanter line generation failed, will retry... [90mundefined[39m

 [31mΓ¥»[39m src/hooks/__tests__/useCompanionBanter.test.ts [2m([22m[2m7 tests[22m[2m | [22m[31m2 failed[39m[2m)[22m[33m 5271[2mms[22m[39m
     [32mΓ£ô[39m should not check for banter if not in PLAYING phase[32m 83[2mms[22m[39m
     [32mΓ£ô[39m should not check for banter if dialogue is open[32m 9[2mms[22m[39m
[31m     [31m├ù[31m should call OllamaService.generateBanterLine if conditions are met[39m[32m 55[2mms[22m[39m
     [32mΓ£ô[39m should include deep persona data in OllamaService.generateBanterLine call[32m 12[2mms[22m[39m
     [32mΓ£ô[39m should not check for banter if global cooldown is active[32m 7[2mms[22m[39m
     [32mΓ£ô[39m should handle missing ollamaInteractionLog in state gracefully[32m 8[2mms[22m[39m
[31m     [31m├ù[31m should summarize conversation and add memories when banter ends with sufficient history[39m[33m 5092[2mms[22m[39m

[2m Test Files [22m [1m[31m1 failed[39m[22m[90m (1)[39m
[2m      Tests [22m [1m[31m2 failed[39m[22m[2m | [22m[1m[32m5 passed[39m[22m[90m (7)[39m
[2m   Start at [22m 22:00:43
[2m   Duration [22m 8.56s

JSON report written to C:/Users/gambi/Documents/Git/AraliaV4/Aralia/vitest-results.json
[1m[41m FAIL [49m[22m [31mTests failed. Watching for file changes...[39m
       [2mpress [22m[1mh[22m[2m to show help[22m[2m, [22m[2mpress [22m[1mq[22m[2m to quit[22m
c[3J[1m[44m RERUN [49m[22m [34m[2msrc/services/__tests__/OllamaService.test.ts [22m[34mx21 [34m[39m
       [2m Filename pattern: [22m[34msrc/hooks/__tests__/useCompanionBanter.test.ts[39m

[90mstdout[2m | src/hooks/__tests__/useCompanionBanter.test.ts[2m > [22m[2museCompanionBanter[2m > [22m[2mshould call OllamaService.generateBanterLine if conditions are met
[22m[39mBanter line generation failed, will retry... [90mundefined[39m

[90mstdout[2m | src/hooks/__tests__/useCompanionBanter.test.ts[2m > [22m[2museCompanionBanter[2m > [22m[2mshould include deep persona data in OllamaService.generateBanterLine call
[22m[39mBanter line generation failed, will retry... [90mundefined[39m

[90mstdout[2m | src/hooks/__tests__/useCompanionBanter.test.ts[2m > [22m[2museCompanionBanter[2m > [22m[2mshould handle missing ollamaInteractionLog in state gracefully
[22m[39mBanter line generation failed, will retry... [90mundefined[39m

[90mstdout[2m | src/hooks/__tests__/useCompanionBanter.test.ts[2m > [22m[2museCompanionBanter[2m > [22m[2mshould summarize conversation and add memories when banter ends with sufficient history
[22m[39mBanter line generation failed, will retry... [90mundefined[39m

[90mstdout[2m | src/hooks/__tests__/useCompanionBanter.test.ts[2m > [22m[2museCompanionBanter[2m > [22m[2mshould summarize conversation and add memories when banter ends with sufficient history
[22m[39mBanter line generation failed, will retry... [90mundefined[39m

[90mstdout[2m | src/hooks/__tests__/useCompanionBanter.test.ts[2m > [22m[2museCompanionBanter[2m > [22m[2mshould summarize conversation and add memories when banter ends with sufficient history
[22m[39mBanter line generation failed, will retry... [90mundefined[39m

[90mstdout[2m | src/hooks/__tests__/useCompanionBanter.test.ts[2m > [22m[2museCompanionBanter[2m > [22m[2mshould summarize conversation and add memories when banter ends with sufficient history
[22m[39mBanter line generation failed, will retry... [90mundefined[39m

[90mstdout[2m | src/hooks/__tests__/useCompanionBanter.test.ts[2m > [22m[2museCompanionBanter[2m > [22m[2mshould summarize conversation and add memories when banter ends with sufficient history
[22m[39mBanter line generation failed, will retry... [90mundefined[39m

[90mstdout[2m | src/hooks/__tests__/useCompanionBanter.test.ts[2m > [22m[2museCompanionBanter[2m > [22m[2mshould summarize conversation and add memories when banter ends with sufficient history
[22m[39mBanter line generation failed, will retry... [90mundefined[39m

[90mstdout[2m | src/hooks/__tests__/useCompanionBanter.test.ts[2m > [22m[2museCompanionBanter[2m > [22m[2mshould summarize conversation and add memories when banter ends with sufficient history
[22m[39mBanter line generation failed, will retry... [90mundefined[39m

[90mstdout[2m | src/hooks/__tests__/useCompanionBanter.test.ts[2m > [22m[2museCompanionBanter[2m > [22m[2mshould summarize conversation and add memories when banter ends with sufficient history
[22m[39mBanter line generation failed, will retry... [90mundefined[39m

[90mstdout[2m | src/hooks/__tests__/useCompanionBanter.test.ts[2m > [22m[2museCompanionBanter[2m > [22m[2mshould summarize conversation and add memories when banter ends with sufficient history
[22m[39mBanter line generation failed, will retry... [90mundefined[39m

[90mstdout[2m | src/hooks/__tests__/useCompanionBanter.test.ts[2m > [22m[2museCompanionBanter[2m > [22m[2mshould summarize conversation and add memories when banter ends with sufficient history
[22m[39mBanter line generation failed, will retry... [90mundefined[39m

 [31mΓ¥»[39m src/hooks/__tests__/useCompanionBanter.test.ts [2m([22m[2m7 tests[22m[2m | [22m[31m2 failed[39m[2m)[22m[33m 5240[2mms[22m[39m
     [32mΓ£ô[39m should not check for banter if not in PLAYING phase[32m 94[2mms[22m[39m
     [32mΓ£ô[39m should not check for banter if dialogue is open[32m 10[2mms[22m[39m
[31m     [31m├ù[31m should call OllamaService.generateBanterLine if conditions are met[39m[32m 69[2mms[22m[39m
     [32mΓ£ô[39m should include deep persona data in OllamaService.generateBanterLine call[32m 18[2mms[22m[39m
     [32mΓ£ô[39m should not check for banter if global cooldown is active[32m 13[2mms[22m[39m
     [32mΓ£ô[39m should handle missing ollamaInteractionLog in state gracefully[32m 9[2mms[22m[39m
[31m     [31m├ù[31m should summarize conversation and add memories when banter ends with sufficient history[39m[33m 5020[2mms[22m[39m

[2m Test Files [22m [1m[31m1 failed[39m[22m[90m (1)[39m
[2m      Tests [22m [1m[31m2 failed[39m[22m[2m | [22m[1m[32m5 passed[39m[22m[90m (7)[39m
[2m   Start at [22m 22:00:59
[2m   Duration [22m 6.82s

JSON report written to C:/Users/gambi/Documents/Git/AraliaV4/Aralia/vitest-results.json
[1m[41m FAIL [49m[22m [31mTests failed. Watching for file changes...[39m
       [2mpress [22m[1mh[22m[2m to show help[22m[2m, [22m[2mpress [22m[1mq[22m[2m to quit[22m
c[3J[1m[44m RERUN [49m[22m [34m[2msrc/services/OllamaService.ts [22m[34mx22 [34m[39m
       [2m Filename pattern: [22m[34msrc/hooks/__tests__/useCompanionBanter.test.ts[39m

[90mstdout[2m | src/hooks/__tests__/useCompanionBanter.test.ts[2m > [22m[2museCompanionBanter[2m > [22m[2mshould call OllamaService.generateBanterLine if conditions are met
[22m[39mBanter line generation failed, will retry... [90mundefined[39m

[90mstdout[2m | src/hooks/__tests__/useCompanionBanter.test.ts[2m > [22m[2museCompanionBanter[2m > [22m[2mshould include deep persona data in OllamaService.generateBanterLine call
[22m[39mBanter line generation failed, will retry... [90mundefined[39m

[90mstdout[2m | src/hooks/__tests__/useCompanionBanter.test.ts[2m > [22m[2museCompanionBanter[2m > [22m[2mshould handle missing ollamaInteractionLog in state gracefully
[22m[39mBanter line generation failed, will retry... [90mundefined[39m

[90mstdout[2m | src/hooks/__tests__/useCompanionBanter.test.ts[2m > [22m[2museCompanionBanter[2m > [22m[2mshould summarize conversation and add memories when banter ends with sufficient history
[22m[39mBanter line generation failed, will retry... [90mundefined[39m

[90mstdout[2m | src/hooks/__tests__/useCompanionBanter.test.ts[2m > [22m[2museCompanionBanter[2m > [22m[2mshould summarize conversation and add memories when banter ends with sufficient history
[22m[39mBanter line generation failed, will retry... [90mundefined[39m

[90mstdout[2m | src/hooks/__tests__/useCompanionBanter.test.ts[2m > [22m[2museCompanionBanter[2m > [22m[2mshould summarize conversation and add memories when banter ends with sufficient history
[22m[39mBanter line generation failed, will retry... [90mundefined[39m

[90mstdout[2m | src/hooks/__tests__/useCompanionBanter.test.ts[2m > [22m[2museCompanionBanter[2m > [22m[2mshould summarize conversation and add memories when banter ends with sufficient history
[22m[39mBanter line generation failed, will retry... [90mundefined[39m

[90mstdout[2m | src/hooks/__tests__/useCompanionBanter.test.ts[2m > [22m[2museCompanionBanter[2m > [22m[2mshould summarize conversation and add memories when banter ends with sufficient history
[22m[39mBanter line generation failed, will retry... [90mundefined[39m

[90mstdout[2m | src/hooks/__tests__/useCompanionBanter.test.ts[2m > [22m[2museCompanionBanter[2m > [22m[2mshould summarize conversation and add memories when banter ends with sufficient history
[22m[39mBanter line generation failed, will retry... [90mundefined[39m

[90mstdout[2m | src/hooks/__tests__/useCompanionBanter.test.ts[2m > [22m[2museCompanionBanter[2m > [22m[2mshould summarize conversation and add memories when banter ends with sufficient history
[22m[39mBanter line generation failed, will retry... [90mundefined[39m

[90mstdout[2m | src/hooks/__tests__/useCompanionBanter.test.ts[2m > [22m[2museCompanionBanter[2m > [22m[2mshould summarize conversation and add memories when banter ends with sufficient history
[22m[39mBanter line generation failed, will retry... [90mundefined[39m

[90mstdout[2m | src/hooks/__tests__/useCompanionBanter.test.ts[2m > [22m[2museCompanionBanter[2m > [22m[2mshould summarize conversation and add memories when banter ends with sufficient history
[22m[39mBanter line generation failed, will retry... [90mundefined[39m

[90mstdout[2m | src/hooks/__tests__/useCompanionBanter.test.ts[2m > [22m[2museCompanionBanter[2m > [22m[2mshould summarize conversation and add memories when banter ends with sufficient history
[22m[39mBanter line generation failed, will retry... [90mundefined[39m

 [31mΓ¥»[39m src/hooks/__tests__/useCompanionBanter.test.ts [2m([22m[2m7 tests[22m[2m | [22m[31m2 failed[39m[2m)[22m[33m 5139[2mms[22m[39m
     [32mΓ£ô[39m should not check for banter if not in PLAYING phase[32m 46[2mms[22m[39m
     [32mΓ£ô[39m should not check for banter if dialogue is open[32m 6[2mms[22m[39m
[31m     [31m├ù[31m should call OllamaService.generateBanterLine if conditions are met[39m[32m 34[2mms[22m[39m
     [32mΓ£ô[39m should include deep persona data in OllamaService.generateBanterLine call[32m 8[2mms[22m[39m
     [32mΓ£ô[39m should not check for banter if global cooldown is active[32m 6[2mms[22m[39m
     [32mΓ£ô[39m should handle missing ollamaInteractionLog in state gracefully[32m 5[2mms[22m[39m
[31m     [31m├ù[31m should summarize conversation and add memories when banter ends with sufficient history[39m[33m 5030[2mms[22m[39m

[2m Test Files [22m [1m[31m1 failed[39m[22m[90m (1)[39m
[2m      Tests [22m [1m[31m2 failed[39m[22m[2m | [22m[1m[32m5 passed[39m[22m[90m (7)[39m
[2m   Start at [22m 22:21:32
[2m   Duration [22m 6.70s

JSON report written to C:/Users/gambi/Documents/Git/AraliaV4/Aralia/vitest-results.json
[1m[41m FAIL [49m[22m [31mTests failed. Watching for file changes...[39m
       [2mpress [22m[1mh[22m[2m to show help[22m[2m, [22m[2mpress [22m[1mq[22m[2m to quit[22m
c[3J[1m[44m RERUN [49m[22m [34m[2msrc/services/OllamaService.ts [22m[34mx23 [34m[39m
       [2m Filename pattern: [22m[34msrc/hooks/__tests__/useCompanionBanter.test.ts[39m

[90mstdout[2m | src/hooks/__tests__/useCompanionBanter.test.ts[2m > [22m[2museCompanionBanter[2m > [22m[2mshould call OllamaService.generateBanterLine if conditions are met
[22m[39mBanter line generation failed, will retry... [90mundefined[39m

[90mstdout[2m | src/hooks/__tests__/useCompanionBanter.test.ts[2m > [22m[2museCompanionBanter[2m > [22m[2mshould include deep persona data in OllamaService.generateBanterLine call
[22m[39mBanter line generation failed, will retry... [90mundefined[39m

[90mstdout[2m | src/hooks/__tests__/useCompanionBanter.test.ts[2m > [22m[2museCompanionBanter[2m > [22m[2mshould handle missing ollamaInteractionLog in state gracefully
[22m[39mBanter line generation failed, will retry... [90mundefined[39m

[90mstdout[2m | src/hooks/__tests__/useCompanionBanter.test.ts[2m > [22m[2museCompanionBanter[2m > [22m[2mshould summarize conversation and add memories when banter ends with sufficient history
[22m[39mBanter line generation failed, will retry... [90mundefined[39m

[90mstdout[2m | src/hooks/__tests__/useCompanionBanter.test.ts[2m > [22m[2museCompanionBanter[2m > [22m[2mshould summarize conversation and add memories when banter ends with sufficient history
[22m[39mBanter line generation failed, will retry... [90mundefined[39m

[90mstdout[2m | src/hooks/__tests__/useCompanionBanter.test.ts[2m > [22m[2museCompanionBanter[2m > [22m[2mshould summarize conversation and add memories when banter ends with sufficient history
[22m[39mBanter line generation failed, will retry... [90mundefined[39m

[90mstdout[2m | src/hooks/__tests__/useCompanionBanter.test.ts[2m > [22m[2museCompanionBanter[2m > [22m[2mshould summarize conversation and add memories when banter ends with sufficient history
[22m[39mBanter line generation failed, will retry... [90mundefined[39m

[90mstdout[2m | src/hooks/__tests__/useCompanionBanter.test.ts[2m > [22m[2museCompanionBanter[2m > [22m[2mshould summarize conversation and add memories when banter ends with sufficient history
[22m[39mBanter line generation failed, will retry... [90mundefined[39m

[90mstdout[2m | src/hooks/__tests__/useCompanionBanter.test.ts[2m > [22m[2museCompanionBanter[2m > [22m[2mshould summarize conversation and add memories when banter ends with sufficient history
[22m[39mBanter line generation failed, will retry... [90mundefined[39m

[90mstdout[2m | src/hooks/__tests__/useCompanionBanter.test.ts[2m > [22m[2museCompanionBanter[2m > [22m[2mshould summarize conversation and add memories when banter ends with sufficient history
[22m[39mBanter line generation failed, will retry... [90mundefined[39m

[90mstdout[2m | src/hooks/__tests__/useCompanionBanter.test.ts[2m > [22m[2museCompanionBanter[2m > [22m[2mshould summarize conversation and add memories when banter ends with sufficient history
[22m[39mBanter line generation failed, will retry... [90mundefined[39m

[90mstdout[2m | src/hooks/__tests__/useCompanionBanter.test.ts[2m > [22m[2museCompanionBanter[2m > [22m[2mshould summarize conversation and add memories when banter ends with sufficient history
[22m[39mBanter line generation failed, will retry... [90mundefined[39m

[90mstdout[2m | src/hooks/__tests__/useCompanionBanter.test.ts[2m > [22m[2museCompanionBanter[2m > [22m[2mshould summarize conversation and add memories when banter ends with sufficient history
[22m[39mBanter line generation failed, will retry... [90mundefined[39m

 [31mΓ¥»[39m src/hooks/__tests__/useCompanionBanter.test.ts [2m([22m[2m7 tests[22m[2m | [22m[31m2 failed[39m[2m)[22m[33m 5109[2mms[22m[39m
     [32mΓ£ô[39m should not check for banter if not in PLAYING phase[32m 46[2mms[22m[39m
     [32mΓ£ô[39m should not check for banter if dialogue is open[32m 6[2mms[22m[39m
[31m     [31m├ù[31m should call OllamaService.generateBanterLine if conditions are met[39m[32m 25[2mms[22m[39m
     [32mΓ£ô[39m should include deep persona data in OllamaService.generateBanterLine call[32m 6[2mms[22m[39m
     [32mΓ£ô[39m should not check for banter if global cooldown is active[32m 3[2mms[22m[39m
     [32mΓ£ô[39m should handle missing ollamaInteractionLog in state gracefully[32m 5[2mms[22m[39m
[31m     [31m├ù[31m should summarize conversation and add memories when banter ends with sufficient history[39m[33m 5015[2mms[22m[39m

[2m Test Files [22m [1m[31m1 failed[39m[22m[90m (1)[39m
[2m      Tests [22m [1m[31m2 failed[39m[22m[2m | [22m[1m[32m5 passed[39m[22m[90m (7)[39m
[2m   Start at [22m 22:21:43
[2m   Duration [22m 5.87s

JSON report written to C:/Users/gambi/Documents/Git/AraliaV4/Aralia/vitest-results.json
[1m[41m FAIL [49m[22m [31mTests failed. Watching for file changes...[39m
       [2mpress [22m[1mh[22m[2m to show help[22m[2m, [22m[2mpress [22m[1mq[22m[2m to quit[22m
c[3J[1m[44m RERUN [49m[22m [34m[2msrc/services/OllamaService.ts [22m[34mx24 [34m[39m
       [2m Filename pattern: [22m[34msrc/hooks/__tests__/useCompanionBanter.test.ts[39m

[90mstdout[2m | src/hooks/__tests__/useCompanionBanter.test.ts[2m > [22m[2museCompanionBanter[2m > [22m[2mshould call OllamaService.generateBanterLine if conditions are met
[22m[39mBanter line generation failed, will retry... [90mundefined[39m

[90mstdout[2m | src/hooks/__tests__/useCompanionBanter.test.ts[2m > [22m[2museCompanionBanter[2m > [22m[2mshould include deep persona data in OllamaService.generateBanterLine call
[22m[39mBanter line generation failed, will retry... [90mundefined[39m

[90mstdout[2m | src/hooks/__tests__/useCompanionBanter.test.ts[2m > [22m[2museCompanionBanter[2m > [22m[2mshould handle missing ollamaInteractionLog in state gracefully
[22m[39mBanter line generation failed, will retry... [90mundefined[39m

[90mstdout[2m | src/hooks/__tests__/useCompanionBanter.test.ts[2m > [22m[2museCompanionBanter[2m > [22m[2mshould summarize conversation and add memories when banter ends with sufficient history
[22m[39mBanter line generation failed, will retry... [90mundefined[39m

[90mstdout[2m | src/hooks/__tests__/useCompanionBanter.test.ts[2m > [22m[2museCompanionBanter[2m > [22m[2mshould summarize conversation and add memories when banter ends with sufficient history
[22m[39mBanter line generation failed, will retry... [90mundefined[39m

[90mstdout[2m | src/hooks/__tests__/useCompanionBanter.test.ts[2m > [22m[2museCompanionBanter[2m > [22m[2mshould summarize conversation and add memories when banter ends with sufficient history
[22m[39mBanter line generation failed, will retry... [90mundefined[39m

[90mstdout[2m | src/hooks/__tests__/useCompanionBanter.test.ts[2m > [22m[2museCompanionBanter[2m > [22m[2mshould summarize conversation and add memories when banter ends with sufficient history
[22m[39mBanter line generation failed, will retry... [90mundefined[39m

[90mstdout[2m | src/hooks/__tests__/useCompanionBanter.test.ts[2m > [22m[2museCompanionBanter[2m > [22m[2mshould summarize conversation and add memories when banter ends with sufficient history
[22m[39mBanter line generation failed, will retry... [90mundefined[39m

[90mstdout[2m | src/hooks/__tests__/useCompanionBanter.test.ts[2m > [22m[2museCompanionBanter[2m > [22m[2mshould summarize conversation and add memories when banter ends with sufficient history
[22m[39mBanter line generation failed, will retry... [90mundefined[39m

[90mstdout[2m | src/hooks/__tests__/useCompanionBanter.test.ts[2m > [22m[2museCompanionBanter[2m > [22m[2mshould summarize conversation and add memories when banter ends with sufficient history
[22m[39mBanter line generation failed, will retry... [90mundefined[39m

[90mstdout[2m | src/hooks/__tests__/useCompanionBanter.test.ts[2m > [22m[2museCompanionBanter[2m > [22m[2mshould summarize conversation and add memories when banter ends with sufficient history
[22m[39mBanter line generation failed, will retry... [90mundefined[39m

[90mstdout[2m | src/hooks/__tests__/useCompanionBanter.test.ts[2m > [22m[2museCompanionBanter[2m > [22m[2mshould summarize conversation and add memories when banter ends with sufficient history
[22m[39mBanter line generation failed, will retry... [90mundefined[39m

[90mstdout[2m | src/hooks/__tests__/useCompanionBanter.test.ts[2m > [22m[2museCompanionBanter[2m > [22m[2mshould summarize conversation and add memories when banter ends with sufficient history
[22m[39mBanter line generation failed, will retry... [90mundefined[39m

 [31mΓ¥»[39m src/hooks/__tests__/useCompanionBanter.test.ts [2m([22m[2m7 tests[22m[2m | [22m[31m2 failed[39m[2m)[22m[33m 5340[2mms[22m[39m
     [32mΓ£ô[39m should not check for banter if not in PLAYING phase[32m 54[2mms[22m[39m
     [32mΓ£ô[39m should not check for banter if dialogue is open[32m 10[2mms[22m[39m
[31m     [31m├ù[31m should call OllamaService.generateBanterLine if conditions are met[39m[32m 122[2mms[22m[39m
     [32mΓ£ô[39m should include deep persona data in OllamaService.generateBanterLine call[32m 73[2mms[22m[39m
     [32mΓ£ô[39m should not check for banter if global cooldown is active[32m 7[2mms[22m[39m
     [32mΓ£ô[39m should handle missing ollamaInteractionLog in state gracefully[32m 10[2mms[22m[39m
[31m     [31m├ù[31m should summarize conversation and add memories when banter ends with sufficient history[39m[33m 5059[2mms[22m[39m

[2m Test Files [22m [1m[31m1 failed[39m[22m[90m (1)[39m
[2m      Tests [22m [1m[31m2 failed[39m[22m[2m | [22m[1m[32m5 passed[39m[22m[90m (7)[39m
[2m   Start at [22m 22:22:03
[2m   Duration [22m 7.79s

JSON report written to C:/Users/gambi/Documents/Git/AraliaV4/Aralia/vitest-results.json
[1m[41m FAIL [49m[22m [31mTests failed. Watching for file changes...[39m
       [2mpress [22m[1mh[22m[2m to show help[22m[2m, [22m[2mpress [22m[1mq[22m[2m to quit[22m
c[3J[1m[44m RERUN [49m[22m [34m[2msrc/services/OllamaService.ts [22m[34mx25 [34m[39m
       [2m Filename pattern: [22m[34msrc/hooks/__tests__/useCompanionBanter.test.ts[39m

[90mstdout[2m | src/hooks/__tests__/useCompanionBanter.test.ts[2m > [22m[2museCompanionBanter[2m > [22m[2mshould call OllamaService.generateBanterLine if conditions are met
[22m[39mBanter line generation failed, will retry... [90mundefined[39m

[90mstdout[2m | src/hooks/__tests__/useCompanionBanter.test.ts[2m > [22m[2museCompanionBanter[2m > [22m[2mshould include deep persona data in OllamaService.generateBanterLine call
[22m[39mBanter line generation failed, will retry... [90mundefined[39m

[90mstdout[2m | src/hooks/__tests__/useCompanionBanter.test.ts[2m > [22m[2museCompanionBanter[2m > [22m[2mshould handle missing ollamaInteractionLog in state gracefully
[22m[39mBanter line generation failed, will retry... [90mundefined[39m

[90mstdout[2m | src/hooks/__tests__/useCompanionBanter.test.ts[2m > [22m[2museCompanionBanter[2m > [22m[2mshould summarize conversation and add memories when banter ends with sufficient history
[22m[39mBanter line generation failed, will retry... [90mundefined[39m

[90mstdout[2m | src/hooks/__tests__/useCompanionBanter.test.ts[2m > [22m[2museCompanionBanter[2m > [22m[2mshould summarize conversation and add memories when banter ends with sufficient history
[22m[39mBanter line generation failed, will retry... [90mundefined[39m

[90mstdout[2m | src/hooks/__tests__/useCompanionBanter.test.ts[2m > [22m[2museCompanionBanter[2m > [22m[2mshould summarize conversation and add memories when banter ends with sufficient history
[22m[39mBanter line generation failed, will retry... [90mundefined[39m

[90mstdout[2m | src/hooks/__tests__/useCompanionBanter.test.ts[2m > [22m[2museCompanionBanter[2m > [22m[2mshould summarize conversation and add memories when banter ends with sufficient history
[22m[39mBanter line generation failed, will retry... [90mundefined[39m

[90mstdout[2m | src/hooks/__tests__/useCompanionBanter.test.ts[2m > [22m[2museCompanionBanter[2m > [22m[2mshould summarize conversation and add memories when banter ends with sufficient history
[22m[39mBanter line generation failed, will retry... [90mundefined[39m

[90mstdout[2m | src/hooks/__tests__/useCompanionBanter.test.ts[2m > [22m[2museCompanionBanter[2m > [22m[2mshould summarize conversation and add memories when banter ends with sufficient history
[22m[39mBanter line generation failed, will retry... [90mundefined[39m

[90mstdout[2m | src/hooks/__tests__/useCompanionBanter.test.ts[2m > [22m[2museCompanionBanter[2m > [22m[2mshould summarize conversation and add memories when banter ends with sufficient history
[22m[39mBanter line generation failed, will retry... [90mundefined[39m

[90mstdout[2m | src/hooks/__tests__/useCompanionBanter.test.ts[2m > [22m[2museCompanionBanter[2m > [22m[2mshould summarize conversation and add memories when banter ends with sufficient history
[22m[39mBanter line generation failed, will retry... [90mundefined[39m

[90mstdout[2m | src/hooks/__tests__/useCompanionBanter.test.ts[2m > [22m[2museCompanionBanter[2m > [22m[2mshould summarize conversation and add memories when banter ends with sufficient history
[22m[39mBanter line generation failed, will retry... [90mundefined[39m

[90mstdout[2m | src/hooks/__tests__/useCompanionBanter.test.ts[2m > [22m[2museCompanionBanter[2m > [22m[2mshould summarize conversation and add memories when banter ends with sufficient history
[22m[39mBanter line generation failed, will retry... [90mundefined[39m

 [31mΓ¥»[39m src/hooks/__tests__/useCompanionBanter.test.ts [2m([22m[2m7 tests[22m[2m | [22m[31m2 failed[39m[2m)[22m[33m 5167[2mms[22m[39m
     [32mΓ£ô[39m should not check for banter if not in PLAYING phase[32m 59[2mms[22m[39m
     [32mΓ£ô[39m should not check for banter if dialogue is open[32m 13[2mms[22m[39m
[31m     [31m├ù[31m should call OllamaService.generateBanterLine if conditions are met[39m[32m 56[2mms[22m[39m
     [32mΓ£ô[39m should include deep persona data in OllamaService.generateBanterLine call[32m 8[2mms[22m[39m
     [32mΓ£ô[39m should not check for banter if global cooldown is active[32m 6[2mms[22m[39m
     [32mΓ£ô[39m should handle missing ollamaInteractionLog in state gracefully[32m 7[2mms[22m[39m
[31m     [31m├ù[31m should summarize conversation and add memories when banter ends with sufficient history[39m[33m 5014[2mms[22m[39m

[2m Test Files [22m [1m[31m1 failed[39m[22m[90m (1)[39m
[2m      Tests [22m [1m[31m2 failed[39m[22m[2m | [22m[1m[32m5 passed[39m[22m[90m (7)[39m
[2m   Start at [22m 22:22:16
[2m   Duration [22m 6.52s

JSON report written to C:/Users/gambi/Documents/Git/AraliaV4/Aralia/vitest-results.json
[1m[41m FAIL [49m[22m [31mTests failed. Watching for file changes...[39m
       [2mpress [22m[1mh[22m[2m to show help[22m[2m, [22m[2mpress [22m[1mq[22m[2m to quit[22m
c[3J[1m[44m RERUN [49m[22m [34m[2msrc/services/OllamaService.ts [22m[34mx26 [34m[39m
       [2m Filename pattern: [22m[34msrc/hooks/__tests__/useCompanionBanter.test.ts[39m

[90mstdout[2m | src/hooks/__tests__/useCompanionBanter.test.ts[2m > [22m[2museCompanionBanter[2m > [22m[2mshould call OllamaService.generateBanterLine if conditions are met
[22m[39mBanter line generation failed, will retry... [90mundefined[39m

[90mstdout[2m | src/hooks/__tests__/useCompanionBanter.test.ts[2m > [22m[2museCompanionBanter[2m > [22m[2mshould include deep persona data in OllamaService.generateBanterLine call
[22m[39mBanter line generation failed, will retry... [90mundefined[39m

[90mstdout[2m | src/hooks/__tests__/useCompanionBanter.test.ts[2m > [22m[2museCompanionBanter[2m > [22m[2mshould handle missing ollamaInteractionLog in state gracefully
[22m[39mBanter line generation failed, will retry... [90mundefined[39m

[90mstdout[2m | src/hooks/__tests__/useCompanionBanter.test.ts[2m > [22m[2museCompanionBanter[2m > [22m[2mshould summarize conversation and add memories when banter ends with sufficient history
[22m[39mBanter line generation failed, will retry... [90mundefined[39m

[90mstdout[2m | src/hooks/__tests__/useCompanionBanter.test.ts[2m > [22m[2museCompanionBanter[2m > [22m[2mshould summarize conversation and add memories when banter ends with sufficient history
[22m[39mBanter line generation failed, will retry... [90mundefined[39m

[90mstdout[2m | src/hooks/__tests__/useCompanionBanter.test.ts[2m > [22m[2museCompanionBanter[2m > [22m[2mshould summarize conversation and add memories when banter ends with sufficient history
[22m[39mBanter line generation failed, will retry... [90mundefined[39m

[90mstdout[2m | src/hooks/__tests__/useCompanionBanter.test.ts[2m > [22m[2museCompanionBanter[2m > [22m[2mshould summarize conversation and add memories when banter ends with sufficient history
[22m[39mBanter line generation failed, will retry... [90mundefined[39m

[90mstdout[2m | src/hooks/__tests__/useCompanionBanter.test.ts[2m > [22m[2museCompanionBanter[2m > [22m[2mshould summarize conversation and add memories when banter ends with sufficient history
[22m[39mBanter line generation failed, will retry... [90mundefined[39m

[90mstdout[2m | src/hooks/__tests__/useCompanionBanter.test.ts[2m > [22m[2museCompanionBanter[2m > [22m[2mshould summarize conversation and add memories when banter ends with sufficient history
[22m[39mBanter line generation failed, will retry... [90mundefined[39m

[90mstdout[2m | src/hooks/__tests__/useCompanionBanter.test.ts[2m > [22m[2museCompanionBanter[2m > [22m[2mshould summarize conversation and add memories when banter ends with sufficient history
[22m[39mBanter line generation failed, will retry... [90mundefined[39m

[90mstdout[2m | src/hooks/__tests__/useCompanionBanter.test.ts[2m > [22m[2museCompanionBanter[2m > [22m[2mshould summarize conversation and add memories when banter ends with sufficient history
[22m[39mBanter line generation failed, will retry... [90mundefined[39m

[90mstdout[2m | src/hooks/__tests__/useCompanionBanter.test.ts[2m > [22m[2museCompanionBanter[2m > [22m[2mshould summarize conversation and add memories when banter ends with sufficient history
[22m[39mBanter line generation failed, will retry... [90mundefined[39m

[90mstdout[2m | src/hooks/__tests__/useCompanionBanter.test.ts[2m > [22m[2museCompanionBanter[2m > [22m[2mshould summarize conversation and add memories when banter ends with sufficient history
[22m[39mBanter line generation failed, will retry... [90mundefined[39m

 [31mΓ¥»[39m src/hooks/__tests__/useCompanionBanter.test.ts [2m([22m[2m7 tests[22m[2m | [22m[31m2 failed[39m[2m)[22m[33m 5184[2mms[22m[39m
     [32mΓ£ô[39m should not check for banter if not in PLAYING phase[32m 49[2mms[22m[39m
     [32mΓ£ô[39m should not check for banter if dialogue is open[32m 8[2mms[22m[39m
[31m     [31m├ù[31m should call OllamaService.generateBanterLine if conditions are met[39m[32m 39[2mms[22m[39m
     [32mΓ£ô[39m should include deep persona data in OllamaService.generateBanterLine call[32m 9[2mms[22m[39m
     [32mΓ£ô[39m should not check for banter if global cooldown is active[32m 6[2mms[22m[39m
     [32mΓ£ô[39m should handle missing ollamaInteractionLog in state gracefully[32m 8[2mms[22m[39m
[31m     [31m├ù[31m should summarize conversation and add memories when banter ends with sufficient history[39m[33m 5062[2mms[22m[39m

[2m Test Files [22m [1m[31m1 failed[39m[22m[90m (1)[39m
[2m      Tests [22m [1m[31m2 failed[39m[22m[2m | [22m[1m[32m5 passed[39m[22m[90m (7)[39m
[2m   Start at [22m 22:22:27
[2m   Duration [22m 6.12s

JSON report written to C:/Users/gambi/Documents/Git/AraliaV4/Aralia/vitest-results.json
[1m[41m FAIL [49m[22m [31mTests failed. Watching for file changes...[39m
       [2mpress [22m[1mh[22m[2m to show help[22m[2m, [22m[2mpress [22m[1mq[22m[2m to quit[22m
c[3J[1m[44m RERUN [49m[22m [34m[2msrc/hooks/useCompanionBanter.ts [22m[34mx27 [34m[39m
       [2m Filename pattern: [22m[34msrc/hooks/__tests__/useCompanionBanter.test.ts[39m

 [31mΓ¥»[39m src/hooks/__tests__/useCompanionBanter.test.ts [2m([22m[2m7 tests[22m[2m | [22m[31m4 failed[39m[2m)[22m[33m 5126[2mms[22m[39m
     [32mΓ£ô[39m should not check for banter if not in PLAYING phase[32m 63[2mms[22m[39m
     [32mΓ£ô[39m should not check for banter if dialogue is open[32m 5[2mms[22m[39m
[31m     [31m├ù[31m should call OllamaService.generateBanterLine if conditions are met[39m[32m 16[2mms[22m[39m
[31m     [31m├ù[31m should include deep persona data in OllamaService.generateBanterLine call[39m[32m 5[2mms[22m[39m
     [32mΓ£ô[39m should not check for banter if global cooldown is active[32m 6[2mms[22m[39m
[31m     [31m├ù[31m should handle missing ollamaInteractionLog in state gracefully[39m[32m 15[2mms[22m[39m
[31m     [31m├ù[31m should summarize conversation and add memories when banter ends with sufficient history[39m[33m 5011[2mms[22m[39m

[2m Test Files [22m [1m[31m1 failed[39m[22m[90m (1)[39m
[2m      Tests [22m [1m[31m4 failed[39m[22m[2m | [22m[1m[32m3 passed[39m[22m[90m (7)[39m
[2m   Start at [22m 22:35:44
[2m   Duration [22m 6.40s

JSON report written to C:/Users/gambi/Documents/Git/AraliaV4/Aralia/vitest-results.json
[1m[41m FAIL [49m[22m [31mTests failed. Watching for file changes...[39m
       [2mpress [22m[1mh[22m[2m to show help[22m[2m, [22m[2mpress [22m[1mq[22m[2m to quit[22m
c[3J[1m[44m RERUN [49m[22m [34m[2msrc/hooks/__tests__/useCompanionBanter.test.ts [22m[34mx28 [34m[39m
       [2m Filename pattern: [22m[34msrc/hooks/__tests__/useCompanionBanter.test.ts[39m

[90mstdout[2m | src/hooks/__tests__/useCompanionBanter.test.ts[2m > [22m[2museCompanionBanter[2m > [22m[2mshould call OllamaService.generateBanterLine if conditions are met
[22m[39mBanter line generation failed, will retry... [90mundefined[39m

[90mstdout[2m | src/hooks/__tests__/useCompanionBanter.test.ts[2m > [22m[2museCompanionBanter[2m > [22m[2mshould include deep persona data in OllamaService.generateBanterLine call
[22m[39mBanter line generation failed, will retry... [90mundefined[39m

[90mstdout[2m | src/hooks/__tests__/useCompanionBanter.test.ts[2m > [22m[2museCompanionBanter[2m > [22m[2mshould handle missing ollamaInteractionLog in state gracefully
[22m[39mBanter line generation failed, will retry... [90mundefined[39m

[90mstdout[2m | src/hooks/__tests__/useCompanionBanter.test.ts[2m > [22m[2museCompanionBanter[2m > [22m[2mshould summarize conversation and add memories when banter ends with sufficient history
[22m[39mBanter line generation failed, will retry... [90mundefined[39m

[90mstdout[2m | src/hooks/__tests__/useCompanionBanter.test.ts[2m > [22m[2museCompanionBanter[2m > [22m[2mshould summarize conversation and add memories when banter ends with sufficient history
[22m[39mBanter line generation failed, will retry... [90mundefined[39m

[90mstdout[2m | src/hooks/__tests__/useCompanionBanter.test.ts[2m > [22m[2museCompanionBanter[2m > [22m[2mshould summarize conversation and add memories when banter ends with sufficient history
[22m[39mBanter line generation failed, will retry... [90mundefined[39m

[90mstdout[2m | src/hooks/__tests__/useCompanionBanter.test.ts[2m > [22m[2museCompanionBanter[2m > [22m[2mshould summarize conversation and add memories when banter ends with sufficient history
[22m[39mBanter line generation failed, will retry... [90mundefined[39m

[90mstdout[2m | src/hooks/__tests__/useCompanionBanter.test.ts[2m > [22m[2museCompanionBanter[2m > [22m[2mshould summarize conversation and add memories when banter ends with sufficient history
[22m[39mBanter line generation failed, will retry... [90mundefined[39m

[90mstdout[2m | src/hooks/__tests__/useCompanionBanter.test.ts[2m > [22m[2museCompanionBanter[2m > [22m[2mshould summarize conversation and add memories when banter ends with sufficient history
[22m[39mBanter line generation failed, will retry... [90mundefined[39m

[90mstdout[2m | src/hooks/__tests__/useCompanionBanter.test.ts[2m > [22m[2museCompanionBanter[2m > [22m[2mshould summarize conversation and add memories when banter ends with sufficient history
[22m[39mBanter line generation failed, will retry... [90mundefined[39m

[90mstdout[2m | src/hooks/__tests__/useCompanionBanter.test.ts[2m > [22m[2museCompanionBanter[2m > [22m[2mshould summarize conversation and add memories when banter ends with sufficient history
[22m[39mBanter line generation failed, will retry... [90mundefined[39m

[90mstdout[2m | src/hooks/__tests__/useCompanionBanter.test.ts[2m > [22m[2museCompanionBanter[2m > [22m[2mshould summarize conversation and add memories when banter ends with sufficient history
[22m[39mBanter line generation failed, will retry... [90mundefined[39m

[90mstdout[2m | src/hooks/__tests__/useCompanionBanter.test.ts[2m > [22m[2museCompanionBanter[2m > [22m[2mshould summarize conversation and add memories when banter ends with sufficient history
[22m[39mBanter line generation failed, will retry... [90mundefined[39m

 [31mΓ¥»[39m src/hooks/__tests__/useCompanionBanter.test.ts [2m([22m[2m7 tests[22m[2m | [22m[31m2 failed[39m[2m)[22m[33m 5134[2mms[22m[39m
     [32mΓ£ô[39m should not check for banter if not in PLAYING phase[32m 56[2mms[22m[39m
     [32mΓ£ô[39m should not check for banter if dialogue is open[32m 5[2mms[22m[39m
[31m     [31m├ù[31m should call OllamaService.generateBanterLine if conditions are met[39m[32m 32[2mms[22m[39m
     [32mΓ£ô[39m should include deep persona data in OllamaService.generateBanterLine call[32m 8[2mms[22m[39m
     [32mΓ£ô[39m should not check for banter if global cooldown is active[32m 5[2mms[22m[39m
     [32mΓ£ô[39m should handle missing ollamaInteractionLog in state gracefully[32m 7[2mms[22m[39m
[31m     [31m├ù[31m should summarize conversation and add memories when banter ends with sufficient history[39m[33m 5016[2mms[22m[39m

[2m Test Files [22m [1m[31m1 failed[39m[22m[90m (1)[39m
[2m      Tests [22m [1m[31m2 failed[39m[22m[2m | [22m[1m[32m5 passed[39m[22m[90m (7)[39m
[2m   Start at [22m 22:36:10
[2m   Duration [22m 6.25s

JSON report written to C:/Users/gambi/Documents/Git/AraliaV4/Aralia/vitest-results.json
[1m[41m FAIL [49m[22m [31mTests failed. Watching for file changes...[39m
       [2mpress [22m[1mh[22m[2m to show help[22m[2m, [22m[2mpress [22m[1mq[22m[2m to quit[22m
c[3J[1m[44m RERUN [49m[22m [34m[2msrc/hooks/useCompanionBanter.ts [22m[34mx29 [34m[39m
       [2m Filename pattern: [22m[34msrc/hooks/__tests__/useCompanionBanter.test.ts[39m

[90mstdout[2m | src/hooks/__tests__/useCompanionBanter.test.ts[2m > [22m[2museCompanionBanter[2m > [22m[2mshould call OllamaService.generateBanterLine if conditions are met
[22m[39mBanter line generation failed, will retry... [90mundefined[39m

[90mstdout[2m | src/hooks/__tests__/useCompanionBanter.test.ts[2m > [22m[2museCompanionBanter[2m > [22m[2mshould include deep persona data in OllamaService.generateBanterLine call
[22m[39mBanter line generation failed, will retry... [90mundefined[39m

[90mstdout[2m | src/hooks/__tests__/useCompanionBanter.test.ts[2m > [22m[2museCompanionBanter[2m > [22m[2mshould handle missing ollamaInteractionLog in state gracefully
[22m[39mBanter line generation failed, will retry... [90mundefined[39m

[90mstdout[2m | src/hooks/__tests__/useCompanionBanter.test.ts[2m > [22m[2museCompanionBanter[2m > [22m[2mshould summarize conversation and add memories when banter ends with sufficient history
[22m[39mBanter line generation failed, will retry... [90mundefined[39m

[90mstdout[2m | src/hooks/__tests__/useCompanionBanter.test.ts[2m > [22m[2museCompanionBanter[2m > [22m[2mshould summarize conversation and add memories when banter ends with sufficient history
[22m[39mBanter line generation failed, will retry... [90mundefined[39m

[90mstdout[2m | src/hooks/__tests__/useCompanionBanter.test.ts[2m > [22m[2museCompanionBanter[2m > [22m[2mshould summarize conversation and add memories when banter ends with sufficient history
[22m[39mBanter line generation failed, will retry... [90mundefined[39m

[90mstdout[2m | src/hooks/__tests__/useCompanionBanter.test.ts[2m > [22m[2museCompanionBanter[2m > [22m[2mshould summarize conversation and add memories when banter ends with sufficient history
[22m[39mBanter line generation failed, will retry... [90mundefined[39m

[90mstdout[2m | src/hooks/__tests__/useCompanionBanter.test.ts[2m > [22m[2museCompanionBanter[2m > [22m[2mshould summarize conversation and add memories when banter ends with sufficient history
[22m[39mBanter line generation failed, will retry... [90mundefined[39m

[90mstdout[2m | src/hooks/__tests__/useCompanionBanter.test.ts[2m > [22m[2museCompanionBanter[2m > [22m[2mshould summarize conversation and add memories when banter ends with sufficient history
[22m[39mBanter line generation failed, will retry... [90mundefined[39m

[90mstdout[2m | src/hooks/__tests__/useCompanionBanter.test.ts[2m > [22m[2museCompanionBanter[2m > [22m[2mshould summarize conversation and add memories when banter ends with sufficient history
[22m[39mBanter line generation failed, will retry... [90mundefined[39m

[90mstdout[2m | src/hooks/__tests__/useCompanionBanter.test.ts[2m > [22m[2museCompanionBanter[2m > [22m[2mshould summarize conversation and add memories when banter ends with sufficient history
[22m[39mBanter line generation failed, will retry... [90mundefined[39m

[90mstdout[2m | src/hooks/__tests__/useCompanionBanter.test.ts[2m > [22m[2museCompanionBanter[2m > [22m[2mshould summarize conversation and add memories when banter ends with sufficient history
[22m[39mBanter line generation failed, will retry... [90mundefined[39m

[90mstdout[2m | src/hooks/__tests__/useCompanionBanter.test.ts[2m > [22m[2museCompanionBanter[2m > [22m[2mshould summarize conversation and add memories when banter ends with sufficient history
[22m[39mBanter line generation failed, will retry... [90mundefined[39m

 [31mΓ¥»[39m src/hooks/__tests__/useCompanionBanter.test.ts [2m([22m[2m7 tests[22m[2m | [22m[31m2 failed[39m[2m)[22m[33m 5086[2mms[22m[39m
     [32mΓ£ô[39m should not check for banter if not in PLAYING phase[32m 34[2mms[22m[39m
     [32mΓ£ô[39m should not check for banter if dialogue is open[32m 4[2mms[22m[39m
[31m     [31m├ù[31m should call OllamaService.generateBanterLine if conditions are met[39m[32m 24[2mms[22m[39m
     [32mΓ£ô[39m should include deep persona data in OllamaService.generateBanterLine call[32m 5[2mms[22m[39m
     [32mΓ£ô[39m should not check for banter if global cooldown is active[32m 3[2mms[22m[39m
     [32mΓ£ô[39m should handle missing ollamaInteractionLog in state gracefully[32m 5[2mms[22m[39m
[31m     [31m├ù[31m should summarize conversation and add memories when banter ends with sufficient history[39m[33m 5009[2mms[22m[39m

[2m Test Files [22m [1m[31m1 failed[39m[22m[90m (1)[39m
[2m      Tests [22m [1m[31m2 failed[39m[22m[2m | [22m[1m[32m5 passed[39m[22m[90m (7)[39m
[2m   Start at [22m 22:44:16
[2m   Duration [22m 5.79s

JSON report written to C:/Users/gambi/Documents/Git/AraliaV4/Aralia/vitest-results.json
[1m[41m FAIL [49m[22m [31mTests failed. Watching for file changes...[39m
       [2mpress [22m[1mh[22m[2m to show help[22m[2m, [22m[2mpress [22m[1mq[22m[2m to quit[22m
c[3J[1m[44m RERUN [49m[22m [34m[2msrc/hooks/__tests__/useCompanionBanter.test.ts [22m[34mx30 [34m[39m
       [2m Filename pattern: [22m[34msrc/hooks/__tests__/useCompanionBanter.test.ts[39m

[90mstdout[2m | src/hooks/__tests__/useCompanionBanter.test.ts[2m > [22m[2museCompanionBanter[2m > [22m[2mshould call OllamaService.generateBanterLine if conditions are met
[22m[39mBanter line generation failed, will retry... [90mundefined[39m

[90mstdout[2m | src/hooks/__tests__/useCompanionBanter.test.ts[2m > [22m[2museCompanionBanter[2m > [22m[2mshould include deep persona data in OllamaService.generateBanterLine call
[22m[39mBanter line generation failed, will retry... [90mundefined[39m

[90mstdout[2m | src/hooks/__tests__/useCompanionBanter.test.ts[2m > [22m[2museCompanionBanter[2m > [22m[2mshould handle missing ollamaInteractionLog in state gracefully
[22m[39mBanter line generation failed, will retry... [90mundefined[39m

 [31mΓ¥»[39m src/hooks/__tests__/useCompanionBanter.test.ts [2m([22m[2m7 tests[22m[2m | [22m[31m2 failed[39m[2m)[22m[33m 5125[2mms[22m[39m
     [32mΓ£ô[39m should not check for banter if not in PLAYING phase[32m 44[2mms[22m[39m
     [32mΓ£ô[39m should not check for banter if dialogue is open[32m 6[2mms[22m[39m
[31m     [31m├ù[31m should call OllamaService.generateBanterLine if conditions are met[39m[32m 40[2mms[22m[39m
     [32mΓ£ô[39m should include deep persona data in OllamaService.generateBanterLine call[32m 10[2mms[22m[39m
     [32mΓ£ô[39m should not check for banter if global cooldown is active[32m 8[2mms[22m[39m
     [32mΓ£ô[39m should handle missing ollamaInteractionLog in state gracefully[32m 6[2mms[22m[39m
[31m     [31m├ù[31m should summarize conversation and add memories when banter ends with sufficient history[39m[33m 5007[2mms[22m[39m

[2m Test Files [22m [1m[31m1 failed[39m[22m[90m (1)[39m
[2m      Tests [22m [1m[31m2 failed[39m[22m[2m | [22m[1m[32m5 passed[39m[22m[90m (7)[39m
[2m   Start at [22m 22:44:52
[2m   Duration [22m 5.95s

JSON report written to C:/Users/gambi/Documents/Git/AraliaV4/Aralia/vitest-results.json
[1m[41m FAIL [49m[22m [31mTests failed. Watching for file changes...[39m
       [2mpress [22m[1mh[22m[2m to show help[22m[2m, [22m[2mpress [22m[1mq[22m[2m to quit[22m
c[3J[1m[44m RERUN [49m[22m [34m[2msrc/services/ollama/banter.ts [22m[34mx31 [34m[39m
       [2m Filename pattern: [22m[34msrc/hooks/__tests__/useCompanionBanter.test.ts[39m

[90mstdout[2m | src/hooks/__tests__/useCompanionBanter.test.ts[2m > [22m[2museCompanionBanter[2m > [22m[2mshould call OllamaService.generateBanterLine if conditions are met
[22m[39mBanter line generation failed, will retry... [90mundefined[39m

[90mstdout[2m | src/hooks/__tests__/useCompanionBanter.test.ts[2m > [22m[2museCompanionBanter[2m > [22m[2mshould include deep persona data in OllamaService.generateBanterLine call
[22m[39mBanter line generation failed, will retry... [90mundefined[39m

[90mstdout[2m | src/hooks/__tests__/useCompanionBanter.test.ts[2m > [22m[2museCompanionBanter[2m > [22m[2mshould handle missing ollamaInteractionLog in state gracefully
[22m[39mBanter line generation failed, will retry... [90mundefined[39m

 [31mΓ¥»[39m src/hooks/__tests__/useCompanionBanter.test.ts [2m([22m[2m7 tests[22m[2m | [22m[31m2 failed[39m[2m)[22m[33m 5086[2mms[22m[39m
     [32mΓ£ô[39m should not check for banter if not in PLAYING phase[32m 31[2mms[22m[39m
     [32mΓ£ô[39m should not check for banter if dialogue is open[32m 5[2mms[22m[39m
[31m     [31m├ù[31m should call OllamaService.generateBanterLine if conditions are met[39m[32m 20[2mms[22m[39m
     [32mΓ£ô[39m should include deep persona data in OllamaService.generateBanterLine call[32m 6[2mms[22m[39m
     [32mΓ£ô[39m should not check for banter if global cooldown is active[32m 3[2mms[22m[39m
     [32mΓ£ô[39m should handle missing ollamaInteractionLog in state gracefully[32m 6[2mms[22m[39m
[31m     [31m├ù[31m should summarize conversation and add memories when banter ends with sufficient history[39m[33m 5012[2mms[22m[39m

[2m Test Files [22m [1m[31m1 failed[39m[22m[90m (1)[39m
[2m      Tests [22m [1m[31m2 failed[39m[22m[2m | [22m[1m[32m5 passed[39m[22m[90m (7)[39m
[2m   Start at [22m 23:11:19
[2m   Duration [22m 6.00s

JSON report written to C:/Users/gambi/Documents/Git/AraliaV4/Aralia/vitest-results.json
[1m[41m FAIL [49m[22m [31mTests failed. Watching for file changes...[39m
       [2mpress [22m[1mh[22m[2m to show help[22m[2m, [22m[2mpress [22m[1mq[22m[2m to quit[22m
c[3J[1m[44m RERUN [49m[22m [34m[2msrc/hooks/__tests__/useCompanionBanter.test.ts [22m[34mx32 [34m[39m
       [2m Filename pattern: [22m[34msrc/hooks/__tests__/useCompanionBanter.test.ts[39m

[90mstdout[2m | src/hooks/__tests__/useCompanionBanter.test.ts[2m > [22m[2museCompanionBanter[2m > [22m[2mshould handle missing ollamaInteractionLog in state gracefully
[22m[39mBanter line generation failed, will retry... [90mundefined[39m

 [31mΓ¥»[39m src/hooks/__tests__/useCompanionBanter.test.ts [2m([22m[2m7 tests[22m[2m | [22m[31m1 failed[39m[2m)[22m[33m 5068[2mms[22m[39m
     [32mΓ£ô[39m should not check for banter if not in PLAYING phase[32m 27[2mms[22m[39m
     [32mΓ£ô[39m should not check for banter if dialogue is open[32m 4[2mms[22m[39m
     [32mΓ£ô[39m should call OllamaService.generateBanterLine if conditions are met[32m 9[2mms[22m[39m
     [32mΓ£ô[39m should include deep persona data in OllamaService.generateBanterLine call[32m 4[2mms[22m[39m
     [32mΓ£ô[39m should not check for banter if global cooldown is active[32m 3[2mms[22m[39m
     [32mΓ£ô[39m should handle missing ollamaInteractionLog in state gracefully[32m 5[2mms[22m[39m
[31m     [31m├ù[31m should summarize conversation and add memories when banter ends with sufficient history[39m[33m 5014[2mms[22m[39m

[2m Test Files [22m [1m[31m1 failed[39m[22m[90m (1)[39m
[2m      Tests [22m [1m[31m1 failed[39m[22m[2m | [22m[1m[32m6 passed[39m[22m[90m (7)[39m
[2m   Start at [22m 23:16:32
[2m   Duration [22m 5.55s

JSON report written to C:/Users/gambi/Documents/Git/AraliaV4/Aralia/vitest-results.json
[1m[41m FAIL [49m[22m [31mTests failed. Watching for file changes...[39m
       [2mpress [22m[1mh[22m[2m to show help[22m[2m, [22m[2mpress [22m[1mq[22m[2m to quit[22m
c[3J[1m[44m RERUN [49m[22m [34m[2msrc/hooks/__tests__/useCompanionBanter.test.ts [22m[34mx33 [34m[39m
       [2m Filename pattern: [22m[34msrc/hooks/__tests__/useCompanionBanter.test.ts[39m

 [31mΓ¥»[39m src/hooks/__tests__/useCompanionBanter.test.ts [2m([22m[2m7 tests[22m[2m | [22m[31m1 failed[39m[2m)[22m[33m 5048[2mms[22m[39m
     [32mΓ£ô[39m should not check for banter if not in PLAYING phase[32m 20[2mms[22m[39m
     [32mΓ£ô[39m should not check for banter if dialogue is open[32m 2[2mms[22m[39m
     [32mΓ£ô[39m should call OllamaService.generateBanterLine if conditions are met[32m 6[2mms[22m[39m
     [32mΓ£ô[39m should include deep persona data in OllamaService.generateBanterLine call[32m 4[2mms[22m[39m
     [32mΓ£ô[39m should not check for banter if global cooldown is active[32m 2[2mms[22m[39m
     [32mΓ£ô[39m should handle missing ollamaInteractionLog in state gracefully[32m 2[2mms[22m[39m
[31m     [31m├ù[31m should summarize conversation and add memories when banter ends with sufficient history[39m[33m 5011[2mms[22m[39m

[2m Test Files [22m [1m[31m1 failed[39m[22m[90m (1)[39m
[2m      Tests [22m [1m[31m1 failed[39m[22m[2m | [22m[1m[32m6 passed[39m[22m[90m (7)[39m
[2m   Start at [22m 23:16:49
[2m   Duration [22m 5.52s

JSON report written to C:/Users/gambi/Documents/Git/AraliaV4/Aralia/vitest-results.json
[1m[41m FAIL [49m[22m [31mTests failed. Watching for file changes...[39m
       [2mpress [22m[1mh[22m[2m to show help[22m[2m, [22m[2mpress [22m[1mq[22m[2m to quit[22m
c[3J[1m[44m RERUN [49m[22m [34m[2msrc/services/ollama/client.ts [22m[34mx34 [34m[39m
       [2m Filename pattern: [22m[34msrc/hooks/__tests__/useCompanionBanter.test.ts[39m

 [31mΓ¥»[39m src/hooks/__tests__/useCompanionBanter.test.ts [2m([22m[2m7 tests[22m[2m | [22m[31m1 failed[39m[2m)[22m[33m 5105[2mms[22m[39m
     [32mΓ£ô[39m should not check for banter if not in PLAYING phase[32m 58[2mms[22m[39m
     [32mΓ£ô[39m should not check for banter if dialogue is open[32m 6[2mms[22m[39m
     [32mΓ£ô[39m should call OllamaService.generateBanterLine if conditions are met[32m 12[2mms[22m[39m
     [32mΓ£ô[39m should include deep persona data in OllamaService.generateBanterLine call[32m 5[2mms[22m[39m
     [32mΓ£ô[39m should not check for banter if global cooldown is active[32m 4[2mms[22m[39m
     [32mΓ£ô[39m should handle missing ollamaInteractionLog in state gracefully[32m 5[2mms[22m[39m
[31m     [31m├ù[31m should summarize conversation and add memories when banter ends with sufficient history[39m[33m 5011[2mms[22m[39m

[2m Test Files [22m [1m[31m1 failed[39m[22m[90m (1)[39m
[2m      Tests [22m [1m[31m1 failed[39m[22m[2m | [22m[1m[32m6 passed[39m[22m[90m (7)[39m
[2m   Start at [22m 23:30:38
[2m   Duration [22m 6.73s

JSON report written to C:/Users/gambi/Documents/Git/AraliaV4/Aralia/vitest-results.json
[1m[41m FAIL [49m[22m [31mTests failed. Watching for file changes...[39m
       [2mpress [22m[1mh[22m[2m to show help[22m[2m, [22m[2mpress [22m[1mq[22m[2m to quit[22m
c[3J[1m[44m RERUN [49m[22m [34m[2msrc/types/ollama.ts [22m[34mx35 [34m[39m
       [2m Filename pattern: [22m[34msrc/hooks/__tests__/useCompanionBanter.test.ts[39m

 [31mΓ¥»[39m src/hooks/__tests__/useCompanionBanter.test.ts [2m([22m[2m7 tests[22m[2m | [22m[31m1 failed[39m[2m)[22m[33m 5097[2mms[22m[39m
     [32mΓ£ô[39m should not check for banter if not in PLAYING phase[32m 31[2mms[22m[39m
     [32mΓ£ô[39m should not check for banter if dialogue is open[32m 8[2mms[22m[39m
     [32mΓ£ô[39m should call OllamaService.generateBanterLine if conditions are met[32m 10[2mms[22m[39m
     [32mΓ£ô[39m should include deep persona data in OllamaService.generateBanterLine call[32m 8[2mms[22m[39m
     [32mΓ£ô[39m should not check for banter if global cooldown is active[32m 4[2mms[22m[39m
     [32mΓ£ô[39m should handle missing ollamaInteractionLog in state gracefully[32m 3[2mms[22m[39m
[31m     [31m├ù[31m should summarize conversation and add memories when banter ends with sufficient history[39m[33m 5031[2mms[22m[39m

[2m Test Files [22m [1m[31m1 failed[39m[22m[90m (1)[39m
[2m      Tests [22m [1m[31m1 failed[39m[22m[2m | [22m[1m[32m6 passed[39m[22m[90m (7)[39m
[2m   Start at [22m 23:34:38
[2m   Duration [22m 5.99s

JSON report written to C:/Users/gambi/Documents/Git/AraliaV4/Aralia/vitest-results.json
[1m[41m FAIL [49m[22m [31mTests failed. Watching for file changes...[39m
       [2mpress [22m[1mh[22m[2m to show help[22m[2m, [22m[2mpress [22m[1mq[22m[2m to quit[22m
c[3J[1m[44m RERUN [49m[22m [34m[2msrc/types/ollama.ts [22m[34mx36 [34m[39m
       [2m Filename pattern: [22m[34msrc/hooks/__tests__/useCompanionBanter.test.ts[39m

 [31mΓ¥»[39m src/hooks/__tests__/useCompanionBanter.test.ts [2m([22m[2m7 tests[22m[2m | [22m[31m1 failed[39m[2m)[22m[33m 5176[2mms[22m[39m
     [32mΓ£ô[39m should not check for banter if not in PLAYING phase[32m 69[2mms[22m[39m
     [32mΓ£ô[39m should not check for banter if dialogue is open[32m 8[2mms[22m[39m
     [32mΓ£ô[39m should call OllamaService.generateBanterLine if conditions are met[32m 21[2mms[22m[39m
     [32mΓ£ô[39m should include deep persona data in OllamaService.generateBanterLine call[32m 10[2mms[22m[39m
     [32mΓ£ô[39m should not check for banter if global cooldown is active[32m 6[2mms[22m[39m
     [32mΓ£ô[39m should handle missing ollamaInteractionLog in state gracefully[32m 7[2mms[22m[39m
[31m     [31m├ù[31m should summarize conversation and add memories when banter ends with sufficient history[39m[33m 5050[2mms[22m[39m

[2m Test Files [22m [1m[31m1 failed[39m[22m[90m (1)[39m
[2m      Tests [22m [1m[31m1 failed[39m[22m[2m | [22m[1m[32m6 passed[39m[22m[90m (7)[39m
[2m   Start at [22m 23:39:10
[2m   Duration [22m 6.89s

JSON report written to C:/Users/gambi/Documents/Git/AraliaV4/Aralia/vitest-results.json
[1m[41m FAIL [49m[22m [31mTests failed. Watching for file changes...[39m
       [2mpress [22m[1mh[22m[2m to show help[22m[2m, [22m[2mpress [22m[1mq[22m[2m to quit[22m
c[3J[1m[44m RERUN [49m[22m [34m[2msrc/types/ollama.ts [22m[34mx37 [34m[39m
       [2m Filename pattern: [22m[34msrc/hooks/__tests__/useCompanionBanter.test.ts[39m

 [31mΓ¥»[39m src/hooks/__tests__/useCompanionBanter.test.ts [2m([22m[2m7 tests[22m[2m | [22m[31m1 failed[39m[2m)[22m[33m 5048[2mms[22m[39m
     [32mΓ£ô[39m should not check for banter if not in PLAYING phase[32m 21[2mms[22m[39m
     [32mΓ£ô[39m should not check for banter if dialogue is open[32m 3[2mms[22m[39m
     [32mΓ£ô[39m should call OllamaService.generateBanterLine if conditions are met[32m 7[2mms[22m[39m
     [32mΓ£ô[39m should include deep persona data in OllamaService.generateBanterLine call[32m 4[2mms[22m[39m
     [32mΓ£ô[39m should not check for banter if global cooldown is active[32m 2[2mms[22m[39m
     [32mΓ£ô[39m should handle missing ollamaInteractionLog in state gracefully[32m 2[2mms[22m[39m
[31m     [31m├ù[31m should summarize conversation and add memories when banter ends with sufficient history[39m[33m 5009[2mms[22m[39m

[2m Test Files [22m [1m[31m1 failed[39m[22m[90m (1)[39m
[2m      Tests [22m [1m[31m1 failed[39m[22m[2m | [22m[1m[32m6 passed[39m[22m[90m (7)[39m
[2m   Start at [22m 00:03:44
[2m   Duration [22m 5.74s

JSON report written to C:/Users/gambi/Documents/Git/AraliaV4/Aralia/vitest-results.json
[1m[41m FAIL [49m[22m [31mTests failed. Watching for file changes...[39m
       [2mpress [22m[1mh[22m[2m to show help[22m[2m, [22m[2mpress [22m[1mq[22m[2m to quit[22m
c[3J[1m[44m RERUN [49m[22m [34m[2msrc/types/companions.ts [22m[34mx38 [34m[39m
       [2m Filename pattern: [22m[34msrc/hooks/__tests__/useCompanionBanter.test.ts[39m

 [31mΓ¥»[39m src/hooks/__tests__/useCompanionBanter.test.ts [2m([22m[2m7 tests[22m[2m | [22m[31m1 failed[39m[2m)[22m[33m 5117[2mms[22m[39m
     [32mΓ£ô[39m should not check for banter if not in PLAYING phase[32m 55[2mms[22m[39m
     [32mΓ£ô[39m should not check for banter if dialogue is open[32m 7[2mms[22m[39m
     [32mΓ£ô[39m should call OllamaService.generateBanterLine if conditions are met[32m 22[2mms[22m[39m
     [32mΓ£ô[39m should include deep persona data in OllamaService.generateBanterLine call[32m 9[2mms[22m[39m
     [32mΓ£ô[39m should not check for banter if global cooldown is active[32m 4[2mms[22m[39m
     [32mΓ£ô[39m should handle missing ollamaInteractionLog in state gracefully[32m 6[2mms[22m[39m
[31m     [31m├ù[31m should summarize conversation and add memories when banter ends with sufficient history[39m[33m 5011[2mms[22m[39m

[2m Test Files [22m [1m[31m1 failed[39m[22m[90m (1)[39m
[2m      Tests [22m [1m[31m1 failed[39m[22m[2m | [22m[1m[32m6 passed[39m[22m[90m (7)[39m
[2m   Start at [22m 00:12:58
[2m   Duration [22m 6.16s

JSON report written to C:/Users/gambi/Documents/Git/AraliaV4/Aralia/vitest-results.json
[1m[41m FAIL [49m[22m [31mTests failed. Watching for file changes...[39m
       [2mpress [22m[1mh[22m[2m to show help[22m[2m, [22m[2mpress [22m[1mq[22m[2m to quit[22m
c[3J[1m[44m RERUN [49m[22m [34m[2msrc/types/companions.ts [22m[34mx39 [34m[39m
       [2m Filename pattern: [22m[34msrc/hooks/__tests__/useCompanionBanter.test.ts[39m

 [31mΓ¥»[39m src/hooks/__tests__/useCompanionBanter.test.ts [2m([22m[2m7 tests[22m[2m | [22m[31m1 failed[39m[2m)[22m[33m 5099[2mms[22m[39m
     [32mΓ£ô[39m should not check for banter if not in PLAYING phase[32m 47[2mms[22m[39m
     [32mΓ£ô[39m should not check for banter if dialogue is open[32m 5[2mms[22m[39m
     [32mΓ£ô[39m should call OllamaService.generateBanterLine if conditions are met[32m 13[2mms[22m[39m
     [32mΓ£ô[39m should include deep persona data in OllamaService.generateBanterLine call[32m 7[2mms[22m[39m
     [32mΓ£ô[39m should not check for banter if global cooldown is active[32m 5[2mms[22m[39m
     [32mΓ£ô[39m should handle missing ollamaInteractionLog in state gracefully[32m 4[2mms[22m[39m
[31m     [31m├ù[31m should summarize conversation and add memories when banter ends with sufficient history[39m[33m 5015[2mms[22m[39m

[2m Test Files [22m [1m[31m1 failed[39m[22m[90m (1)[39m
[2m      Tests [22m [1m[31m1 failed[39m[22m[2m | [22m[1m[32m6 passed[39m[22m[90m (7)[39m
[2m   Start at [22m 00:13:17
[2m   Duration [22m 6.19s

JSON report written to C:/Users/gambi/Documents/Git/AraliaV4/Aralia/vitest-results.json
[1m[41m FAIL [49m[22m [31mTests failed. Watching for file changes...[39m
       [2mpress [22m[1mh[22m[2m to show help[22m[2m, [22m[2mpress [22m[1mq[22m[2m to quit[22m
c[3J[1m[44m RERUN [49m[22m [34m[2msrc/services/ollama/index.ts [22m[34mx40 [34m[39m
       [2m Filename pattern: [22m[34msrc/hooks/__tests__/useCompanionBanter.test.ts[39m

 [31mΓ¥»[39m src/hooks/__tests__/useCompanionBanter.test.ts [2m([22m[2m7 tests[22m[2m | [22m[31m1 failed[39m[2m)[22m[33m 5189[2mms[22m[39m
     [32mΓ£ô[39m should not check for banter if not in PLAYING phase[32m 124[2mms[22m[39m
     [32mΓ£ô[39m should not check for banter if dialogue is open[32m 8[2mms[22m[39m
     [32mΓ£ô[39m should call OllamaService.generateBanterLine if conditions are met[32m 17[2mms[22m[39m
     [32mΓ£ô[39m should include deep persona data in OllamaService.generateBanterLine call[32m 9[2mms[22m[39m
     [32mΓ£ô[39m should not check for banter if global cooldown is active[32m 6[2mms[22m[39m
     [32mΓ£ô[39m should handle missing ollamaInteractionLog in state gracefully[32m 7[2mms[22m[39m
[31m     [31m├ù[31m should summarize conversation and add memories when banter ends with sufficient history[39m[33m 5015[2mms[22m[39m

[2m Test Files [22m [1m[31m1 failed[39m[22m[90m (1)[39m
[2m      Tests [22m [1m[31m1 failed[39m[22m[2m | [22m[1m[32m6 passed[39m[22m[90m (7)[39m
[2m   Start at [22m 00:15:07
[2m   Duration [22m 6.77s

JSON report written to C:/Users/gambi/Documents/Git/AraliaV4/Aralia/vitest-results.json
[1m[41m FAIL [49m[22m [31mTests failed. Watching for file changes...[39m
       [2mpress [22m[1mh[22m[2m to show help[22m[2m, [22m[2mpress [22m[1mq[22m[2m to quit[22m
c[3J[1m[44m RERUN [49m[22m [34m[2msrc/hooks/useCompanionBanter.ts [22m[34mx41 [34m[39m
       [2m Filename pattern: [22m[34msrc/hooks/__tests__/useCompanionBanter.test.ts[39m

 [31mΓ¥»[39m src/hooks/__tests__/useCompanionBanter.test.ts [2m([22m[2m7 tests[22m[2m | [22m[31m1 failed[39m[2m)[22m[33m 5098[2mms[22m[39m
     [32mΓ£ô[39m should not check for banter if not in PLAYING phase[32m 38[2mms[22m[39m
     [32mΓ£ô[39m should not check for banter if dialogue is open[32m 6[2mms[22m[39m
     [32mΓ£ô[39m should call OllamaService.generateBanterLine if conditions are met[32m 14[2mms[22m[39m
     [32mΓ£ô[39m should include deep persona data in OllamaService.generateBanterLine call[32m 5[2mms[22m[39m
     [32mΓ£ô[39m should not check for banter if global cooldown is active[32m 6[2mms[22m[39m
     [32mΓ£ô[39m should handle missing ollamaInteractionLog in state gracefully[32m 4[2mms[22m[39m
[31m     [31m├ù[31m should summarize conversation and add memories when banter ends with sufficient history[39m[33m 5024[2mms[22m[39m

[2m Test Files [22m [1m[31m1 failed[39m[22m[90m (1)[39m
[2m      Tests [22m [1m[31m1 failed[39m[22m[2m | [22m[1m[32m6 passed[39m[22m[90m (7)[39m
[2m   Start at [22m 00:15:34
[2m   Duration [22m 5.80s

JSON report written to C:/Users/gambi/Documents/Git/AraliaV4/Aralia/vitest-results.json
[1m[41m FAIL [49m[22m [31mTests failed. Watching for file changes...[39m
       [2mpress [22m[1mh[22m[2m to show help[22m[2m, [22m[2mpress [22m[1mq[22m[2m to quit[22m
c[3J[1m[44m RERUN [49m[22m [34m[2msrc/hooks/useCompanionBanter.ts [22m[34mx42 [34m[39m
       [2m Filename pattern: [22m[34msrc/hooks/__tests__/useCompanionBanter.test.ts[39m

 [31mΓ¥»[39m src/hooks/__tests__/useCompanionBanter.test.ts [2m([22m[2m7 tests[22m[2m | [22m[31m1 failed[39m[2m)[22m[32m 155[2mms[22m[39m
     [32mΓ£ô[39m should not check for banter if not in PLAYING phase[32m 65[2mms[22m[39m
     [32mΓ£ô[39m should not check for banter if dialogue is open[32m 10[2mms[22m[39m
     [32mΓ£ô[39m should call OllamaService.generateBanterLine if conditions are met[32m 25[2mms[22m[39m
     [32mΓ£ô[39m should include deep persona data in OllamaService.generateBanterLine call[32m 14[2mms[22m[39m
     [32mΓ£ô[39m should not check for banter if global cooldown is active[32m 7[2mms[22m[39m
     [32mΓ£ô[39m should handle missing ollamaInteractionLog in state gracefully[32m 6[2mms[22m[39m
[31m     [31m├ù[31m should summarize conversation and add memories when banter ends with sufficient history[39m[32m 25[2mms[22m[39m

[2m Test Files [22m [1m[31m1 failed[39m[22m[90m (1)[39m
[2m      Tests [22m [1m[31m1 failed[39m[22m[2m | [22m[1m[32m6 passed[39m[22m[90m (7)[39m
[2m   Start at [22m 00:16:00
[2m   Duration [22m 1.34s

JSON report written to C:/Users/gambi/Documents/Git/AraliaV4/Aralia/vitest-results.json
[1m[41m FAIL [49m[22m [31mTests failed. Watching for file changes...[39m
       [2mpress [22m[1mh[22m[2m to show help[22m[2m, [22m[2mpress [22m[1mq[22m[2m to quit[22m
c[3J[1m[44m RERUN [49m[22m [34m[2msrc/services/ollama/facts.ts [22m[34mx43 [34m[39m
       [2m Filename pattern: [22m[34msrc/hooks/__tests__/useCompanionBanter.test.ts[39m

 [31mΓ¥»[39m src/hooks/__tests__/useCompanionBanter.test.ts [2m([22m[2m7 tests[22m[2m | [22m[31m1 failed[39m[2m)[22m[32m 279[2mms[22m[39m
     [32mΓ£ô[39m should not check for banter if not in PLAYING phase[32m 93[2mms[22m[39m
     [32mΓ£ô[39m should not check for banter if dialogue is open[32m 16[2mms[22m[39m
     [32mΓ£ô[39m should call OllamaService.generateBanterLine if conditions are met[32m 24[2mms[22m[39m
     [32mΓ£ô[39m should include deep persona data in OllamaService.generateBanterLine call[32m 10[2mms[22m[39m
     [32mΓ£ô[39m should not check for banter if global cooldown is active[32m 6[2mms[22m[39m
     [32mΓ£ô[39m should handle missing ollamaInteractionLog in state gracefully[32m 8[2mms[22m[39m
[31m     [31m├ù[31m should summarize conversation and add memories when banter ends with sufficient history[39m[32m 117[2mms[22m[39m

[2m Test Files [22m [1m[31m1 failed[39m[22m[90m (1)[39m
[2m      Tests [22m [1m[31m1 failed[39m[22m[2m | [22m[1m[32m6 passed[39m[22m[90m (7)[39m
[2m   Start at [22m 00:16:25
[2m   Duration [22m 2.72s

JSON report written to C:/Users/gambi/Documents/Git/AraliaV4/Aralia/vitest-results.json
[1m[41m FAIL [49m[22m [31mTests failed. Watching for file changes...[39m
       [2mpress [22m[1mh[22m[2m to show help[22m[2m, [22m[2mpress [22m[1mq[22m[2m to quit[22m
c[3J[1m[44m RERUN [49m[22m [34m[2msrc/hooks/useCompanionBanter.ts [22m[34mx44 [34m[39m
       [2m Filename pattern: [22m[34msrc/hooks/__tests__/useCompanionBanter.test.ts[39m

 [31mΓ¥»[39m src/hooks/__tests__/useCompanionBanter.test.ts [2m([22m[2m7 tests[22m[2m | [22m[31m1 failed[39m[2m)[22m[32m 169[2mms[22m[39m
     [32mΓ£ô[39m should not check for banter if not in PLAYING phase[32m 77[2mms[22m[39m
     [32mΓ£ô[39m should not check for banter if dialogue is open[32m 10[2mms[22m[39m
     [32mΓ£ô[39m should call OllamaService.generateBanterLine if conditions are met[32m 25[2mms[22m[39m
     [32mΓ£ô[39m should include deep persona data in OllamaService.generateBanterLine call[32m 10[2mms[22m[39m
     [32mΓ£ô[39m should not check for banter if global cooldown is active[32m 4[2mms[22m[39m
     [32mΓ£ô[39m should handle missing ollamaInteractionLog in state gracefully[32m 6[2mms[22m[39m
[31m     [31m├ù[31m should summarize conversation and add memories when banter ends with sufficient history[39m[32m 31[2mms[22m[39m

[2m Test Files [22m [1m[31m1 failed[39m[22m[90m (1)[39m
[2m      Tests [22m [1m[31m1 failed[39m[22m[2m | [22m[1m[32m6 passed[39m[22m[90m (7)[39m
[2m   Start at [22m 00:16:52
[2m   Duration [22m 1.39s

JSON report written to C:/Users/gambi/Documents/Git/AraliaV4/Aralia/vitest-results.json
[1m[41m FAIL [49m[22m [31mTests failed. Watching for file changes...[39m
       [2mpress [22m[1mh[22m[2m to show help[22m[2m, [22m[2mpress [22m[1mq[22m[2m to quit[22m
c[3J[1m[44m RERUN [49m[22m [34m[2msrc/data/companions.ts [22m[34mx45 [34m[39m
       [2m Filename pattern: [22m[34msrc/hooks/__tests__/useCompanionBanter.test.ts[39m

 [31mΓ¥»[39m src/hooks/__tests__/useCompanionBanter.test.ts [2m([22m[2m7 tests[22m[2m | [22m[31m1 failed[39m[2m)[22m[32m 117[2mms[22m[39m
     [32mΓ£ô[39m should not check for banter if not in PLAYING phase[32m 67[2mms[22m[39m
     [32mΓ£ô[39m should not check for banter if dialogue is open[32m 6[2mms[22m[39m
     [32mΓ£ô[39m should call OllamaService.generateBanterLine if conditions are met[32m 15[2mms[22m[39m
     [32mΓ£ô[39m should include deep persona data in OllamaService.generateBanterLine call[32m 6[2mms[22m[39m
     [32mΓ£ô[39m should not check for banter if global cooldown is active[32m 3[2mms[22m[39m
     [32mΓ£ô[39m should handle missing ollamaInteractionLog in state gracefully[32m 4[2mms[22m[39m
[31m     [31m├ù[31m should summarize conversation and add memories when banter ends with sufficient history[39m[32m 13[2mms[22m[39m

[2m Test Files [22m [1m[31m1 failed[39m[22m[90m (1)[39m
[2m      Tests [22m [1m[31m1 failed[39m[22m[2m | [22m[1m[32m6 passed[39m[22m[90m (7)[39m
[2m   Start at [22m 00:29:25
[2m   Duration [22m 862ms

JSON report written to C:/Users/gambi/Documents/Git/AraliaV4/Aralia/vitest-results.json
[1m[41m FAIL [49m[22m [31mTests failed. Watching for file changes...[39m
       [2mpress [22m[1mh[22m[2m to show help[22m[2m, [22m[2mpress [22m[1mq[22m[2m to quit[22m
c[3J[1m[44m RERUN [49m[22m [34m[2msrc/hooks/useCompanionBanter.ts [22m[34mx46 [34m[39m
       [2m Filename pattern: [22m[34msrc/hooks/__tests__/useCompanionBanter.test.ts[39m

 [31mΓ¥»[39m src/hooks/__tests__/useCompanionBanter.test.ts [2m([22m[2m7 tests[22m[2m | [22m[31m1 failed[39m[2m)[22m[32m 55[2mms[22m[39m
     [32mΓ£ô[39m should not check for banter if not in PLAYING phase[32m 24[2mms[22m[39m
     [32mΓ£ô[39m should not check for banter if dialogue is open[32m 3[2mms[22m[39m
     [32mΓ£ô[39m should call OllamaService.generateBanterLine if conditions are met[32m 8[2mms[22m[39m
     [32mΓ£ô[39m should include deep persona data in OllamaService.generateBanterLine call[32m 4[2mms[22m[39m
     [32mΓ£ô[39m should not check for banter if global cooldown is active[32m 2[2mms[22m[39m
     [32mΓ£ô[39m should handle missing ollamaInteractionLog in state gracefully[32m 3[2mms[22m[39m
[31m     [31m├ù[31m should summarize conversation and add memories when banter ends with sufficient history[39m[32m 9[2mms[22m[39m

[2m Test Files [22m [1m[31m1 failed[39m[22m[90m (1)[39m
[2m      Tests [22m [1m[31m1 failed[39m[22m[2m | [22m[1m[32m6 passed[39m[22m[90m (7)[39m
[2m   Start at [22m 00:29:40
[2m   Duration [22m 853ms

JSON report written to C:/Users/gambi/Documents/Git/AraliaV4/Aralia/vitest-results.json
[1m[41m FAIL [49m[22m [31mTests failed. Watching for file changes...[39m
       [2mpress [22m[1mh[22m[2m to show help[22m[2m, [22m[2mpress [22m[1mq[22m[2m to quit[22m
c[3J[1m[44m RERUN [49m[22m [34m[2msrc/data/companions.ts [22m[34mx47 [34m[39m
       [2m Filename pattern: [22m[34msrc/hooks/__tests__/useCompanionBanter.test.ts[39m

 [31mΓ¥»[39m src/hooks/__tests__/useCompanionBanter.test.ts [2m([22m[2m7 tests[22m[2m | [22m[31m1 failed[39m[2m)[22m[32m 64[2mms[22m[39m
     [32mΓ£ô[39m should not check for banter if not in PLAYING phase[32m 27[2mms[22m[39m
     [32mΓ£ô[39m should not check for banter if dialogue is open[32m 4[2mms[22m[39m
     [32mΓ£ô[39m should call OllamaService.generateBanterLine if conditions are met[32m 9[2mms[22m[39m
     [32mΓ£ô[39m should include deep persona data in OllamaService.generateBanterLine call[32m 6[2mms[22m[39m
     [32mΓ£ô[39m should not check for banter if global cooldown is active[32m 2[2mms[22m[39m
     [32mΓ£ô[39m should handle missing ollamaInteractionLog in state gracefully[32m 2[2mms[22m[39m
[31m     [31m├ù[31m should summarize conversation and add memories when banter ends with sufficient history[39m[32m 11[2mms[22m[39m

[2m Test Files [22m [1m[31m1 failed[39m[22m[90m (1)[39m
[2m      Tests [22m [1m[31m1 failed[39m[22m[2m | [22m[1m[32m6 passed[39m[22m[90m (7)[39m
[2m   Start at [22m 00:30:41
[2m   Duration [22m 599ms

JSON report written to C:/Users/gambi/Documents/Git/AraliaV4/Aralia/vitest-results.json
[1m[41m FAIL [49m[22m [31mTests failed. Watching for file changes...[39m
       [2mpress [22m[1mh[22m[2m to show help[22m[2m, [22m[2mpress [22m[1mq[22m[2m to quit[22m
