src/App.tsx(90,37): error TS2345: Argument of type 'ActionDispatch<[action: AppAction]>' is not assignable to parameter of type 'Dispatch<CompanionAction>'.
  Types of parameters 'action' and 'value' are incompatible.
    Type 'CompanionAction' is not assignable to type 'AppAction'.
      Type '{ type: "ADD_OLLAMA_LOG_ENTRY"; payload: { timestamp: Date; model: string; prompt: string; response: string; context?: any; }; }' is not assignable to type 'AppAction'.
        Type '{ type: "ADD_OLLAMA_LOG_ENTRY"; payload: { timestamp: Date; model: string; prompt: string; response: string; context?: any; }; }' is not assignable to type '{ type: "ADD_OLLAMA_LOG_ENTRY"; payload: OllamaLogEntry; }'.
          Types of property 'payload' are incompatible.
            Property 'id' is missing in type '{ timestamp: Date; model: string; prompt: string; response: string; context?: any; }' but required in type 'OllamaLogEntry'.
src/commands/effects/ReactiveEffectCommand.ts(29,14): error TS2515: Non-abstract class 'ReactiveEffectCommand' does not implement inherited abstract member execute from class 'BaseEffectCommand'.
src/components/__tests__/EncounterModal.test.tsx(6,28): error TS2307: Cannot find module '../EncounterModal' or its corresponding type declarations.
src/components/__tests__/GameGuideModal_Security.test.tsx(7,28): error TS2307: Cannot find module '../GameGuideModal' or its corresponding type declarations.
src/components/__tests__/MainMenu.test.tsx(4,22): error TS2307: Cannot find module '../MainMenu' or its corresponding type declarations.
src/components/__tests__/NotificationSystem.test.tsx(6,36): error TS2307: Cannot find module '../NotificationSystem' or its corresponding type declarations.
src/components/__tests__/NotificationSystem_ReducedMotion.test.tsx(5,36): error TS2307: Cannot find module '../NotificationSystem' or its corresponding type declarations.
src/components/BattleMap/PlayerSprite.tsx(11,31): error TS2307: Cannot find module '../types/town' or its corresponding type declarations.
src/components/CharacterCreator/FeatSelection.tsx(8,8): error TS2300: Duplicate identifier 'SpellContext'.
src/components/CharacterCreator/FeatSelection.tsx(9,8): error TS2300: Duplicate identifier 'FeatSpellPicker'.
src/components/CharacterCreator/FeatSelection.tsx(10,8): error TS2300: Duplicate identifier 'SpellSourceSelector'.
src/components/CharacterCreator/FeatSelection.tsx(11,10): error TS2300: Duplicate identifier 'getSchoolIcon'.
src/components/CharacterCreator/FeatSelection.tsx(12,8): error TS2300: Duplicate identifier 'SpellContext'.
src/components/CharacterCreator/FeatSelection.tsx(13,8): error TS2300: Duplicate identifier 'FeatSpellPicker'.
src/components/CharacterCreator/FeatSelection.tsx(14,8): error TS2300: Duplicate identifier 'SpellSourceSelector'.
src/components/CharacterCreator/FeatSelection.tsx(15,10): error TS2300: Duplicate identifier 'getSchoolIcon'.
src/components/ui/CollapsibleBanterPanel.tsx(245,17): error TS2322: Type '{ children: Element; title: string; onClose: () => void; initialSize: { width: number; height: number; }; headerActions: Element; }' is not assignable to type 'IntrinsicAttributes & WindowFrameProps'.
  Property 'initialSize' does not exist on type 'IntrinsicAttributes & WindowFrameProps'.
src/components/ui/NotificationSystem.tsx(8,32): error TS2307: Cannot find module '../state/actionTypes' or its corresponding type declarations.
src/hooks/__tests__/useCompanionBanter.test.ts(198,74): error TS2345: Argument of type '{ data: { text: string; tags: string[]; approvalChange: number; }; metadata: { prompt: string; response: string; model: string; id: string; }; }' is not assignable to parameter of type 'OllamaResult<ConversationSummary>'.
  Property 'success' is missing in type '{ data: { text: string; tags: string[]; approvalChange: number; }; metadata: { prompt: string; response: string; model: string; id: string; }; }' but required in type '{ success: true; data: ConversationSummary; metadata: OllamaMetadata; }'.
src/hooks/__tests__/useCompanionBanter.test.ts(204,71): error TS2345: Argument of type '{ data: { speakerId: string; text: string; emotion: string; isConcluding: false; }; metadata: { prompt: string; response: string; model: string; id: string; }; }' is not assignable to parameter of type 'OllamaResult<BanterLineData>'.
  Property 'success' is missing in type '{ data: { speakerId: string; text: string; emotion: string; isConcluding: false; }; metadata: { prompt: string; response: string; model: string; id: string; }; }' but required in type '{ success: true; data: BanterLineData; metadata: OllamaMetadata; }'.
src/hooks/useCompanionBanter.ts(204,11): error TS2322: Type 'string | undefined' is not assignable to type 'string'.
  Type 'undefined' is not assignable to type 'string'.
src/hooks/useCompanionBanter.ts(205,11): error TS2322: Type 'string | undefined' is not assignable to type 'string'.
  Type 'undefined' is not assignable to type 'string'.
src/hooks/useCompanionCommentary.ts(160,17): error TS2322: Type 'string | undefined' is not assignable to type 'string'.
  Type 'undefined' is not assignable to type 'string'.
src/hooks/useCompanionCommentary.ts(166,22): error TS2339: Property 'data' does not exist on type 'OllamaResult<ReactionResponse>'.
  Property 'data' does not exist on type '{ success: false; error: OllamaError; metadata?: OllamaMetadata | undefined; }'.
src/hooks/useCompanionCommentary.ts(167,31): error TS2339: Property 'data' does not exist on type 'OllamaResult<ReactionResponse>'.
  Property 'data' does not exist on type '{ success: false; error: OllamaError; metadata?: OllamaMetadata | undefined; }'.
src/hooks/useCompanionCommentary.ts(168,37): error TS2339: Property 'data' does not exist on type 'OllamaResult<ReactionResponse>'.
  Property 'data' does not exist on type '{ success: false; error: OllamaError; metadata?: OllamaMetadata | undefined; }'.
src/hooks/useConversation.ts(97,33): error TS2339: Property 'data' does not exist on type 'OllamaResult<ConversationResponse>'.
  Property 'data' does not exist on type '{ success: false; error: OllamaError; metadata?: OllamaMetadata | undefined; }'.
src/hooks/useConversation.ts(106,21): error TS2322: Type 'string | undefined' is not assignable to type 'string'.
  Type 'undefined' is not assignable to type 'string'.
src/hooks/useConversation.ts(198,33): error TS2339: Property 'data' does not exist on type 'OllamaResult<ConversationResponse>'.
  Property 'data' does not exist on type '{ success: false; error: OllamaError; metadata?: OllamaMetadata | undefined; }'.
src/hooks/useConversation.ts(207,21): error TS2322: Type 'string | undefined' is not assignable to type 'string'.
  Type 'undefined' is not assignable to type 'string'.
src/hooks/useConversation.ts(250,36): error TS2339: Property 'data' does not exist on type 'OllamaResult<ConversationSummary>'.
  Property 'data' does not exist on type '{ success: false; error: OllamaError; metadata?: OllamaMetadata | undefined; }'.
src/hooks/useConversation.ts(259,25): error TS2322: Type 'string | undefined' is not assignable to type 'string'.
  Type 'undefined' is not assignable to type 'string'.
src/services/__tests__/manual_ollama_test.ts(2,31): error TS2307: Cannot find module '../src/services/OllamaService' or its corresponding type declarations.
src/services/__tests__/manual_ollama_test.ts(3,31): error TS2307: Cannot find module '../src/types' or its corresponding type declarations.
src/services/__tests__/manual_ollama_test.ts(6,16): error TS2708: Cannot use namespace 'jest' as a value.
src/services/__tests__/manual_ollama_test.ts(10,9): error TS2708: Cannot use namespace 'jest' as a value.
src/services/__tests__/manual_ollama_test.ts(12,24): error TS2694: Namespace 'global.jest' has no exported member 'Mock'.
src/services/__tests__/manual_ollama_test.ts(26,24): error TS2694: Namespace 'global.jest' has no exported member 'Mock'.
src/services/__tests__/manual_ollama_test.ts(42,41): error TS2694: Namespace 'global.jest' has no exported member 'Mock'.
src/services/__tests__/OllamaService.test.ts(87,33): error TS2339: Property 'rawResponse' does not exist on type 'OllamaError'.
  Property 'rawResponse' does not exist on type '{ type: "NETWORK_ERROR"; message: string; }'.
src/state/appState.ts(92,14): error TS2739: Type '{ phase: GamePhase.MAIN_MENU | GamePhase.PLAYING; party: PlayerCharacter[]; tempParty: { id: string; level: number; classId: string; }[] | null; inventory: Item[]; ... 82 more ...; banterCooldowns: {}; }' is missing the following properties from type 'GameState': isUnifiedLogViewerVisible, archivedBanters
src/systems/spells/validation/LegacySpellValidator.ts(59,56): error TS2345: Argument of type '"humanoids"' is not assignable to parameter of type 'TargetFilter'.
src/test/contracts/environmentLogs.contract.test.ts(25,11): error TS2741: Property 'id' is missing in type '{ timestamp: Date; model: string; prompt: string; response: string; }' but required in type 'OllamaLogEntry'.
src/utils/core/factories.ts(332,5): error TS2322: Type '{ phase: GamePhase; previousPhase?: GamePhase | undefined; party: PlayerCharacter[]; tempParty: TempPartyMember[] | null; inventory: Item[]; gold: number; currentLocationId: string; ... 93 more ...; archivedBanters?: BanterMoment[] | undefined; }' is not assignable to type 'GameState'.
  Types of property 'archivedBanters' are incompatible.
    Type 'BanterMoment[] | undefined' is not assignable to type 'BanterMoment[]'.
      Type 'undefined' is not assignable to type 'BanterMoment[]'.
src/utils/core/factories.ts(501,5): error TS2741: Property 'archivedBanters' is missing in type '{ phase: GamePhase.GAME_OVER; party: never[]; tempParty: null; inventory: never[]; gold: number; currentLocationId: string; subMapCoordinates: { x: number; y: number; }; messages: never[]; isLoading: false; ... 81 more ...; banterDebugLog: never[]; }' but required in type 'GameState'.
