// Vitest Snapshot v1, https://vitest.dev/guide/snapshot.html

exports[`household-driven building > briefless call is byte-identical to pre-task output (no accidental re-roll) 1`] = `
{
  "buildingId": 3,
  "depthFt": 35,
  "floors": [
    {
      "doors": [
        {
          "a": 0,
          "axis": "y",
          "b": 1,
          "isEntry": false,
          "openDir": {
            "nx": 1,
            "ny": 0,
          },
          "swingInto": 1,
          "x": 25,
          "y": 2.5,
        },
        {
          "a": 2,
          "axis": "y",
          "b": 1,
          "isEntry": false,
          "openDir": {
            "nx": -1,
            "ny": 0,
          },
          "swingInto": 1,
          "x": 40,
          "y": 2.5,
        },
        {
          "a": 0,
          "axis": "x",
          "b": 4,
          "isEntry": false,
          "openDir": {
            "nx": 0,
            "ny": 1,
          },
          "swingInto": 4,
          "x": 17.5,
          "y": 10,
        },
        {
          "a": 4,
          "axis": "y",
          "b": 3,
          "isEntry": false,
          "openDir": {
            "nx": -1,
            "ny": 0,
          },
          "swingInto": 3,
          "x": 10,
          "y": 17.5,
        },
        {
          "a": 3,
          "axis": "y",
          "b": 5,
          "isEntry": false,
          "openDir": {
            "nx": 1,
            "ny": 0,
          },
          "swingInto": 5,
          "x": 10,
          "y": 22.5,
        },
        {
          "a": 6,
          "axis": "x",
          "b": 1,
          "isEntry": false,
          "openDir": {
            "nx": 0,
            "ny": -1,
          },
          "swingInto": 1,
          "x": 32.5,
          "y": 20,
        },
        {
          "a": 7,
          "axis": "x",
          "b": 1,
          "isEntry": false,
          "openDir": {
            "nx": 0,
            "ny": -1,
          },
          "swingInto": 1,
          "x": 37.5,
          "y": 20,
        },
        {
          "a": 6,
          "axis": "y",
          "b": 5,
          "isEntry": false,
          "openDir": {
            "nx": -1,
            "ny": 0,
          },
          "swingInto": 5,
          "x": 25,
          "y": 32.5,
        },
        {
          "a": 6,
          "axis": "y",
          "b": 7,
          "isEntry": false,
          "openDir": {
            "nx": 1,
            "ny": 0,
          },
          "swingInto": 7,
          "x": 35,
          "y": 22.5,
        },
      ],
      "furnishings": [
        {
          "kind": "barrel",
          "roomId": 2,
          "rotation": 270,
          "x": 47.5,
          "y": 17.5,
        },
        {
          "kind": "crate",
          "roomId": 5,
          "rotation": 0,
          "x": 22.5,
          "y": 22.5,
        },
        {
          "kind": "crate",
          "roomId": 7,
          "rotation": 0,
          "x": 47.5,
          "y": 22.5,
        },
        {
          "kind": "barrel",
          "roomId": 7,
          "rotation": 0,
          "x": 47.5,
          "y": 27.5,
        },
      ],
      "level": -1,
      "rooms": [
        {
          "anchor": {
            "cx": 3,
            "cy": 0,
          },
          "area": 4,
          "bbox": {
            "d": 10,
            "w": 10,
            "x": 15,
            "y": 0,
          },
          "cells": [
            {
              "cx": 3,
              "cy": 0,
            },
            {
              "cx": 4,
              "cy": 0,
            },
            {
              "cx": 3,
              "cy": 1,
            },
            {
              "cx": 4,
              "cy": 1,
            },
          ],
          "id": 0,
          "isCorridor": false,
          "isMain": false,
          "purpose": "cellar",
        },
        {
          "anchor": {
            "cx": 6,
            "cy": 1,
          },
          "area": 12,
          "bbox": {
            "d": 20,
            "w": 15,
            "x": 25,
            "y": 0,
          },
          "cells": [
            {
              "cx": 5,
              "cy": 0,
            },
            {
              "cx": 6,
              "cy": 0,
            },
            {
              "cx": 7,
              "cy": 0,
            },
            {
              "cx": 5,
              "cy": 1,
            },
            {
              "cx": 6,
              "cy": 1,
            },
            {
              "cx": 7,
              "cy": 1,
            },
            {
              "cx": 5,
              "cy": 2,
            },
            {
              "cx": 6,
              "cy": 2,
            },
            {
              "cx": 7,
              "cy": 2,
            },
            {
              "cx": 5,
              "cy": 3,
            },
            {
              "cx": 6,
              "cy": 3,
            },
            {
              "cx": 7,
              "cy": 3,
            },
          ],
          "id": 1,
          "isCorridor": false,
          "isMain": true,
          "purpose": "storage",
        },
        {
          "anchor": {
            "cx": 8,
            "cy": 1,
          },
          "area": 8,
          "bbox": {
            "d": 20,
            "w": 10,
            "x": 40,
            "y": 0,
          },
          "cells": [
            {
              "cx": 8,
              "cy": 0,
            },
            {
              "cx": 9,
              "cy": 0,
            },
            {
              "cx": 8,
              "cy": 1,
            },
            {
              "cx": 9,
              "cy": 1,
            },
            {
              "cx": 8,
              "cy": 2,
            },
            {
              "cx": 9,
              "cy": 2,
            },
            {
              "cx": 8,
              "cy": 3,
            },
            {
              "cx": 9,
              "cy": 3,
            },
          ],
          "id": 2,
          "isCorridor": false,
          "isMain": false,
          "purpose": "cellar",
        },
        {
          "anchor": {
            "cx": 0,
            "cy": 3,
          },
          "area": 6,
          "bbox": {
            "d": 15,
            "w": 10,
            "x": 0,
            "y": 10,
          },
          "cells": [
            {
              "cx": 0,
              "cy": 2,
            },
            {
              "cx": 1,
              "cy": 2,
            },
            {
              "cx": 0,
              "cy": 3,
            },
            {
              "cx": 1,
              "cy": 3,
            },
            {
              "cx": 0,
              "cy": 4,
            },
            {
              "cx": 1,
              "cy": 4,
            },
          ],
          "id": 3,
          "isCorridor": false,
          "isMain": false,
          "purpose": "storage",
        },
        {
          "anchor": {
            "cx": 3,
            "cy": 2,
          },
          "area": 6,
          "bbox": {
            "d": 10,
            "w": 15,
            "x": 10,
            "y": 10,
          },
          "cells": [
            {
              "cx": 2,
              "cy": 2,
            },
            {
              "cx": 3,
              "cy": 2,
            },
            {
              "cx": 4,
              "cy": 2,
            },
            {
              "cx": 2,
              "cy": 3,
            },
            {
              "cx": 3,
              "cy": 3,
            },
            {
              "cx": 4,
              "cy": 3,
            },
          ],
          "id": 4,
          "isCorridor": false,
          "isMain": false,
          "purpose": "cellar",
        },
        {
          "anchor": {
            "cx": 3,
            "cy": 5,
          },
          "area": 7,
          "bbox": {
            "d": 15,
            "w": 15,
            "x": 10,
            "y": 20,
          },
          "cells": [
            {
              "cx": 2,
              "cy": 4,
            },
            {
              "cx": 3,
              "cy": 4,
            },
            {
              "cx": 4,
              "cy": 4,
            },
            {
              "cx": 3,
              "cy": 5,
            },
            {
              "cx": 4,
              "cy": 5,
            },
            {
              "cx": 3,
              "cy": 6,
            },
            {
              "cx": 4,
              "cy": 6,
            },
          ],
          "id": 5,
          "isCorridor": false,
          "isMain": false,
          "purpose": "storage",
        },
        {
          "anchor": {
            "cx": 5,
            "cy": 5,
          },
          "area": 6,
          "bbox": {
            "d": 15,
            "w": 10,
            "x": 25,
            "y": 20,
          },
          "cells": [
            {
              "cx": 5,
              "cy": 4,
            },
            {
              "cx": 6,
              "cy": 4,
            },
            {
              "cx": 5,
              "cy": 5,
            },
            {
              "cx": 6,
              "cy": 5,
            },
            {
              "cx": 5,
              "cy": 6,
            },
            {
              "cx": 6,
              "cy": 6,
            },
          ],
          "id": 6,
          "isCorridor": false,
          "isMain": false,
          "purpose": "cellar",
        },
        {
          "anchor": {
            "cx": 8,
            "cy": 5,
          },
          "area": 9,
          "bbox": {
            "d": 15,
            "w": 15,
            "x": 35,
            "y": 20,
          },
          "cells": [
            {
              "cx": 7,
              "cy": 4,
            },
            {
              "cx": 8,
              "cy": 4,
            },
            {
              "cx": 9,
              "cy": 4,
            },
            {
              "cx": 7,
              "cy": 5,
            },
            {
              "cx": 8,
              "cy": 5,
            },
            {
              "cx": 9,
              "cy": 5,
            },
            {
              "cx": 7,
              "cy": 6,
            },
            {
              "cx": 8,
              "cy": 6,
            },
            {
              "cx": 9,
              "cy": 6,
            },
          ],
          "id": 7,
          "isCorridor": false,
          "isMain": false,
          "purpose": "storage",
        },
      ],
      "wallRuns": [
        {
          "axis": "x",
          "kind": "inner",
          "nx": 0,
          "ny": 1,
          "thicknessFt": 0.5,
          "x1": 20,
          "x2": 25,
          "y1": 10,
          "y2": 10,
        },
        {
          "axis": "x",
          "kind": "inner",
          "nx": 0,
          "ny": 1,
          "thicknessFt": 0.5,
          "x1": 10,
          "x2": 30,
          "y1": 20,
          "y2": 20,
        },
        {
          "axis": "x",
          "kind": "inner",
          "nx": 0,
          "ny": 1,
          "thicknessFt": 0.5,
          "x1": 40,
          "x2": 50,
          "y1": 20,
          "y2": 20,
        },
        {
          "axis": "x",
          "kind": "outer",
          "nx": 0,
          "ny": -1,
          "thicknessFt": 1.5,
          "x1": 15,
          "x2": 50,
          "y1": 0,
          "y2": 0,
        },
        {
          "axis": "x",
          "kind": "outer",
          "nx": 0,
          "ny": -1,
          "thicknessFt": 1.5,
          "x1": 0,
          "x2": 15,
          "y1": 10,
          "y2": 10,
        },
        {
          "axis": "x",
          "kind": "outer",
          "nx": 0,
          "ny": 1,
          "thicknessFt": 1.5,
          "x1": 0,
          "x2": 15,
          "y1": 25,
          "y2": 25,
        },
        {
          "axis": "x",
          "kind": "outer",
          "nx": 0,
          "ny": 1,
          "thicknessFt": 1.5,
          "x1": 15,
          "x2": 50,
          "y1": 35,
          "y2": 35,
        },
        {
          "axis": "y",
          "kind": "inner",
          "nx": 1,
          "ny": 0,
          "thicknessFt": 0.5,
          "x1": 10,
          "x2": 10,
          "y1": 10,
          "y2": 15,
        },
        {
          "axis": "y",
          "kind": "inner",
          "nx": 1,
          "ny": 0,
          "thicknessFt": 0.5,
          "x1": 25,
          "x2": 25,
          "y1": 5,
          "y2": 30,
        },
        {
          "axis": "y",
          "kind": "inner",
          "nx": 1,
          "ny": 0,
          "thicknessFt": 0.5,
          "x1": 35,
          "x2": 35,
          "y1": 25,
          "y2": 35,
        },
        {
          "axis": "y",
          "kind": "inner",
          "nx": 1,
          "ny": 0,
          "thicknessFt": 0.5,
          "x1": 40,
          "x2": 40,
          "y1": 5,
          "y2": 20,
        },
        {
          "axis": "y",
          "kind": "outer",
          "nx": -1,
          "ny": 0,
          "thicknessFt": 1.5,
          "x1": 0,
          "x2": 0,
          "y1": 10,
          "y2": 25,
        },
        {
          "axis": "y",
          "kind": "outer",
          "nx": -1,
          "ny": 0,
          "thicknessFt": 1.5,
          "x1": 15,
          "x2": 15,
          "y1": 0,
          "y2": 10,
        },
        {
          "axis": "y",
          "kind": "outer",
          "nx": -1,
          "ny": 0,
          "thicknessFt": 1.5,
          "x1": 15,
          "x2": 15,
          "y1": 25,
          "y2": 35,
        },
        {
          "axis": "y",
          "kind": "outer",
          "nx": 1,
          "ny": 0,
          "thicknessFt": 1.5,
          "x1": 50,
          "x2": 50,
          "y1": 0,
          "y2": 35,
        },
      ],
      "walls": [
        {
          "axis": "y",
          "kind": "outer",
          "nx": -1,
          "ny": 0,
          "roomA": 0,
          "roomB": -1,
          "thicknessFt": 1.5,
          "x": 15,
          "y": 2.5,
        },
        {
          "axis": "x",
          "kind": "outer",
          "nx": 0,
          "ny": -1,
          "roomA": 0,
          "roomB": -1,
          "thicknessFt": 1.5,
          "x": 17.5,
          "y": 0,
        },
        {
          "axis": "x",
          "kind": "outer",
          "nx": 0,
          "ny": -1,
          "roomA": 0,
          "roomB": -1,
          "thicknessFt": 1.5,
          "x": 22.5,
          "y": 0,
        },
        {
          "axis": "x",
          "kind": "outer",
          "nx": 0,
          "ny": -1,
          "roomA": 1,
          "roomB": -1,
          "thicknessFt": 1.5,
          "x": 27.5,
          "y": 0,
        },
        {
          "axis": "x",
          "kind": "outer",
          "nx": 0,
          "ny": -1,
          "roomA": 1,
          "roomB": -1,
          "thicknessFt": 1.5,
          "x": 32.5,
          "y": 0,
        },
        {
          "axis": "x",
          "kind": "outer",
          "nx": 0,
          "ny": -1,
          "roomA": 1,
          "roomB": -1,
          "thicknessFt": 1.5,
          "x": 37.5,
          "y": 0,
        },
        {
          "axis": "x",
          "kind": "outer",
          "nx": 0,
          "ny": -1,
          "roomA": 2,
          "roomB": -1,
          "thicknessFt": 1.5,
          "x": 42.5,
          "y": 0,
        },
        {
          "axis": "y",
          "kind": "outer",
          "nx": 1,
          "ny": 0,
          "roomA": 2,
          "roomB": -1,
          "thicknessFt": 1.5,
          "x": 50,
          "y": 2.5,
        },
        {
          "axis": "x",
          "kind": "outer",
          "nx": 0,
          "ny": -1,
          "roomA": 2,
          "roomB": -1,
          "thicknessFt": 1.5,
          "x": 47.5,
          "y": 0,
        },
        {
          "axis": "y",
          "kind": "outer",
          "nx": -1,
          "ny": 0,
          "roomA": 0,
          "roomB": -1,
          "thicknessFt": 1.5,
          "x": 15,
          "y": 7.5,
        },
        {
          "axis": "y",
          "kind": "inner",
          "nx": 1,
          "ny": 0,
          "roomA": 0,
          "roomB": 1,
          "thicknessFt": 0.5,
          "x": 25,
          "y": 7.5,
        },
        {
          "axis": "x",
          "kind": "inner",
          "nx": 0,
          "ny": 1,
          "roomA": 0,
          "roomB": 4,
          "thicknessFt": 0.5,
          "x": 22.5,
          "y": 10,
        },
        {
          "axis": "y",
          "kind": "inner",
          "nx": 1,
          "ny": 0,
          "roomA": 1,
          "roomB": 2,
          "thicknessFt": 0.5,
          "x": 40,
          "y": 7.5,
        },
        {
          "axis": "y",
          "kind": "outer",
          "nx": 1,
          "ny": 0,
          "roomA": 2,
          "roomB": -1,
          "thicknessFt": 1.5,
          "x": 50,
          "y": 7.5,
        },
        {
          "axis": "y",
          "kind": "outer",
          "nx": -1,
          "ny": 0,
          "roomA": 3,
          "roomB": -1,
          "thicknessFt": 1.5,
          "x": 0,
          "y": 12.5,
        },
        {
          "axis": "x",
          "kind": "outer",
          "nx": 0,
          "ny": -1,
          "roomA": 3,
          "roomB": -1,
          "thicknessFt": 1.5,
          "x": 2.5,
          "y": 10,
        },
        {
          "axis": "y",
          "kind": "inner",
          "nx": 1,
          "ny": 0,
          "roomA": 3,
          "roomB": 4,
          "thicknessFt": 0.5,
          "x": 10,
          "y": 12.5,
        },
        {
          "axis": "x",
          "kind": "outer",
          "nx": 0,
          "ny": -1,
          "roomA": 3,
          "roomB": -1,
          "thicknessFt": 1.5,
          "x": 7.5,
          "y": 10,
        },
        {
          "axis": "x",
          "kind": "outer",
          "nx": 0,
          "ny": -1,
          "roomA": 4,
          "roomB": -1,
          "thicknessFt": 1.5,
          "x": 12.5,
          "y": 10,
        },
        {
          "axis": "y",
          "kind": "inner",
          "nx": 1,
          "ny": 0,
          "roomA": 4,
          "roomB": 1,
          "thicknessFt": 0.5,
          "x": 25,
          "y": 12.5,
        },
        {
          "axis": "y",
          "kind": "inner",
          "nx": 1,
          "ny": 0,
          "roomA": 1,
          "roomB": 2,
          "thicknessFt": 0.5,
          "x": 40,
          "y": 12.5,
        },
        {
          "axis": "y",
          "kind": "outer",
          "nx": 1,
          "ny": 0,
          "roomA": 2,
          "roomB": -1,
          "thicknessFt": 1.5,
          "x": 50,
          "y": 12.5,
        },
        {
          "axis": "y",
          "kind": "outer",
          "nx": -1,
          "ny": 0,
          "roomA": 3,
          "roomB": -1,
          "thicknessFt": 1.5,
          "x": 0,
          "y": 17.5,
        },
        {
          "axis": "x",
          "kind": "inner",
          "nx": 0,
          "ny": 1,
          "roomA": 4,
          "roomB": 5,
          "thicknessFt": 0.5,
          "x": 12.5,
          "y": 20,
        },
        {
          "axis": "x",
          "kind": "inner",
          "nx": 0,
          "ny": 1,
          "roomA": 4,
          "roomB": 5,
          "thicknessFt": 0.5,
          "x": 17.5,
          "y": 20,
        },
        {
          "axis": "y",
          "kind": "inner",
          "nx": 1,
          "ny": 0,
          "roomA": 4,
          "roomB": 1,
          "thicknessFt": 0.5,
          "x": 25,
          "y": 17.5,
        },
        {
          "axis": "x",
          "kind": "inner",
          "nx": 0,
          "ny": 1,
          "roomA": 4,
          "roomB": 5,
          "thicknessFt": 0.5,
          "x": 22.5,
          "y": 20,
        },
        {
          "axis": "x",
          "kind": "inner",
          "nx": 0,
          "ny": 1,
          "roomA": 1,
          "roomB": 6,
          "thicknessFt": 0.5,
          "x": 27.5,
          "y": 20,
        },
        {
          "axis": "y",
          "kind": "inner",
          "nx": 1,
          "ny": 0,
          "roomA": 1,
          "roomB": 2,
          "thicknessFt": 0.5,
          "x": 40,
          "y": 17.5,
        },
        {
          "axis": "x",
          "kind": "inner",
          "nx": 0,
          "ny": 1,
          "roomA": 2,
          "roomB": 7,
          "thicknessFt": 0.5,
          "x": 42.5,
          "y": 20,
        },
        {
          "axis": "y",
          "kind": "outer",
          "nx": 1,
          "ny": 0,
          "roomA": 2,
          "roomB": -1,
          "thicknessFt": 1.5,
          "x": 50,
          "y": 17.5,
        },
        {
          "axis": "x",
          "kind": "inner",
          "nx": 0,
          "ny": 1,
          "roomA": 2,
          "roomB": 7,
          "thicknessFt": 0.5,
          "x": 47.5,
          "y": 20,
        },
        {
          "axis": "x",
          "kind": "outer",
          "nx": 0,
          "ny": 1,
          "roomA": 3,
          "roomB": -1,
          "thicknessFt": 1.5,
          "x": 2.5,
          "y": 25,
        },
        {
          "axis": "y",
          "kind": "outer",
          "nx": -1,
          "ny": 0,
          "roomA": 3,
          "roomB": -1,
          "thicknessFt": 1.5,
          "x": 0,
          "y": 22.5,
        },
        {
          "axis": "x",
          "kind": "outer",
          "nx": 0,
          "ny": 1,
          "roomA": 3,
          "roomB": -1,
          "thicknessFt": 1.5,
          "x": 7.5,
          "y": 25,
        },
        {
          "axis": "x",
          "kind": "outer",
          "nx": 0,
          "ny": 1,
          "roomA": 5,
          "roomB": -1,
          "thicknessFt": 1.5,
          "x": 12.5,
          "y": 25,
        },
        {
          "axis": "y",
          "kind": "inner",
          "nx": 1,
          "ny": 0,
          "roomA": 5,
          "roomB": 6,
          "thicknessFt": 0.5,
          "x": 25,
          "y": 22.5,
        },
        {
          "axis": "y",
          "kind": "outer",
          "nx": 1,
          "ny": 0,
          "roomA": 7,
          "roomB": -1,
          "thicknessFt": 1.5,
          "x": 50,
          "y": 22.5,
        },
        {
          "axis": "y",
          "kind": "outer",
          "nx": -1,
          "ny": 0,
          "roomA": 5,
          "roomB": -1,
          "thicknessFt": 1.5,
          "x": 15,
          "y": 27.5,
        },
        {
          "axis": "y",
          "kind": "inner",
          "nx": 1,
          "ny": 0,
          "roomA": 5,
          "roomB": 6,
          "thicknessFt": 0.5,
          "x": 25,
          "y": 27.5,
        },
        {
          "axis": "y",
          "kind": "inner",
          "nx": 1,
          "ny": 0,
          "roomA": 6,
          "roomB": 7,
          "thicknessFt": 0.5,
          "x": 35,
          "y": 27.5,
        },
        {
          "axis": "y",
          "kind": "outer",
          "nx": 1,
          "ny": 0,
          "roomA": 7,
          "roomB": -1,
          "thicknessFt": 1.5,
          "x": 50,
          "y": 27.5,
        },
        {
          "axis": "x",
          "kind": "outer",
          "nx": 0,
          "ny": 1,
          "roomA": 5,
          "roomB": -1,
          "thicknessFt": 1.5,
          "x": 17.5,
          "y": 35,
        },
        {
          "axis": "y",
          "kind": "outer",
          "nx": -1,
          "ny": 0,
          "roomA": 5,
          "roomB": -1,
          "thicknessFt": 1.5,
          "x": 15,
          "y": 32.5,
        },
        {
          "axis": "x",
          "kind": "outer",
          "nx": 0,
          "ny": 1,
          "roomA": 5,
          "roomB": -1,
          "thicknessFt": 1.5,
          "x": 22.5,
          "y": 35,
        },
        {
          "axis": "x",
          "kind": "outer",
          "nx": 0,
          "ny": 1,
          "roomA": 6,
          "roomB": -1,
          "thicknessFt": 1.5,
          "x": 27.5,
          "y": 35,
        },
        {
          "axis": "y",
          "kind": "inner",
          "nx": 1,
          "ny": 0,
          "roomA": 6,
          "roomB": 7,
          "thicknessFt": 0.5,
          "x": 35,
          "y": 32.5,
        },
        {
          "axis": "x",
          "kind": "outer",
          "nx": 0,
          "ny": 1,
          "roomA": 6,
          "roomB": -1,
          "thicknessFt": 1.5,
          "x": 32.5,
          "y": 35,
        },
        {
          "axis": "x",
          "kind": "outer",
          "nx": 0,
          "ny": 1,
          "roomA": 7,
          "roomB": -1,
          "thicknessFt": 1.5,
          "x": 37.5,
          "y": 35,
        },
        {
          "axis": "x",
          "kind": "outer",
          "nx": 0,
          "ny": 1,
          "roomA": 7,
          "roomB": -1,
          "thicknessFt": 1.5,
          "x": 42.5,
          "y": 35,
        },
        {
          "axis": "y",
          "kind": "outer",
          "nx": 1,
          "ny": 0,
          "roomA": 7,
          "roomB": -1,
          "thicknessFt": 1.5,
          "x": 50,
          "y": 32.5,
        },
        {
          "axis": "x",
          "kind": "outer",
          "nx": 0,
          "ny": 1,
          "roomA": 7,
          "roomB": -1,
          "thicknessFt": 1.5,
          "x": 47.5,
          "y": 35,
        },
      ],
      "windows": [],
    },
    {
      "doors": [
        {
          "a": 1,
          "axis": "x",
          "b": 5,
          "isEntry": false,
          "openDir": {
            "nx": 0,
            "ny": 1,
          },
          "swingInto": 5,
          "x": 37.5,
          "y": 10,
        },
        {
          "a": 4,
          "axis": "y",
          "b": 5,
          "isEntry": false,
          "openDir": {
            "nx": 1,
            "ny": 0,
          },
          "swingInto": 5,
          "x": 25,
          "y": 12.5,
        },
        {
          "a": 3,
          "axis": "y",
          "b": 4,
          "isEntry": false,
          "openDir": {
            "nx": 1,
            "ny": 0,
          },
          "swingInto": 4,
          "x": 15,
          "y": 12.5,
        },
        {
          "a": 3,
          "axis": "x",
          "b": 6,
          "isEntry": false,
          "openDir": {
            "nx": 0,
            "ny": 1,
          },
          "swingInto": 6,
          "x": 2.5,
          "y": 15,
        },
        {
          "a": 0,
          "axis": "y",
          "b": 1,
          "isEntry": false,
          "openDir": {
            "nx": 1,
            "ny": 0,
          },
          "swingInto": 1,
          "x": 25,
          "y": 7.5,
        },
        {
          "a": 2,
          "axis": "y",
          "b": 1,
          "isEntry": false,
          "openDir": {
            "nx": -1,
            "ny": 0,
          },
          "swingInto": 1,
          "x": 40,
          "y": 2.5,
        },
        {
          "a": 7,
          "axis": "x",
          "b": 4,
          "isEntry": false,
          "openDir": {
            "nx": 0,
            "ny": -1,
          },
          "swingInto": 4,
          "x": 22.5,
          "y": 25,
        },
        {
          "a": -1,
          "axis": "y",
          "b": 5,
          "isEntry": true,
          "openDir": {
            "nx": -1,
            "ny": 0,
          },
          "swingInto": 5,
          "x": 50,
          "y": 17.5,
        },
      ],
      "furnishings": [
        {
          "kind": "hearth",
          "roomId": 5,
          "rotation": 0,
          "x": 32.5,
          "y": 32.5,
        },
        {
          "kind": "table",
          "roomId": 5,
          "rotation": 180,
          "x": 32.5,
          "y": 22.5,
        },
        {
          "kind": "table",
          "roomId": 5,
          "rotation": 180,
          "x": 32.5,
          "y": 27.5,
        },
        {
          "kind": "bench",
          "roomId": 5,
          "rotation": 270,
          "x": 42.5,
          "y": 32.5,
        },
        {
          "kind": "bed",
          "roomId": 6,
          "rotation": 270,
          "x": 12.5,
          "y": 22.5,
        },
      ],
      "level": 0,
      "rooms": [
        {
          "anchor": {
            "cx": 3,
            "cy": 0,
          },
          "area": 4,
          "bbox": {
            "d": 10,
            "w": 10,
            "x": 15,
            "y": 0,
          },
          "cells": [
            {
              "cx": 3,
              "cy": 0,
            },
            {
              "cx": 4,
              "cy": 0,
            },
            {
              "cx": 3,
              "cy": 1,
            },
            {
              "cx": 4,
              "cy": 1,
            },
          ],
          "id": 0,
          "isCorridor": false,
          "isMain": false,
          "purpose": "guest-room",
        },
        {
          "anchor": {
            "cx": 6,
            "cy": 0,
          },
          "area": 6,
          "bbox": {
            "d": 10,
            "w": 15,
            "x": 25,
            "y": 0,
          },
          "cells": [
            {
              "cx": 5,
              "cy": 0,
            },
            {
              "cx": 6,
              "cy": 0,
            },
            {
              "cx": 7,
              "cy": 0,
            },
            {
              "cx": 5,
              "cy": 1,
            },
            {
              "cx": 6,
              "cy": 1,
            },
            {
              "cx": 7,
              "cy": 1,
            },
          ],
          "id": 1,
          "isCorridor": false,
          "isMain": false,
          "purpose": "kitchen",
        },
        {
          "anchor": {
            "cx": 8,
            "cy": 0,
          },
          "area": 4,
          "bbox": {
            "d": 10,
            "w": 10,
            "x": 40,
            "y": 0,
          },
          "cells": [
            {
              "cx": 8,
              "cy": 0,
            },
            {
              "cx": 9,
              "cy": 0,
            },
            {
              "cx": 8,
              "cy": 1,
            },
            {
              "cx": 9,
              "cy": 1,
            },
          ],
          "id": 2,
          "isCorridor": false,
          "isMain": false,
          "purpose": "guest-room",
        },
        {
          "anchor": {
            "cx": 1,
            "cy": 2,
          },
          "area": 3,
          "bbox": {
            "d": 5,
            "w": 15,
            "x": 0,
            "y": 10,
          },
          "cells": [
            {
              "cx": 0,
              "cy": 2,
            },
            {
              "cx": 1,
              "cy": 2,
            },
            {
              "cx": 2,
              "cy": 2,
            },
          ],
          "id": 3,
          "isCorridor": true,
          "isMain": false,
          "purpose": "corridor",
        },
        {
          "anchor": {
            "cx": 3,
            "cy": 3,
          },
          "area": 6,
          "bbox": {
            "d": 15,
            "w": 10,
            "x": 15,
            "y": 10,
          },
          "cells": [
            {
              "cx": 3,
              "cy": 2,
            },
            {
              "cx": 4,
              "cy": 2,
            },
            {
              "cx": 3,
              "cy": 3,
            },
            {
              "cx": 4,
              "cy": 3,
            },
            {
              "cx": 3,
              "cy": 4,
            },
            {
              "cx": 4,
              "cy": 4,
            },
          ],
          "id": 4,
          "isCorridor": false,
          "isMain": false,
          "purpose": "storage",
        },
        {
          "anchor": {
            "cx": 7,
            "cy": 4,
          },
          "area": 25,
          "bbox": {
            "d": 25,
            "w": 25,
            "x": 25,
            "y": 10,
          },
          "cells": [
            {
              "cx": 5,
              "cy": 2,
            },
            {
              "cx": 6,
              "cy": 2,
            },
            {
              "cx": 7,
              "cy": 2,
            },
            {
              "cx": 8,
              "cy": 2,
            },
            {
              "cx": 9,
              "cy": 2,
            },
            {
              "cx": 5,
              "cy": 3,
            },
            {
              "cx": 6,
              "cy": 3,
            },
            {
              "cx": 7,
              "cy": 3,
            },
            {
              "cx": 8,
              "cy": 3,
            },
            {
              "cx": 9,
              "cy": 3,
            },
            {
              "cx": 5,
              "cy": 4,
            },
            {
              "cx": 6,
              "cy": 4,
            },
            {
              "cx": 7,
              "cy": 4,
            },
            {
              "cx": 8,
              "cy": 4,
            },
            {
              "cx": 9,
              "cy": 4,
            },
            {
              "cx": 5,
              "cy": 5,
            },
            {
              "cx": 6,
              "cy": 5,
            },
            {
              "cx": 7,
              "cy": 5,
            },
            {
              "cx": 8,
              "cy": 5,
            },
            {
              "cx": 9,
              "cy": 5,
            },
            {
              "cx": 5,
              "cy": 6,
            },
            {
              "cx": 6,
              "cy": 6,
            },
            {
              "cx": 7,
              "cy": 6,
            },
            {
              "cx": 8,
              "cy": 6,
            },
            {
              "cx": 9,
              "cy": 6,
            },
          ],
          "id": 5,
          "isCorridor": false,
          "isMain": true,
          "purpose": "common-room",
        },
        {
          "anchor": {
            "cx": 1,
            "cy": 3,
          },
          "area": 6,
          "bbox": {
            "d": 10,
            "w": 15,
            "x": 0,
            "y": 15,
          },
          "cells": [
            {
              "cx": 0,
              "cy": 3,
            },
            {
              "cx": 1,
              "cy": 3,
            },
            {
              "cx": 2,
              "cy": 3,
            },
            {
              "cx": 0,
              "cy": 4,
            },
            {
              "cx": 1,
              "cy": 4,
            },
            {
              "cx": 2,
              "cy": 4,
            },
          ],
          "id": 6,
          "isCorridor": false,
          "isMain": false,
          "purpose": "guest-room",
        },
        {
          "anchor": {
            "cx": 3,
            "cy": 5,
          },
          "area": 4,
          "bbox": {
            "d": 10,
            "w": 10,
            "x": 15,
            "y": 25,
          },
          "cells": [
            {
              "cx": 3,
              "cy": 5,
            },
            {
              "cx": 4,
              "cy": 5,
            },
            {
              "cx": 3,
              "cy": 6,
            },
            {
              "cx": 4,
              "cy": 6,
            },
          ],
          "id": 7,
          "isCorridor": false,
          "isMain": false,
          "purpose": "guest-room",
        },
      ],
      "wallRuns": [
        {
          "axis": "x",
          "kind": "inner",
          "nx": 0,
          "ny": 1,
          "thicknessFt": 0.5,
          "x1": 15,
          "x2": 35,
          "y1": 10,
          "y2": 10,
        },
        {
          "axis": "x",
          "kind": "inner",
          "nx": 0,
          "ny": 1,
          "thicknessFt": 0.5,
          "x1": 40,
          "x2": 50,
          "y1": 10,
          "y2": 10,
        },
        {
          "axis": "x",
          "kind": "inner",
          "nx": 0,
          "ny": 1,
          "thicknessFt": 0.5,
          "x1": 5,
          "x2": 15,
          "y1": 15,
          "y2": 15,
        },
        {
          "axis": "x",
          "kind": "inner",
          "nx": 0,
          "ny": 1,
          "thicknessFt": 0.5,
          "x1": 15,
          "x2": 20,
          "y1": 25,
          "y2": 25,
        },
        {
          "axis": "x",
          "kind": "outer",
          "nx": 0,
          "ny": -1,
          "thicknessFt": 1.5,
          "x1": 15,
          "x2": 50,
          "y1": 0,
          "y2": 0,
        },
        {
          "axis": "x",
          "kind": "outer",
          "nx": 0,
          "ny": -1,
          "thicknessFt": 1.5,
          "x1": 0,
          "x2": 15,
          "y1": 10,
          "y2": 10,
        },
        {
          "axis": "x",
          "kind": "outer",
          "nx": 0,
          "ny": 1,
          "thicknessFt": 1.5,
          "x1": 0,
          "x2": 15,
          "y1": 25,
          "y2": 25,
        },
        {
          "axis": "x",
          "kind": "outer",
          "nx": 0,
          "ny": 1,
          "thicknessFt": 1.5,
          "x1": 15,
          "x2": 50,
          "y1": 35,
          "y2": 35,
        },
        {
          "axis": "y",
          "kind": "inner",
          "nx": 1,
          "ny": 0,
          "thicknessFt": 0.5,
          "x1": 15,
          "x2": 15,
          "y1": 15,
          "y2": 25,
        },
        {
          "axis": "y",
          "kind": "inner",
          "nx": 1,
          "ny": 0,
          "thicknessFt": 0.5,
          "x1": 25,
          "x2": 25,
          "y1": 0,
          "y2": 5,
        },
        {
          "axis": "y",
          "kind": "inner",
          "nx": 1,
          "ny": 0,
          "thicknessFt": 0.5,
          "x1": 25,
          "x2": 25,
          "y1": 15,
          "y2": 35,
        },
        {
          "axis": "y",
          "kind": "inner",
          "nx": 1,
          "ny": 0,
          "thicknessFt": 0.5,
          "x1": 40,
          "x2": 40,
          "y1": 5,
          "y2": 10,
        },
        {
          "axis": "y",
          "kind": "outer",
          "nx": -1,
          "ny": 0,
          "thicknessFt": 1.5,
          "x1": 0,
          "x2": 0,
          "y1": 10,
          "y2": 25,
        },
        {
          "axis": "y",
          "kind": "outer",
          "nx": -1,
          "ny": 0,
          "thicknessFt": 1.5,
          "x1": 15,
          "x2": 15,
          "y1": 0,
          "y2": 10,
        },
        {
          "axis": "y",
          "kind": "outer",
          "nx": -1,
          "ny": 0,
          "thicknessFt": 1.5,
          "x1": 15,
          "x2": 15,
          "y1": 25,
          "y2": 35,
        },
        {
          "axis": "y",
          "kind": "outer",
          "nx": 1,
          "ny": 0,
          "thicknessFt": 1.5,
          "x1": 50,
          "x2": 50,
          "y1": 0,
          "y2": 15,
        },
        {
          "axis": "y",
          "kind": "outer",
          "nx": 1,
          "ny": 0,
          "thicknessFt": 1.5,
          "x1": 50,
          "x2": 50,
          "y1": 20,
          "y2": 35,
        },
      ],
      "walls": [
        {
          "axis": "y",
          "kind": "outer",
          "nx": -1,
          "ny": 0,
          "roomA": 0,
          "roomB": -1,
          "thicknessFt": 1.5,
          "x": 15,
          "y": 2.5,
        },
        {
          "axis": "x",
          "kind": "outer",
          "nx": 0,
          "ny": -1,
          "roomA": 0,
          "roomB": -1,
          "thicknessFt": 1.5,
          "x": 17.5,
          "y": 0,
        },
        {
          "axis": "y",
          "kind": "inner",
          "nx": 1,
          "ny": 0,
          "roomA": 0,
          "roomB": 1,
          "thicknessFt": 0.5,
          "x": 25,
          "y": 2.5,
        },
        {
          "axis": "x",
          "kind": "outer",
          "nx": 0,
          "ny": -1,
          "roomA": 0,
          "roomB": -1,
          "thicknessFt": 1.5,
          "x": 22.5,
          "y": 0,
        },
        {
          "axis": "x",
          "kind": "outer",
          "nx": 0,
          "ny": -1,
          "roomA": 1,
          "roomB": -1,
          "thicknessFt": 1.5,
          "x": 27.5,
          "y": 0,
        },
        {
          "axis": "x",
          "kind": "outer",
          "nx": 0,
          "ny": -1,
          "roomA": 1,
          "roomB": -1,
          "thicknessFt": 1.5,
          "x": 32.5,
          "y": 0,
        },
        {
          "axis": "x",
          "kind": "outer",
          "nx": 0,
          "ny": -1,
          "roomA": 1,
          "roomB": -1,
          "thicknessFt": 1.5,
          "x": 37.5,
          "y": 0,
        },
        {
          "axis": "x",
          "kind": "outer",
          "nx": 0,
          "ny": -1,
          "roomA": 2,
          "roomB": -1,
          "thicknessFt": 1.5,
          "x": 42.5,
          "y": 0,
        },
        {
          "axis": "y",
          "kind": "outer",
          "nx": 1,
          "ny": 0,
          "roomA": 2,
          "roomB": -1,
          "thicknessFt": 1.5,
          "x": 50,
          "y": 2.5,
        },
        {
          "axis": "x",
          "kind": "outer",
          "nx": 0,
          "ny": -1,
          "roomA": 2,
          "roomB": -1,
          "thicknessFt": 1.5,
          "x": 47.5,
          "y": 0,
        },
        {
          "axis": "x",
          "kind": "inner",
          "nx": 0,
          "ny": 1,
          "roomA": 0,
          "roomB": 4,
          "thicknessFt": 0.5,
          "x": 17.5,
          "y": 10,
        },
        {
          "axis": "y",
          "kind": "outer",
          "nx": -1,
          "ny": 0,
          "roomA": 0,
          "roomB": -1,
          "thicknessFt": 1.5,
          "x": 15,
          "y": 7.5,
        },
        {
          "axis": "x",
          "kind": "inner",
          "nx": 0,
          "ny": 1,
          "roomA": 0,
          "roomB": 4,
          "thicknessFt": 0.5,
          "x": 22.5,
          "y": 10,
        },
        {
          "axis": "x",
          "kind": "inner",
          "nx": 0,
          "ny": 1,
          "roomA": 1,
          "roomB": 5,
          "thicknessFt": 0.5,
          "x": 27.5,
          "y": 10,
        },
        {
          "axis": "x",
          "kind": "inner",
          "nx": 0,
          "ny": 1,
          "roomA": 1,
          "roomB": 5,
          "thicknessFt": 0.5,
          "x": 32.5,
          "y": 10,
        },
        {
          "axis": "y",
          "kind": "inner",
          "nx": 1,
          "ny": 0,
          "roomA": 1,
          "roomB": 2,
          "thicknessFt": 0.5,
          "x": 40,
          "y": 7.5,
        },
        {
          "axis": "x",
          "kind": "inner",
          "nx": 0,
          "ny": 1,
          "roomA": 2,
          "roomB": 5,
          "thicknessFt": 0.5,
          "x": 42.5,
          "y": 10,
        },
        {
          "axis": "y",
          "kind": "outer",
          "nx": 1,
          "ny": 0,
          "roomA": 2,
          "roomB": -1,
          "thicknessFt": 1.5,
          "x": 50,
          "y": 7.5,
        },
        {
          "axis": "x",
          "kind": "inner",
          "nx": 0,
          "ny": 1,
          "roomA": 2,
          "roomB": 5,
          "thicknessFt": 0.5,
          "x": 47.5,
          "y": 10,
        },
        {
          "axis": "y",
          "kind": "outer",
          "nx": -1,
          "ny": 0,
          "roomA": 3,
          "roomB": -1,
          "thicknessFt": 1.5,
          "x": 0,
          "y": 12.5,
        },
        {
          "axis": "x",
          "kind": "outer",
          "nx": 0,
          "ny": -1,
          "roomA": 3,
          "roomB": -1,
          "thicknessFt": 1.5,
          "x": 2.5,
          "y": 10,
        },
        {
          "axis": "x",
          "kind": "inner",
          "nx": 0,
          "ny": 1,
          "roomA": 3,
          "roomB": 6,
          "thicknessFt": 0.5,
          "x": 7.5,
          "y": 15,
        },
        {
          "axis": "x",
          "kind": "outer",
          "nx": 0,
          "ny": -1,
          "roomA": 3,
          "roomB": -1,
          "thicknessFt": 1.5,
          "x": 7.5,
          "y": 10,
        },
        {
          "axis": "x",
          "kind": "inner",
          "nx": 0,
          "ny": 1,
          "roomA": 3,
          "roomB": 6,
          "thicknessFt": 0.5,
          "x": 12.5,
          "y": 15,
        },
        {
          "axis": "x",
          "kind": "outer",
          "nx": 0,
          "ny": -1,
          "roomA": 3,
          "roomB": -1,
          "thicknessFt": 1.5,
          "x": 12.5,
          "y": 10,
        },
        {
          "axis": "y",
          "kind": "outer",
          "nx": 1,
          "ny": 0,
          "roomA": 5,
          "roomB": -1,
          "thicknessFt": 1.5,
          "x": 50,
          "y": 12.5,
        },
        {
          "axis": "y",
          "kind": "outer",
          "nx": -1,
          "ny": 0,
          "roomA": 6,
          "roomB": -1,
          "thicknessFt": 1.5,
          "x": 0,
          "y": 17.5,
        },
        {
          "axis": "y",
          "kind": "inner",
          "nx": 1,
          "ny": 0,
          "roomA": 6,
          "roomB": 4,
          "thicknessFt": 0.5,
          "x": 15,
          "y": 17.5,
        },
        {
          "axis": "y",
          "kind": "inner",
          "nx": 1,
          "ny": 0,
          "roomA": 4,
          "roomB": 5,
          "thicknessFt": 0.5,
          "x": 25,
          "y": 17.5,
        },
        {
          "axis": "x",
          "kind": "outer",
          "nx": 0,
          "ny": 1,
          "roomA": 6,
          "roomB": -1,
          "thicknessFt": 1.5,
          "x": 2.5,
          "y": 25,
        },
        {
          "axis": "y",
          "kind": "outer",
          "nx": -1,
          "ny": 0,
          "roomA": 6,
          "roomB": -1,
          "thicknessFt": 1.5,
          "x": 0,
          "y": 22.5,
        },
        {
          "axis": "x",
          "kind": "outer",
          "nx": 0,
          "ny": 1,
          "roomA": 6,
          "roomB": -1,
          "thicknessFt": 1.5,
          "x": 7.5,
          "y": 25,
        },
        {
          "axis": "y",
          "kind": "inner",
          "nx": 1,
          "ny": 0,
          "roomA": 6,
          "roomB": 4,
          "thicknessFt": 0.5,
          "x": 15,
          "y": 22.5,
        },
        {
          "axis": "x",
          "kind": "outer",
          "nx": 0,
          "ny": 1,
          "roomA": 6,
          "roomB": -1,
          "thicknessFt": 1.5,
          "x": 12.5,
          "y": 25,
        },
        {
          "axis": "x",
          "kind": "inner",
          "nx": 0,
          "ny": 1,
          "roomA": 4,
          "roomB": 7,
          "thicknessFt": 0.5,
          "x": 17.5,
          "y": 25,
        },
        {
          "axis": "y",
          "kind": "inner",
          "nx": 1,
          "ny": 0,
          "roomA": 4,
          "roomB": 5,
          "thicknessFt": 0.5,
          "x": 25,
          "y": 22.5,
        },
        {
          "axis": "y",
          "kind": "outer",
          "nx": 1,
          "ny": 0,
          "roomA": 5,
          "roomB": -1,
          "thicknessFt": 1.5,
          "x": 50,
          "y": 22.5,
        },
        {
          "axis": "y",
          "kind": "outer",
          "nx": -1,
          "ny": 0,
          "roomA": 7,
          "roomB": -1,
          "thicknessFt": 1.5,
          "x": 15,
          "y": 27.5,
        },
        {
          "axis": "y",
          "kind": "inner",
          "nx": 1,
          "ny": 0,
          "roomA": 7,
          "roomB": 5,
          "thicknessFt": 0.5,
          "x": 25,
          "y": 27.5,
        },
        {
          "axis": "y",
          "kind": "outer",
          "nx": 1,
          "ny": 0,
          "roomA": 5,
          "roomB": -1,
          "thicknessFt": 1.5,
          "x": 50,
          "y": 27.5,
        },
        {
          "axis": "x",
          "kind": "outer",
          "nx": 0,
          "ny": 1,
          "roomA": 7,
          "roomB": -1,
          "thicknessFt": 1.5,
          "x": 17.5,
          "y": 35,
        },
        {
          "axis": "y",
          "kind": "outer",
          "nx": -1,
          "ny": 0,
          "roomA": 7,
          "roomB": -1,
          "thicknessFt": 1.5,
          "x": 15,
          "y": 32.5,
        },
        {
          "axis": "y",
          "kind": "inner",
          "nx": 1,
          "ny": 0,
          "roomA": 7,
          "roomB": 5,
          "thicknessFt": 0.5,
          "x": 25,
          "y": 32.5,
        },
        {
          "axis": "x",
          "kind": "outer",
          "nx": 0,
          "ny": 1,
          "roomA": 7,
          "roomB": -1,
          "thicknessFt": 1.5,
          "x": 22.5,
          "y": 35,
        },
        {
          "axis": "x",
          "kind": "outer",
          "nx": 0,
          "ny": 1,
          "roomA": 5,
          "roomB": -1,
          "thicknessFt": 1.5,
          "x": 27.5,
          "y": 35,
        },
        {
          "axis": "x",
          "kind": "outer",
          "nx": 0,
          "ny": 1,
          "roomA": 5,
          "roomB": -1,
          "thicknessFt": 1.5,
          "x": 32.5,
          "y": 35,
        },
        {
          "axis": "x",
          "kind": "outer",
          "nx": 0,
          "ny": 1,
          "roomA": 5,
          "roomB": -1,
          "thicknessFt": 1.5,
          "x": 37.5,
          "y": 35,
        },
        {
          "axis": "x",
          "kind": "outer",
          "nx": 0,
          "ny": 1,
          "roomA": 5,
          "roomB": -1,
          "thicknessFt": 1.5,
          "x": 42.5,
          "y": 35,
        },
        {
          "axis": "y",
          "kind": "outer",
          "nx": 1,
          "ny": 0,
          "roomA": 5,
          "roomB": -1,
          "thicknessFt": 1.5,
          "x": 50,
          "y": 32.5,
        },
        {
          "axis": "x",
          "kind": "outer",
          "nx": 0,
          "ny": 1,
          "roomA": 5,
          "roomB": -1,
          "thicknessFt": 1.5,
          "x": 47.5,
          "y": 35,
        },
      ],
      "windows": [
        {
          "axis": "x",
          "x": 32.5,
          "y": 0,
        },
        {
          "axis": "x",
          "x": 7.5,
          "y": 10,
        },
        {
          "axis": "x",
          "x": 27.5,
          "y": 35,
        },
        {
          "axis": "x",
          "x": 42.5,
          "y": 35,
        },
        {
          "axis": "x",
          "x": 22.5,
          "y": 0,
        },
        {
          "axis": "y",
          "x": 50,
          "y": 7.5,
        },
        {
          "axis": "x",
          "x": 7.5,
          "y": 25,
        },
        {
          "axis": "x",
          "x": 22.5,
          "y": 35,
        },
      ],
    },
    {
      "doors": [
        {
          "a": 0,
          "axis": "y",
          "b": 1,
          "isEntry": false,
          "openDir": {
            "nx": 1,
            "ny": 0,
          },
          "swingInto": 1,
          "x": 25,
          "y": 7.5,
        },
        {
          "a": 2,
          "axis": "y",
          "b": 0,
          "isEntry": false,
          "openDir": {
            "nx": 1,
            "ny": 0,
          },
          "swingInto": 0,
          "x": 15,
          "y": 12.5,
        },
        {
          "a": 0,
          "axis": "y",
          "b": 3,
          "isEntry": false,
          "openDir": {
            "nx": 1,
            "ny": 0,
          },
          "swingInto": 3,
          "x": 25,
          "y": 12.5,
        },
        {
          "a": 5,
          "axis": "x",
          "b": 0,
          "isEntry": false,
          "openDir": {
            "nx": 0,
            "ny": -1,
          },
          "swingInto": 0,
          "x": 22.5,
          "y": 20,
        },
        {
          "a": 4,
          "axis": "y",
          "b": 3,
          "isEntry": false,
          "openDir": {
            "nx": -1,
            "ny": 0,
          },
          "swingInto": 3,
          "x": 35,
          "y": 12.5,
        },
        {
          "a": 6,
          "axis": "y",
          "b": 3,
          "isEntry": false,
          "openDir": {
            "nx": -1,
            "ny": 0,
          },
          "swingInto": 3,
          "x": 35,
          "y": 27.5,
        },
      ],
      "furnishings": [
        {
          "kind": "bed",
          "roomId": 1,
          "rotation": 270,
          "x": 47.5,
          "y": 7.5,
        },
        {
          "kind": "chest",
          "roomId": 1,
          "rotation": 90,
          "x": 47.5,
          "y": 2.5,
        },
        {
          "kind": "bed",
          "roomId": 2,
          "rotation": 270,
          "x": 2.5,
          "y": 17.5,
        },
        {
          "kind": "chest",
          "roomId": 2,
          "rotation": 180,
          "x": 7.5,
          "y": 22.5,
        },
        {
          "kind": "bed",
          "roomId": 4,
          "rotation": 180,
          "x": 47.5,
          "y": 17.5,
        },
        {
          "kind": "bed",
          "roomId": 5,
          "rotation": 270,
          "x": 17.5,
          "y": 32.5,
        },
        {
          "kind": "bed",
          "roomId": 6,
          "rotation": 90,
          "x": 47.5,
          "y": 27.5,
        },
      ],
      "level": 1,
      "rooms": [
        {
          "anchor": {
            "cx": 3,
            "cy": 1,
          },
          "area": 8,
          "bbox": {
            "d": 20,
            "w": 10,
            "x": 15,
            "y": 0,
          },
          "cells": [
            {
              "cx": 3,
              "cy": 0,
            },
            {
              "cx": 4,
              "cy": 0,
            },
            {
              "cx": 3,
              "cy": 1,
            },
            {
              "cx": 4,
              "cy": 1,
            },
            {
              "cx": 3,
              "cy": 2,
            },
            {
              "cx": 4,
              "cy": 2,
            },
            {
              "cx": 3,
              "cy": 3,
            },
            {
              "cx": 4,
              "cy": 3,
            },
          ],
          "id": 0,
          "isCorridor": false,
          "isMain": false,
          "purpose": "bedroom",
        },
        {
          "anchor": {
            "cx": 7,
            "cy": 0,
          },
          "area": 10,
          "bbox": {
            "d": 10,
            "w": 25,
            "x": 25,
            "y": 0,
          },
          "cells": [
            {
              "cx": 5,
              "cy": 0,
            },
            {
              "cx": 6,
              "cy": 0,
            },
            {
              "cx": 7,
              "cy": 0,
            },
            {
              "cx": 8,
              "cy": 0,
            },
            {
              "cx": 9,
              "cy": 0,
            },
            {
              "cx": 5,
              "cy": 1,
            },
            {
              "cx": 6,
              "cy": 1,
            },
            {
              "cx": 7,
              "cy": 1,
            },
            {
              "cx": 8,
              "cy": 1,
            },
            {
              "cx": 9,
              "cy": 1,
            },
          ],
          "id": 1,
          "isCorridor": false,
          "isMain": true,
          "purpose": "bedroom",
        },
        {
          "anchor": {
            "cx": 1,
            "cy": 3,
          },
          "area": 8,
          "bbox": {
            "d": 15,
            "w": 15,
            "x": 0,
            "y": 10,
          },
          "cells": [
            {
              "cx": 0,
              "cy": 2,
            },
            {
              "cx": 1,
              "cy": 2,
            },
            {
              "cx": 2,
              "cy": 2,
            },
            {
              "cx": 0,
              "cy": 3,
            },
            {
              "cx": 1,
              "cy": 3,
            },
            {
              "cx": 2,
              "cy": 3,
            },
            {
              "cx": 0,
              "cy": 4,
            },
            {
              "cx": 1,
              "cy": 4,
            },
          ],
          "id": 2,
          "isCorridor": false,
          "isMain": false,
          "purpose": "guest-room",
        },
        {
          "anchor": {
            "cx": 5,
            "cy": 4,
          },
          "area": 10,
          "bbox": {
            "d": 25,
            "w": 10,
            "x": 25,
            "y": 10,
          },
          "cells": [
            {
              "cx": 5,
              "cy": 2,
            },
            {
              "cx": 6,
              "cy": 2,
            },
            {
              "cx": 5,
              "cy": 3,
            },
            {
              "cx": 6,
              "cy": 3,
            },
            {
              "cx": 5,
              "cy": 4,
            },
            {
              "cx": 6,
              "cy": 4,
            },
            {
              "cx": 5,
              "cy": 5,
            },
            {
              "cx": 6,
              "cy": 5,
            },
            {
              "cx": 5,
              "cy": 6,
            },
            {
              "cx": 6,
              "cy": 6,
            },
          ],
          "id": 3,
          "isCorridor": false,
          "isMain": false,
          "purpose": "bedroom",
        },
        {
          "anchor": {
            "cx": 8,
            "cy": 3,
          },
          "area": 9,
          "bbox": {
            "d": 15,
            "w": 15,
            "x": 35,
            "y": 10,
          },
          "cells": [
            {
              "cx": 7,
              "cy": 2,
            },
            {
              "cx": 8,
              "cy": 2,
            },
            {
              "cx": 9,
              "cy": 2,
            },
            {
              "cx": 7,
              "cy": 3,
            },
            {
              "cx": 8,
              "cy": 3,
            },
            {
              "cx": 9,
              "cy": 3,
            },
            {
              "cx": 7,
              "cy": 4,
            },
            {
              "cx": 8,
              "cy": 4,
            },
            {
              "cx": 9,
              "cy": 4,
            },
          ],
          "id": 4,
          "isCorridor": false,
          "isMain": false,
          "purpose": "bedroom",
        },
        {
          "anchor": {
            "cx": 3,
            "cy": 5,
          },
          "area": 7,
          "bbox": {
            "d": 15,
            "w": 15,
            "x": 10,
            "y": 20,
          },
          "cells": [
            {
              "cx": 2,
              "cy": 4,
            },
            {
              "cx": 3,
              "cy": 4,
            },
            {
              "cx": 4,
              "cy": 4,
            },
            {
              "cx": 3,
              "cy": 5,
            },
            {
              "cx": 4,
              "cy": 5,
            },
            {
              "cx": 3,
              "cy": 6,
            },
            {
              "cx": 4,
              "cy": 6,
            },
          ],
          "id": 5,
          "isCorridor": false,
          "isMain": false,
          "purpose": "guest-room",
        },
        {
          "anchor": {
            "cx": 8,
            "cy": 5,
          },
          "area": 6,
          "bbox": {
            "d": 10,
            "w": 15,
            "x": 35,
            "y": 25,
          },
          "cells": [
            {
              "cx": 7,
              "cy": 5,
            },
            {
              "cx": 8,
              "cy": 5,
            },
            {
              "cx": 9,
              "cy": 5,
            },
            {
              "cx": 7,
              "cy": 6,
            },
            {
              "cx": 8,
              "cy": 6,
            },
            {
              "cx": 9,
              "cy": 6,
            },
          ],
          "id": 6,
          "isCorridor": false,
          "isMain": false,
          "purpose": "bedroom",
        },
      ],
      "wallRuns": [
        {
          "axis": "x",
          "kind": "inner",
          "nx": 0,
          "ny": 1,
          "thicknessFt": 0.5,
          "x1": 25,
          "x2": 50,
          "y1": 10,
          "y2": 10,
        },
        {
          "axis": "x",
          "kind": "inner",
          "nx": 0,
          "ny": 1,
          "thicknessFt": 0.5,
          "x1": 10,
          "x2": 20,
          "y1": 20,
          "y2": 20,
        },
        {
          "axis": "x",
          "kind": "inner",
          "nx": 0,
          "ny": 1,
          "thicknessFt": 0.5,
          "x1": 35,
          "x2": 50,
          "y1": 25,
          "y2": 25,
        },
        {
          "axis": "x",
          "kind": "outer",
          "nx": 0,
          "ny": -1,
          "thicknessFt": 1.5,
          "x1": 15,
          "x2": 50,
          "y1": 0,
          "y2": 0,
        },
        {
          "axis": "x",
          "kind": "outer",
          "nx": 0,
          "ny": -1,
          "thicknessFt": 1.5,
          "x1": 0,
          "x2": 15,
          "y1": 10,
          "y2": 10,
        },
        {
          "axis": "x",
          "kind": "outer",
          "nx": 0,
          "ny": 1,
          "thicknessFt": 1.5,
          "x1": 0,
          "x2": 15,
          "y1": 25,
          "y2": 25,
        },
        {
          "axis": "x",
          "kind": "outer",
          "nx": 0,
          "ny": 1,
          "thicknessFt": 1.5,
          "x1": 15,
          "x2": 50,
          "y1": 35,
          "y2": 35,
        },
        {
          "axis": "y",
          "kind": "inner",
          "nx": 1,
          "ny": 0,
          "thicknessFt": 0.5,
          "x1": 10,
          "x2": 10,
          "y1": 20,
          "y2": 25,
        },
        {
          "axis": "y",
          "kind": "inner",
          "nx": 1,
          "ny": 0,
          "thicknessFt": 0.5,
          "x1": 15,
          "x2": 15,
          "y1": 15,
          "y2": 20,
        },
        {
          "axis": "y",
          "kind": "inner",
          "nx": 1,
          "ny": 0,
          "thicknessFt": 0.5,
          "x1": 25,
          "x2": 25,
          "y1": 0,
          "y2": 5,
        },
        {
          "axis": "y",
          "kind": "inner",
          "nx": 1,
          "ny": 0,
          "thicknessFt": 0.5,
          "x1": 25,
          "x2": 25,
          "y1": 15,
          "y2": 35,
        },
        {
          "axis": "y",
          "kind": "inner",
          "nx": 1,
          "ny": 0,
          "thicknessFt": 0.5,
          "x1": 35,
          "x2": 35,
          "y1": 15,
          "y2": 25,
        },
        {
          "axis": "y",
          "kind": "inner",
          "nx": 1,
          "ny": 0,
          "thicknessFt": 0.5,
          "x1": 35,
          "x2": 35,
          "y1": 30,
          "y2": 35,
        },
        {
          "axis": "y",
          "kind": "outer",
          "nx": -1,
          "ny": 0,
          "thicknessFt": 1.5,
          "x1": 0,
          "x2": 0,
          "y1": 10,
          "y2": 25,
        },
        {
          "axis": "y",
          "kind": "outer",
          "nx": -1,
          "ny": 0,
          "thicknessFt": 1.5,
          "x1": 15,
          "x2": 15,
          "y1": 0,
          "y2": 10,
        },
        {
          "axis": "y",
          "kind": "outer",
          "nx": -1,
          "ny": 0,
          "thicknessFt": 1.5,
          "x1": 15,
          "x2": 15,
          "y1": 25,
          "y2": 35,
        },
        {
          "axis": "y",
          "kind": "outer",
          "nx": 1,
          "ny": 0,
          "thicknessFt": 1.5,
          "x1": 50,
          "x2": 50,
          "y1": 0,
          "y2": 35,
        },
      ],
      "walls": [
        {
          "axis": "y",
          "kind": "outer",
          "nx": -1,
          "ny": 0,
          "roomA": 0,
          "roomB": -1,
          "thicknessFt": 1.5,
          "x": 15,
          "y": 2.5,
        },
        {
          "axis": "x",
          "kind": "outer",
          "nx": 0,
          "ny": -1,
          "roomA": 0,
          "roomB": -1,
          "thicknessFt": 1.5,
          "x": 17.5,
          "y": 0,
        },
        {
          "axis": "y",
          "kind": "inner",
          "nx": 1,
          "ny": 0,
          "roomA": 0,
          "roomB": 1,
          "thicknessFt": 0.5,
          "x": 25,
          "y": 2.5,
        },
        {
          "axis": "x",
          "kind": "outer",
          "nx": 0,
          "ny": -1,
          "roomA": 0,
          "roomB": -1,
          "thicknessFt": 1.5,
          "x": 22.5,
          "y": 0,
        },
        {
          "axis": "x",
          "kind": "outer",
          "nx": 0,
          "ny": -1,
          "roomA": 1,
          "roomB": -1,
          "thicknessFt": 1.5,
          "x": 27.5,
          "y": 0,
        },
        {
          "axis": "x",
          "kind": "outer",
          "nx": 0,
          "ny": -1,
          "roomA": 1,
          "roomB": -1,
          "thicknessFt": 1.5,
          "x": 32.5,
          "y": 0,
        },
        {
          "axis": "x",
          "kind": "outer",
          "nx": 0,
          "ny": -1,
          "roomA": 1,
          "roomB": -1,
          "thicknessFt": 1.5,
          "x": 37.5,
          "y": 0,
        },
        {
          "axis": "x",
          "kind": "outer",
          "nx": 0,
          "ny": -1,
          "roomA": 1,
          "roomB": -1,
          "thicknessFt": 1.5,
          "x": 42.5,
          "y": 0,
        },
        {
          "axis": "y",
          "kind": "outer",
          "nx": 1,
          "ny": 0,
          "roomA": 1,
          "roomB": -1,
          "thicknessFt": 1.5,
          "x": 50,
          "y": 2.5,
        },
        {
          "axis": "x",
          "kind": "outer",
          "nx": 0,
          "ny": -1,
          "roomA": 1,
          "roomB": -1,
          "thicknessFt": 1.5,
          "x": 47.5,
          "y": 0,
        },
        {
          "axis": "y",
          "kind": "outer",
          "nx": -1,
          "ny": 0,
          "roomA": 0,
          "roomB": -1,
          "thicknessFt": 1.5,
          "x": 15,
          "y": 7.5,
        },
        {
          "axis": "x",
          "kind": "inner",
          "nx": 0,
          "ny": 1,
          "roomA": 1,
          "roomB": 3,
          "thicknessFt": 0.5,
          "x": 27.5,
          "y": 10,
        },
        {
          "axis": "x",
          "kind": "inner",
          "nx": 0,
          "ny": 1,
          "roomA": 1,
          "roomB": 3,
          "thicknessFt": 0.5,
          "x": 32.5,
          "y": 10,
        },
        {
          "axis": "x",
          "kind": "inner",
          "nx": 0,
          "ny": 1,
          "roomA": 1,
          "roomB": 4,
          "thicknessFt": 0.5,
          "x": 37.5,
          "y": 10,
        },
        {
          "axis": "x",
          "kind": "inner",
          "nx": 0,
          "ny": 1,
          "roomA": 1,
          "roomB": 4,
          "thicknessFt": 0.5,
          "x": 42.5,
          "y": 10,
        },
        {
          "axis": "y",
          "kind": "outer",
          "nx": 1,
          "ny": 0,
          "roomA": 1,
          "roomB": -1,
          "thicknessFt": 1.5,
          "x": 50,
          "y": 7.5,
        },
        {
          "axis": "x",
          "kind": "inner",
          "nx": 0,
          "ny": 1,
          "roomA": 1,
          "roomB": 4,
          "thicknessFt": 0.5,
          "x": 47.5,
          "y": 10,
        },
        {
          "axis": "y",
          "kind": "outer",
          "nx": -1,
          "ny": 0,
          "roomA": 2,
          "roomB": -1,
          "thicknessFt": 1.5,
          "x": 0,
          "y": 12.5,
        },
        {
          "axis": "x",
          "kind": "outer",
          "nx": 0,
          "ny": -1,
          "roomA": 2,
          "roomB": -1,
          "thicknessFt": 1.5,
          "x": 2.5,
          "y": 10,
        },
        {
          "axis": "x",
          "kind": "outer",
          "nx": 0,
          "ny": -1,
          "roomA": 2,
          "roomB": -1,
          "thicknessFt": 1.5,
          "x": 7.5,
          "y": 10,
        },
        {
          "axis": "x",
          "kind": "outer",
          "nx": 0,
          "ny": -1,
          "roomA": 2,
          "roomB": -1,
          "thicknessFt": 1.5,
          "x": 12.5,
          "y": 10,
        },
        {
          "axis": "y",
          "kind": "outer",
          "nx": 1,
          "ny": 0,
          "roomA": 4,
          "roomB": -1,
          "thicknessFt": 1.5,
          "x": 50,
          "y": 12.5,
        },
        {
          "axis": "y",
          "kind": "outer",
          "nx": -1,
          "ny": 0,
          "roomA": 2,
          "roomB": -1,
          "thicknessFt": 1.5,
          "x": 0,
          "y": 17.5,
        },
        {
          "axis": "y",
          "kind": "inner",
          "nx": 1,
          "ny": 0,
          "roomA": 2,
          "roomB": 0,
          "thicknessFt": 0.5,
          "x": 15,
          "y": 17.5,
        },
        {
          "axis": "x",
          "kind": "inner",
          "nx": 0,
          "ny": 1,
          "roomA": 2,
          "roomB": 5,
          "thicknessFt": 0.5,
          "x": 12.5,
          "y": 20,
        },
        {
          "axis": "x",
          "kind": "inner",
          "nx": 0,
          "ny": 1,
          "roomA": 0,
          "roomB": 5,
          "thicknessFt": 0.5,
          "x": 17.5,
          "y": 20,
        },
        {
          "axis": "y",
          "kind": "inner",
          "nx": 1,
          "ny": 0,
          "roomA": 0,
          "roomB": 3,
          "thicknessFt": 0.5,
          "x": 25,
          "y": 17.5,
        },
        {
          "axis": "y",
          "kind": "inner",
          "nx": 1,
          "ny": 0,
          "roomA": 3,
          "roomB": 4,
          "thicknessFt": 0.5,
          "x": 35,
          "y": 17.5,
        },
        {
          "axis": "y",
          "kind": "outer",
          "nx": 1,
          "ny": 0,
          "roomA": 4,
          "roomB": -1,
          "thicknessFt": 1.5,
          "x": 50,
          "y": 17.5,
        },
        {
          "axis": "x",
          "kind": "outer",
          "nx": 0,
          "ny": 1,
          "roomA": 2,
          "roomB": -1,
          "thicknessFt": 1.5,
          "x": 2.5,
          "y": 25,
        },
        {
          "axis": "y",
          "kind": "outer",
          "nx": -1,
          "ny": 0,
          "roomA": 2,
          "roomB": -1,
          "thicknessFt": 1.5,
          "x": 0,
          "y": 22.5,
        },
        {
          "axis": "y",
          "kind": "inner",
          "nx": 1,
          "ny": 0,
          "roomA": 2,
          "roomB": 5,
          "thicknessFt": 0.5,
          "x": 10,
          "y": 22.5,
        },
        {
          "axis": "x",
          "kind": "outer",
          "nx": 0,
          "ny": 1,
          "roomA": 2,
          "roomB": -1,
          "thicknessFt": 1.5,
          "x": 7.5,
          "y": 25,
        },
        {
          "axis": "x",
          "kind": "outer",
          "nx": 0,
          "ny": 1,
          "roomA": 5,
          "roomB": -1,
          "thicknessFt": 1.5,
          "x": 12.5,
          "y": 25,
        },
        {
          "axis": "y",
          "kind": "inner",
          "nx": 1,
          "ny": 0,
          "roomA": 5,
          "roomB": 3,
          "thicknessFt": 0.5,
          "x": 25,
          "y": 22.5,
        },
        {
          "axis": "y",
          "kind": "inner",
          "nx": 1,
          "ny": 0,
          "roomA": 3,
          "roomB": 4,
          "thicknessFt": 0.5,
          "x": 35,
          "y": 22.5,
        },
        {
          "axis": "x",
          "kind": "inner",
          "nx": 0,
          "ny": 1,
          "roomA": 4,
          "roomB": 6,
          "thicknessFt": 0.5,
          "x": 37.5,
          "y": 25,
        },
        {
          "axis": "x",
          "kind": "inner",
          "nx": 0,
          "ny": 1,
          "roomA": 4,
          "roomB": 6,
          "thicknessFt": 0.5,
          "x": 42.5,
          "y": 25,
        },
        {
          "axis": "y",
          "kind": "outer",
          "nx": 1,
          "ny": 0,
          "roomA": 4,
          "roomB": -1,
          "thicknessFt": 1.5,
          "x": 50,
          "y": 22.5,
        },
        {
          "axis": "x",
          "kind": "inner",
          "nx": 0,
          "ny": 1,
          "roomA": 4,
          "roomB": 6,
          "thicknessFt": 0.5,
          "x": 47.5,
          "y": 25,
        },
        {
          "axis": "y",
          "kind": "outer",
          "nx": -1,
          "ny": 0,
          "roomA": 5,
          "roomB": -1,
          "thicknessFt": 1.5,
          "x": 15,
          "y": 27.5,
        },
        {
          "axis": "y",
          "kind": "inner",
          "nx": 1,
          "ny": 0,
          "roomA": 5,
          "roomB": 3,
          "thicknessFt": 0.5,
          "x": 25,
          "y": 27.5,
        },
        {
          "axis": "y",
          "kind": "outer",
          "nx": 1,
          "ny": 0,
          "roomA": 6,
          "roomB": -1,
          "thicknessFt": 1.5,
          "x": 50,
          "y": 27.5,
        },
        {
          "axis": "x",
          "kind": "outer",
          "nx": 0,
          "ny": 1,
          "roomA": 5,
          "roomB": -1,
          "thicknessFt": 1.5,
          "x": 17.5,
          "y": 35,
        },
        {
          "axis": "y",
          "kind": "outer",
          "nx": -1,
          "ny": 0,
          "roomA": 5,
          "roomB": -1,
          "thicknessFt": 1.5,
          "x": 15,
          "y": 32.5,
        },
        {
          "axis": "y",
          "kind": "inner",
          "nx": 1,
          "ny": 0,
          "roomA": 5,
          "roomB": 3,
          "thicknessFt": 0.5,
          "x": 25,
          "y": 32.5,
        },
        {
          "axis": "x",
          "kind": "outer",
          "nx": 0,
          "ny": 1,
          "roomA": 5,
          "roomB": -1,
          "thicknessFt": 1.5,
          "x": 22.5,
          "y": 35,
        },
        {
          "axis": "x",
          "kind": "outer",
          "nx": 0,
          "ny": 1,
          "roomA": 3,
          "roomB": -1,
          "thicknessFt": 1.5,
          "x": 27.5,
          "y": 35,
        },
        {
          "axis": "y",
          "kind": "inner",
          "nx": 1,
          "ny": 0,
          "roomA": 3,
          "roomB": 6,
          "thicknessFt": 0.5,
          "x": 35,
          "y": 32.5,
        },
        {
          "axis": "x",
          "kind": "outer",
          "nx": 0,
          "ny": 1,
          "roomA": 3,
          "roomB": -1,
          "thicknessFt": 1.5,
          "x": 32.5,
          "y": 35,
        },
        {
          "axis": "x",
          "kind": "outer",
          "nx": 0,
          "ny": 1,
          "roomA": 6,
          "roomB": -1,
          "thicknessFt": 1.5,
          "x": 37.5,
          "y": 35,
        },
        {
          "axis": "x",
          "kind": "outer",
          "nx": 0,
          "ny": 1,
          "roomA": 6,
          "roomB": -1,
          "thicknessFt": 1.5,
          "x": 42.5,
          "y": 35,
        },
        {
          "axis": "y",
          "kind": "outer",
          "nx": 1,
          "ny": 0,
          "roomA": 6,
          "roomB": -1,
          "thicknessFt": 1.5,
          "x": 50,
          "y": 32.5,
        },
        {
          "axis": "x",
          "kind": "outer",
          "nx": 0,
          "ny": 1,
          "roomA": 6,
          "roomB": -1,
          "thicknessFt": 1.5,
          "x": 47.5,
          "y": 35,
        },
      ],
      "windows": [
        {
          "axis": "x",
          "x": 22.5,
          "y": 0,
        },
        {
          "axis": "x",
          "x": 37.5,
          "y": 0,
        },
        {
          "axis": "x",
          "x": 7.5,
          "y": 25,
        },
        {
          "axis": "x",
          "x": 27.5,
          "y": 35,
        },
        {
          "axis": "x",
          "x": 37.5,
          "y": 35,
        },
        {
          "axis": "y",
          "x": 0,
          "y": 17.5,
        },
        {
          "axis": "y",
          "x": 50,
          "y": 7.5,
        },
        {
          "axis": "y",
          "x": 50,
          "y": 17.5,
        },
        {
          "axis": "y",
          "x": 50,
          "y": 27.5,
        },
        {
          "axis": "x",
          "x": 22.5,
          "y": 35,
        },
      ],
    },
  ],
  "footprintCells": [
    {
      "cx": 3,
      "cy": 0,
    },
    {
      "cx": 4,
      "cy": 0,
    },
    {
      "cx": 5,
      "cy": 0,
    },
    {
      "cx": 6,
      "cy": 0,
    },
    {
      "cx": 7,
      "cy": 0,
    },
    {
      "cx": 8,
      "cy": 0,
    },
    {
      "cx": 9,
      "cy": 0,
    },
    {
      "cx": 3,
      "cy": 1,
    },
    {
      "cx": 4,
      "cy": 1,
    },
    {
      "cx": 5,
      "cy": 1,
    },
    {
      "cx": 6,
      "cy": 1,
    },
    {
      "cx": 7,
      "cy": 1,
    },
    {
      "cx": 8,
      "cy": 1,
    },
    {
      "cx": 9,
      "cy": 1,
    },
    {
      "cx": 0,
      "cy": 2,
    },
    {
      "cx": 1,
      "cy": 2,
    },
    {
      "cx": 2,
      "cy": 2,
    },
    {
      "cx": 3,
      "cy": 2,
    },
    {
      "cx": 4,
      "cy": 2,
    },
    {
      "cx": 5,
      "cy": 2,
    },
    {
      "cx": 6,
      "cy": 2,
    },
    {
      "cx": 7,
      "cy": 2,
    },
    {
      "cx": 8,
      "cy": 2,
    },
    {
      "cx": 9,
      "cy": 2,
    },
    {
      "cx": 0,
      "cy": 3,
    },
    {
      "cx": 1,
      "cy": 3,
    },
    {
      "cx": 2,
      "cy": 3,
    },
    {
      "cx": 3,
      "cy": 3,
    },
    {
      "cx": 4,
      "cy": 3,
    },
    {
      "cx": 5,
      "cy": 3,
    },
    {
      "cx": 6,
      "cy": 3,
    },
    {
      "cx": 7,
      "cy": 3,
    },
    {
      "cx": 8,
      "cy": 3,
    },
    {
      "cx": 9,
      "cy": 3,
    },
    {
      "cx": 0,
      "cy": 4,
    },
    {
      "cx": 1,
      "cy": 4,
    },
    {
      "cx": 2,
      "cy": 4,
    },
    {
      "cx": 3,
      "cy": 4,
    },
    {
      "cx": 4,
      "cy": 4,
    },
    {
      "cx": 5,
      "cy": 4,
    },
    {
      "cx": 6,
      "cy": 4,
    },
    {
      "cx": 7,
      "cy": 4,
    },
    {
      "cx": 8,
      "cy": 4,
    },
    {
      "cx": 9,
      "cy": 4,
    },
    {
      "cx": 3,
      "cy": 5,
    },
    {
      "cx": 4,
      "cy": 5,
    },
    {
      "cx": 5,
      "cy": 5,
    },
    {
      "cx": 6,
      "cy": 5,
    },
    {
      "cx": 7,
      "cy": 5,
    },
    {
      "cx": 8,
      "cy": 5,
    },
    {
      "cx": 9,
      "cy": 5,
    },
    {
      "cx": 3,
      "cy": 6,
    },
    {
      "cx": 4,
      "cy": 6,
    },
    {
      "cx": 5,
      "cy": 6,
    },
    {
      "cx": 6,
      "cy": 6,
    },
    {
      "cx": 7,
      "cy": 6,
    },
    {
      "cx": 8,
      "cy": 6,
    },
    {
      "cx": 9,
      "cy": 6,
    },
  ],
  "frontage": {
    "entryX": 50,
    "entryY": 17.5,
    "side": "minY",
  },
  "masses": [
    {
      "h": 7,
      "kind": "main",
      "w": 7,
      "x": 3,
      "y": 0,
    },
    {
      "h": 3,
      "kind": "wing",
      "w": 4,
      "x": 0,
      "y": 2,
    },
  ],
  "stairs": [
    {
      "fromLevel": -1,
      "x": 37.5,
      "y": 22.5,
    },
    {
      "fromLevel": 0,
      "x": 37.5,
      "y": 22.5,
    },
  ],
  "type": "tavern",
  "widthFt": 50,
}
`;
