// Vitest Snapshot v1, https://vitest.dev/guide/snapshot.html

exports[`matches the frozen golden for the fixed house plot > house-interior-golden 1`] = `
{
  "depthFt": 45,
  "doorways": [
    {
      "a": -1,
      "axis": "x",
      "b": 2,
      "x": 35,
      "y": 0,
    },
    {
      "a": 0,
      "axis": "x",
      "b": 1,
      "x": 15,
      "y": 25,
    },
    {
      "a": 2,
      "axis": "x",
      "b": 3,
      "x": 35,
      "y": 20,
    },
    {
      "a": 0,
      "axis": "y",
      "b": 2,
      "x": 25,
      "y": 10,
    },
    {
      "a": 4,
      "axis": "x",
      "b": 5,
      "x": 55,
      "y": 25,
    },
    {
      "a": 2,
      "axis": "y",
      "b": 4,
      "x": 45,
      "y": 10,
    },
  ],
  "furnishings": [
    {
      "kind": "barrel",
      "roomId": 0,
      "rotation": 0,
      "x": 2.5,
      "y": 2.5,
    },
    {
      "kind": "bed",
      "roomId": 1,
      "rotation": 180,
      "x": 5,
      "y": 40,
    },
    {
      "kind": "chest",
      "roomId": 1,
      "rotation": 0,
      "x": 5,
      "y": 27.5,
    },
    {
      "kind": "table",
      "roomId": 2,
      "rotation": 0,
      "x": 35,
      "y": 10,
    },
    {
      "kind": "barrel",
      "roomId": 3,
      "rotation": 0,
      "x": 27.5,
      "y": 22.5,
    },
    {
      "kind": "crate",
      "roomId": 3,
      "rotation": 0,
      "x": 42.5,
      "y": 42.5,
    },
    {
      "kind": "bed",
      "roomId": 4,
      "rotation": 180,
      "x": 50,
      "y": 20,
    },
    {
      "kind": "chest",
      "roomId": 4,
      "rotation": 0,
      "x": 50,
      "y": 2.5,
    },
    {
      "kind": "bed",
      "roomId": 5,
      "rotation": 180,
      "x": 50,
      "y": 40,
    },
    {
      "kind": "chest",
      "roomId": 5,
      "rotation": 0,
      "x": 50,
      "y": 27.5,
    },
  ],
  "plotId": 7,
  "rooms": [
    {
      "d": 25,
      "id": 0,
      "role": "kitchen",
      "w": 25,
      "x": 0,
      "y": 0,
    },
    {
      "d": 20,
      "id": 1,
      "role": "bedroom",
      "w": 25,
      "x": 0,
      "y": 25,
    },
    {
      "d": 20,
      "id": 2,
      "role": "hall",
      "w": 20,
      "x": 25,
      "y": 0,
    },
    {
      "d": 25,
      "id": 3,
      "role": "storage",
      "w": 20,
      "x": 25,
      "y": 20,
    },
    {
      "d": 25,
      "id": 4,
      "role": "bedroom",
      "w": 15,
      "x": 45,
      "y": 0,
    },
    {
      "d": 20,
      "id": 5,
      "role": "bedroom",
      "w": 15,
      "x": 45,
      "y": 25,
    },
  ],
  "stairs": [],
  "storeys": 1,
  "upperFloors": [],
  "widthFt": 60,
}
`;
